../Core/Src/main.c:88:6:USB_CDC_RxHandler	24	static
../Core/Src/main.c:125:5:main	120	static
../Core/Src/main.c:266:6:SystemClock_Config	120	static
../Core/Src/main.c:329:6:PeriphCommonClock_Config	200	static
../Core/Src/main.c:348:13:MX_ADC1_Init	48	static
../Core/Src/main.c:416:13:MX_ADC2_Init	40	static
../Core/Src/main.c:475:13:MX_DCMI_Init	8	static
../Core/Src/main.c:512:13:MX_I2C2_Init	8	static
../Core/Src/main.c:560:13:MX_SPI4_Init	8	static
../Core/Src/main.c:606:13:MX_DMA_Init	16	static
../Core/Src/main.c:630:13:MX_GPIO_Init	56	static
../Core/Src/main.c:720:6:HAL_GPIO_EXTI_Callback	16	static
../Core/Src/main.c:730:6:MPU_Config	24	static
../Core/Src/main.c:761:6:Error_Handler	4	static,ignoring_inline_asm
