../Core/Src/main.c:93:6:USB_CDC_RxHandler	24	static
../Core/Src/main.c:130:5:main	16	static
../Core/Src/main.c:277:6:SystemClock_Config	120	static
../Core/Src/main.c:340:6:PeriphCommonClock_Config	200	static
../Core/Src/main.c:359:13:MX_ADC1_Init	48	static
../Core/Src/main.c:427:13:MX_ADC2_Init	40	static
../Core/Src/main.c:486:13:MX_DCMI_Init	8	static
../Core/Src/main.c:523:13:MX_I2C2_Init	8	static
../Core/Src/main.c:571:13:MX_SPI4_Init	8	static
../Core/Src/main.c:617:13:MX_DMA_Init	16	static
../Core/Src/main.c:641:13:MX_GPIO_Init	56	static
../Core/Src/main.c:731:6:HAL_GPIO_EXTI_Callback	16	static
../Core/Src/main.c:741:6:MPU_Config	24	static
../Core/Src/main.c:772:6:Error_Handler	4	static,ignoring_inline_asm
