../Core/Src/radio.c:3:6:radio_power_up	40	static
../Core/Src/radio.c:126:6:radio_pins	32	static
../Core/Src/radio.c:132:6:radio_TCXO	32	static
../Core/Src/radio.c:138:6:radio_global	32	static
../Core/Src/radio.c:144:6:radio_interrupts	32	static
../Core/Src/radio.c:150:6:radio_fast_registers	32	static
../Core/Src/radio.c:156:6:radio_Tx	48	static
../Core/Src/radio.c:162:6:radio_sync	48	static
../Core/Src/radio.c:168:6:radio_packet_CRC	48	static
../Core/Src/radio.c:174:6:radio_Rx_thr	48	static
../Core/Src/radio.c:180:6:radio_Rx_CRC_1	40	static
../Core/Src/radio.c:186:6:radio_Rx_CRC_2	40	static
../Core/Src/radio.c:192:6:radio_Rx_CRC_3	32	static
../Core/Src/radio.c:198:6:radio_Rx_CRC_seed	32	static
../Core/Src/radio.c:204:6:radio_mod	48	static
../Core/Src/radio.c:210:6:radio_freq_dev	32	static
../Core/Src/radio.c:216:6:radio_Tx_ramp	48	static
../Core/Src/radio.c:222:6:radio_NCO_offset	48	static
../Core/Src/radio.c:228:6:radio_AFC	32	static
../Core/Src/radio.c:234:6:radio_AGC_1	32	static
../Core/Src/radio.c:240:6:radio_AGC_2	48	static
../Core/Src/radio.c:246:6:radio_RAW	48	static
../Core/Src/radio.c:252:6:radio_search_period	32	static
../Core/Src/radio.c:258:6:radio_GFSK_thr	32	static
../Core/Src/radio.c:264:6:radio_RSSI_thr	32	static
../Core/Src/radio.c:270:6:radio_RSSI_att	32	static
../Core/Src/radio.c:276:6:radio_Rx_filter_1	48	static
../Core/Src/radio.c:282:6:radio_Rx_filter_2	48	static
../Core/Src/radio.c:288:6:radio_Rx_filter_3	48	static
../Core/Src/radio.c:294:6:radio_PA_1	32	static
../Core/Src/radio.c:300:6:radio_PA_2	32	static
../Core/Src/radio.c:306:6:radio_masks	40	static
../Core/Src/radio.c:312:6:radio_PLL	32	static
../Core/Src/radio.c:319:6:radio_mode_Rx	24	static
../Core/Src/radio.c:326:6:radio_mode_Tx	24	static
