Archive member included to satisfy reference by file (symbol)

C:/ST/STM32CubeIDE_1.17.0/STM32CubeIDE/plugins/com.st.stm32cube.ide.mcu.externaltools.gnu-tools-for-stm32.13.3.rel1.win32_1.0.0.202411081344/tools/bin/../lib/gcc/arm-none-eabi/13.3.1/../../../../arm-none-eabi/lib/thumb/v7e-m+dp/hard\libc_nano.a(libc_a-exit.o)
                              C:/ST/STM32CubeIDE_1.17.0/STM32CubeIDE/plugins/com.st.stm32cube.ide.mcu.externaltools.gnu-tools-for-stm32.13.3.rel1.win32_1.0.0.202411081344/tools/bin/../lib/gcc/arm-none-eabi/13.3.1/../../../../arm-none-eabi/lib/thumb/v7e-m+dp/hard/crt0.o (exit)
C:/ST/STM32CubeIDE_1.17.0/STM32CubeIDE/plugins/com.st.stm32cube.ide.mcu.externaltools.gnu-tools-for-stm32.13.3.rel1.win32_1.0.0.202411081344/tools/bin/../lib/gcc/arm-none-eabi/13.3.1/../../../../arm-none-eabi/lib/thumb/v7e-m+dp/hard\libc_nano.a(libc_a-findfp.o)
                              C:/ST/STM32CubeIDE_1.17.0/STM32CubeIDE/plugins/com.st.stm32cube.ide.mcu.externaltools.gnu-tools-for-stm32.13.3.rel1.win32_1.0.0.202411081344/tools/bin/../lib/gcc/arm-none-eabi/13.3.1/../../../../arm-none-eabi/lib/thumb/v7e-m+dp/hard\libc_nano.a(libc_a-exit.o) (__stdio_exit_handler)
C:/ST/STM32CubeIDE_1.17.0/STM32CubeIDE/plugins/com.st.stm32cube.ide.mcu.externaltools.gnu-tools-for-stm32.13.3.rel1.win32_1.0.0.202411081344/tools/bin/../lib/gcc/arm-none-eabi/13.3.1/../../../../arm-none-eabi/lib/thumb/v7e-m+dp/hard\libc_nano.a(libc_a-fwalk.o)
                              C:/ST/STM32CubeIDE_1.17.0/STM32CubeIDE/plugins/com.st.stm32cube.ide.mcu.externaltools.gnu-tools-for-stm32.13.3.rel1.win32_1.0.0.202411081344/tools/bin/../lib/gcc/arm-none-eabi/13.3.1/../../../../arm-none-eabi/lib/thumb/v7e-m+dp/hard\libc_nano.a(libc_a-findfp.o) (_fwalk_sglue)
C:/ST/STM32CubeIDE_1.17.0/STM32CubeIDE/plugins/com.st.stm32cube.ide.mcu.externaltools.gnu-tools-for-stm32.13.3.rel1.win32_1.0.0.202411081344/tools/bin/../lib/gcc/arm-none-eabi/13.3.1/../../../../arm-none-eabi/lib/thumb/v7e-m+dp/hard\libc_nano.a(libc_a-sprintf.o)
                              ./Core/Src/routines.o (sprintf)
C:/ST/STM32CubeIDE_1.17.0/STM32CubeIDE/plugins/com.st.stm32cube.ide.mcu.externaltools.gnu-tools-for-stm32.13.3.rel1.win32_1.0.0.202411081344/tools/bin/../lib/gcc/arm-none-eabi/13.3.1/../../../../arm-none-eabi/lib/thumb/v7e-m+dp/hard\libc_nano.a(libc_a-stdio.o)
                              C:/ST/STM32CubeIDE_1.17.0/STM32CubeIDE/plugins/com.st.stm32cube.ide.mcu.externaltools.gnu-tools-for-stm32.13.3.rel1.win32_1.0.0.202411081344/tools/bin/../lib/gcc/arm-none-eabi/13.3.1/../../../../arm-none-eabi/lib/thumb/v7e-m+dp/hard\libc_nano.a(libc_a-findfp.o) (__sread)
C:/ST/STM32CubeIDE_1.17.0/STM32CubeIDE/plugins/com.st.stm32cube.ide.mcu.externaltools.gnu-tools-for-stm32.13.3.rel1.win32_1.0.0.202411081344/tools/bin/../lib/gcc/arm-none-eabi/13.3.1/../../../../arm-none-eabi/lib/thumb/v7e-m+dp/hard\libc_nano.a(libc_a-memset.o)
                              C:/ST/STM32CubeIDE_1.17.0/STM32CubeIDE/plugins/com.st.stm32cube.ide.mcu.externaltools.gnu-tools-for-stm32.13.3.rel1.win32_1.0.0.202411081344/tools/bin/../lib/gcc/arm-none-eabi/13.3.1/../../../../arm-none-eabi/lib/thumb/v7e-m+dp/hard/crt0.o (memset)
C:/ST/STM32CubeIDE_1.17.0/STM32CubeIDE/plugins/com.st.stm32cube.ide.mcu.externaltools.gnu-tools-for-stm32.13.3.rel1.win32_1.0.0.202411081344/tools/bin/../lib/gcc/arm-none-eabi/13.3.1/../../../../arm-none-eabi/lib/thumb/v7e-m+dp/hard\libc_nano.a(libc_a-closer.o)
                              C:/ST/STM32CubeIDE_1.17.0/STM32CubeIDE/plugins/com.st.stm32cube.ide.mcu.externaltools.gnu-tools-for-stm32.13.3.rel1.win32_1.0.0.202411081344/tools/bin/../lib/gcc/arm-none-eabi/13.3.1/../../../../arm-none-eabi/lib/thumb/v7e-m+dp/hard\libc_nano.a(libc_a-stdio.o) (_close_r)
C:/ST/STM32CubeIDE_1.17.0/STM32CubeIDE/plugins/com.st.stm32cube.ide.mcu.externaltools.gnu-tools-for-stm32.13.3.rel1.win32_1.0.0.202411081344/tools/bin/../lib/gcc/arm-none-eabi/13.3.1/../../../../arm-none-eabi/lib/thumb/v7e-m+dp/hard\libc_nano.a(libc_a-reent.o)
                              C:/ST/STM32CubeIDE_1.17.0/STM32CubeIDE/plugins/com.st.stm32cube.ide.mcu.externaltools.gnu-tools-for-stm32.13.3.rel1.win32_1.0.0.202411081344/tools/bin/../lib/gcc/arm-none-eabi/13.3.1/../../../../arm-none-eabi/lib/thumb/v7e-m+dp/hard\libc_nano.a(libc_a-closer.o) (errno)
C:/ST/STM32CubeIDE_1.17.0/STM32CubeIDE/plugins/com.st.stm32cube.ide.mcu.externaltools.gnu-tools-for-stm32.13.3.rel1.win32_1.0.0.202411081344/tools/bin/../lib/gcc/arm-none-eabi/13.3.1/../../../../arm-none-eabi/lib/thumb/v7e-m+dp/hard\libc_nano.a(libc_a-impure.o)
                              C:/ST/STM32CubeIDE_1.17.0/STM32CubeIDE/plugins/com.st.stm32cube.ide.mcu.externaltools.gnu-tools-for-stm32.13.3.rel1.win32_1.0.0.202411081344/tools/bin/../lib/gcc/arm-none-eabi/13.3.1/../../../../arm-none-eabi/lib/thumb/v7e-m+dp/hard\libc_nano.a(libc_a-sprintf.o) (_impure_ptr)
[...]
Memory Configuration

Name             Origin             Length             Attributes
ITCMRAM          0x00000000         0x00010000         xrw
FLASH            0x08000000         0x00200000         xr
DTCMRAM1         0x20000000         0x00010000         xrw
DTCMRAM2         0x20010000         0x00010000         xrw
RAM              0x24000000         0x00100000         xrw
RAM_CD           0x30000000         0x00020000         xrw
RAM_SRD          0x38000000         0x00008000         xrw
*default*        0x00000000         0xffffffff

Linker script and memory map

LOAD C:/ST/STM32CubeIDE_1.17.0/STM32CubeIDE/plugins/com.st.stm32cube.ide.mcu.externaltools.gnu-tools-for-stm32.13.3.rel1.win32_1.0.0.202411081344/tools/bin/../lib/gcc/arm-none-eabi/13.3.1/thumb/v7e-m+dp/hard/crti.o
LOAD C:/ST/STM32CubeIDE_1.17.0/STM32CubeIDE/plugins/com.st.stm32cube.ide.mcu.externaltools.gnu-tools-for-stm32.13.3.rel1.win32_1.0.0.202411081344/tools/bin/../lib/gcc/arm-none-eabi/13.3.1/thumb/v7e-m+dp/hard/crtbegin.o
LOAD C:/ST/STM32CubeIDE_1.17.0/STM32CubeIDE/plugins/com.st.stm32cube.ide.mcu.externaltools.gnu-tools-for-stm32.13.3.rel1.win32_1.0.0.202411081344/tools/bin/../lib/gcc/arm-none-eabi/13.3.1/../../../../arm-none-eabi/lib/thumb/v7e-m+dp/hard/crt0.o
LOAD ./Core/Src/comms.o
LOAD ./Core/Src/eps.o
LOAD ./Core/Src/main.o
LOAD ./Core/Src/radio.o
LOAD ./Core/Src/routines.o
LOAD ./Core/Src/stm32h7xx_hal_msp.o
LOAD ./Core/Src/stm32h7xx_it.o
LOAD ./Core/Src/syscalls.o
LOAD ./Core/Src/sysmem.o
LOAD ./Core/Src/system_stm32h7xx.o
LOAD ./Core/Startup/startup_stm32h7a3vitx.o
LOAD ./Drivers/STM32H7xx_HAL_Driver/Src/stm32h7xx_hal.o
LOAD ./Drivers/STM32H7xx_HAL_Driver/Src/stm32h7xx_hal_adc.o
LOAD ./Drivers/STM32H7xx_HAL_Driver/Src/stm32h7xx_hal_adc_ex.o
LOAD ./Drivers/STM32H7xx_HAL_Driver/Src/stm32h7xx_hal_cortex.o
LOAD ./Drivers/STM32H7xx_HAL_Driver/Src/stm32h7xx_hal_dcmi.o
LOAD ./Drivers/STM32H7xx_HAL_Driver/Src/stm32h7xx_hal_dma.o
LOAD ./Drivers/STM32H7xx_HAL_Driver/Src/stm32h7xx_hal_dma_ex.o
LOAD ./Drivers/STM32H7xx_HAL_Driver/Src/stm32h7xx_hal_exti.o
LOAD ./Drivers/STM32H7xx_HAL_Driver/Src/stm32h7xx_hal_flash.o
LOAD ./Drivers/STM32H7xx_HAL_Driver/Src/stm32h7xx_hal_flash_ex.o
LOAD ./Drivers/STM32H7xx_HAL_Driver/Src/stm32h7xx_hal_gpio.o
LOAD ./Drivers/STM32H7xx_HAL_Driver/Src/stm32h7xx_hal_hsem.o
LOAD ./Drivers/STM32H7xx_HAL_Driver/Src/stm32h7xx_hal_i2c.o
LOAD ./Drivers/STM32H7xx_HAL_Driver/Src/stm32h7xx_hal_i2c_ex.o
LOAD ./Drivers/STM32H7xx_HAL_Driver/Src/stm32h7xx_hal_mdma.o
LOAD ./Drivers/STM32H7xx_HAL_Driver/Src/stm32h7xx_hal_pcd.o
LOAD ./Drivers/STM32H7xx_HAL_Driver/Src/stm32h7xx_hal_pcd_ex.o
LOAD ./Drivers/STM32H7xx_HAL_Driver/Src/stm32h7xx_hal_pwr.o
LOAD ./Drivers/STM32H7xx_HAL_Driver/Src/stm32h7xx_hal_pwr_ex.o
LOAD ./Drivers/STM32H7xx_HAL_Driver/Src/stm32h7xx_hal_rcc.o
LOAD ./Drivers/STM32H7xx_HAL_Driver/Src/stm32h7xx_hal_rcc_ex.o
LOAD ./Drivers/STM32H7xx_HAL_Driver/Src/stm32h7xx_hal_spi.o
LOAD ./Drivers/STM32H7xx_HAL_Driver/Src/stm32h7xx_hal_spi_ex.o
LOAD ./Drivers/STM32H7xx_HAL_Driver/Src/stm32h7xx_ll_usb.o
LOAD ./Middlewares/ST/STM32_USB_Device_Library/Class/CDC/Src/usbd_cdc.o
LOAD ./Middlewares/ST/STM32_USB_Device_Library/Core/Src/usbd_core.o
LOAD ./Middlewares/ST/STM32_USB_Device_Library/Core/Src/usbd_ctlreq.o
LOAD ./Middlewares/ST/STM32_USB_Device_Library/Core/Src/usbd_ioreq.o
LOAD ./USB_DEVICE/App/usb_device.o
LOAD ./USB_DEVICE/App/usbd_cdc_if.o
LOAD ./USB_DEVICE/App/usbd_desc.o
LOAD ./USB_DEVICE/Target/usbd_conf.o
START GROUP
LOAD C:/ST/STM32CubeIDE_1.17.0/STM32CubeIDE/plugins/com.st.stm32cube.ide.mcu.externaltools.gnu-tools-for-stm32.13.3.rel1.win32_1.0.0.202411081344/tools/bin/../lib/gcc/arm-none-eabi/13.3.1/../../../../arm-none-eabi/lib/thumb/v7e-m+dp/hard\libc_nano.a
LOAD C:/ST/STM32CubeIDE_1.17.0/STM32CubeIDE/plugins/com.st.stm32cube.ide.mcu.externaltools.gnu-tools-for-stm32.13.3.rel1.win32_1.0.0.202411081344/tools/bin/../lib/gcc/arm-none-eabi/13.3.1/../../../../arm-none-eabi/lib/thumb/v7e-m+dp/hard\libm.a
END GROUP
START GROUP
LOAD C:/ST/STM32CubeIDE_1.17.0/STM32CubeIDE/plugins/com.st.stm32cube.ide.mcu.externaltools.gnu-tools-for-stm32.13.3.rel1.win32_1.0.0.202411081344/tools/bin/../lib/gcc/arm-none-eabi/13.3.1/thumb/v7e-m+dp/hard\libgcc.a
LOAD C:/ST/STM32CubeIDE_1.17.0/STM32CubeIDE/plugins/com.st.stm32cube.ide.mcu.externaltools.gnu-tools-for-stm32.13.3.rel1.win32_1.0.0.202411081344/tools/bin/../lib/gcc/arm-none-eabi/13.3.1/../../../../arm-none-eabi/lib/thumb/v7e-m+dp/hard\libc_nano.a
END GROUP
START GROUP
LOAD C:/ST/STM32CubeIDE_1.17.0/STM32CubeIDE/plugins/com.st.stm32cube.ide.mcu.externaltools.gnu-tools-for-stm32.13.3.rel1.win32_1.0.0.202411081344/tools/bin/../lib/gcc/arm-none-eabi/13.3.1/thumb/v7e-m+dp/hard\libgcc.a
LOAD C:/ST/STM32CubeIDE_1.17.0/STM32CubeIDE/plugins/com.st.stm32cube.ide.mcu.externaltools.gnu-tools-for-stm32.13.3.rel1.win32_1.0.0.202411081344/tools/bin/../lib/gcc/arm-none-eabi/13.3.1/../../../../arm-none-eabi/lib/thumb/v7e-m+dp/hard\libc_nano.a
LOAD C:/ST/STM32CubeIDE_1.17.0/STM32CubeIDE/plugins/com.st.stm32cube.ide.mcu.externaltools.gnu-tools-for-stm32.13.3.rel1.win32_1.0.0.202411081344/tools/bin/../lib/gcc/arm-none-eabi/13.3.1/../../../../arm-none-eabi/lib/thumb/v7e-m+dp/hard\libnosys.a
END GROUP
START GROUP
LOAD C:/ST/STM32CubeIDE_1.17.0/STM32CubeIDE/plugins/com.st.stm32cube.ide.mcu.externaltools.gnu-tools-for-stm32.13.3.rel1.win32_1.0.0.202411081344/tools/bin/../lib/gcc/arm-none-eabi/13.3.1/thumb/v7e-m+dp/hard\libgcc.a
LOAD C:/ST/STM32CubeIDE_1.17.0/STM32CubeIDE/plugins/com.st.stm32cube.ide.mcu.externaltools.gnu-tools-for-stm32.13.3.rel1.win32_1.0.0.202411081344/tools/bin/../lib/gcc/arm-none-eabi/13.3.1/../../../../arm-none-eabi/lib/thumb/v7e-m+dp/hard\libc_nano.a
LOAD C:/ST/STM32CubeIDE_1.17.0/STM32CubeIDE/plugins/com.st.stm32cube.ide.mcu.externaltools.gnu-tools-for-stm32.13.3.rel1.win32_1.0.0.202411081344/tools/bin/../lib/gcc/arm-none-eabi/13.3.1/../../../../arm-none-eabi/lib/thumb/v7e-m+dp/hard\libnosys.a
END GROUP
LOAD C:/ST/STM32CubeIDE_1.17.0/STM32CubeIDE/plugins/com.st.stm32cube.ide.mcu.externaltools.gnu-tools-for-stm32.13.3.rel1.win32_1.0.0.202411081344/tools/bin/../lib/gcc/arm-none-eabi/13.3.1/thumb/v7e-m+dp/hard/crtend.o
LOAD C:/ST/STM32CubeIDE_1.17.0/STM32CubeIDE/plugins/com.st.stm32cube.ide.mcu.externaltools.gnu-tools-for-stm32.13.3.rel1.win32_1.0.0.202411081344/tools/bin/../lib/gcc/arm-none-eabi/13.3.1/thumb/v7e-m+dp/hard/crtn.o
                0x24100000                        _estack = (ORIGIN (RAM) + LENGTH (RAM))
                0x00000200                        _Min_Heap_Size = 0x200
                0x00000400                        _Min_Stack_Size = 0x400

.isr_vector     0x08000000      0x2ac
                0x08000000                        . = ALIGN (0x4)
 *(.isr_vector)
 .isr_vector    0x08000000      0x2ac ./Core/Startup/startup_stm32h7a3vitx.o
                0x08000000                g_pfnVectors
                0x080002ac                        . = ALIGN (0x4)

.text           0x080002b0    0x11370
                0x080002b0                        . = ALIGN (0x4)
 *(.text)
 .text          0x080002b0       0x40 C:/ST/STM32CubeIDE_1.17.0/STM32CubeIDE/plugins/com.st.stm32cube.ide.mcu.externaltools.gnu-tools-for-stm32.13.3.rel1.win32_1.0.0.202411081344/tools/bin/../lib/gcc/arm-none-eabi/13.3.1/thumb/v7e-m+dp/hard/crtbegin.o
 .text          0x080002f0       0xa0 C:/ST/STM32CubeIDE_1.17.0/STM32CubeIDE/plugins/com.st.stm32cube.ide.mcu.externaltools.gnu-tools-for-stm32.13.3.rel1.win32_1.0.0.202411081344/tools/bin/../lib/gcc/arm-none-eabi/13.3.1/../../../../arm-none-eabi/lib/thumb/v7e-m+dp/hard\libc_nano.a(libc_a-memchr.o)
                0x080002f0                memchr
 *(.text*)
 .text.I2C_write
                0x08000390       0x44 ./Core/Src/comms.o
                0x08000390                I2C_write
 .text.I2C_read
                0x080003d4       0x64 ./Core/Src/comms.o
                0x080003d4                I2C_read
 .text.close_SPI
                0x08000438      0x140 ./Core/Src/comms.o
                0x08000438                close_SPI
 .text.HAL_SPI_TxCpltCallback
                0x08000578       0x20 ./Core/Src/comms.o
                0x08000578                HAL_SPI_TxCpltCallback
 .text.HAL_SPI_TxRxCpltCallback
                0x08000598       0x20 ./Core/Src/comms.o
                0x08000598                HAL_SPI_TxRxCpltCallback
 .text.SPI_check_CTS
                0x080005b8       0x44 ./Core/Src/comms.o
                0x080005b8                SPI_check_CTS
 .text.SPI_write
                0x080005fc       0x48 ./Core/Src/comms.o
                0x080005fc                SPI_write
 .text.SPI_read
                0x08000644       0xc8 ./Core/Src/comms.o
                0x08000644                SPI_read
 .text.PowerReset
                0x0800070c       0x34 ./Core/Src/eps.o
                0x0800070c                PowerReset
 .text.PowerInit
                0x08000740       0xd2 ./Core/Src/eps.o
                0x08000740                PowerInit
 .text.PowerIncreaseCurrent
                0x08000812       0x36 ./Core/Src/eps.o
                0x08000812                PowerIncreaseCurrent
 .text.main     0x08000848       0x50 ./Core/Src/main.o
                0x08000848                main
 .text.SystemClock_Config
                0x08000898       0xfc ./Core/Src/main.o
                0x08000898                SystemClock_Config
 .text.PeriphCommonClock_Config
                0x08000994       0x3e ./Core/Src/main.o
                0x08000994                PeriphCommonClock_Config
 *fill*         0x080009d2        0x2 
 .text.MX_ADC1_Init
                0x080009d4       0xf4 ./Core/Src/main.o
 .text.MX_ADC2_Init
                0x08000ac8       0xcc ./Core/Src/main.o
 .text.MX_DCMI_Init
                0x08000b94       0x68 ./Core/Src/main.o
 .text.MX_I2C2_Init
                0x08000bfc       0x80 ./Core/Src/main.o
 .text.MX_SPI4_Init
                0x08000c7c       0xac ./Core/Src/main.o
 .text.MX_DMA_Init
                0x08000d28       0x60 ./Core/Src/main.o
 .text.MX_GPIO_Init
                0x08000d88      0x1d0 ./Core/Src/main.o
 .text.MPU_Config
                0x08000f58       0x58 ./Core/Src/main.o
 .text.Error_Handler
                0x08000fb0        0xc ./Core/Src/main.o
                0x08000fb0                Error_Handler
 .text.radio_power_up
                0x08000fbc      0x264 ./Core/Src/radio.o
                0x08000fbc                radio_power_up
 .text.radio_pins
                0x08001220       0x38 ./Core/Src/radio.o
                0x08001220                radio_pins
 .text.radio_TCXO
                0x08001258       0x30 ./Core/Src/radio.o
                0x08001258                radio_TCXO
 .text.radio_global
                0x08001288       0x38 ./Core/Src/radio.o
                0x08001288                radio_global
 .text.radio_interrupts
                0x080012c0       0x38 ./Core/Src/radio.o
                0x080012c0                radio_interrupts
 .text.radio_fast_registers
                0x080012f8       0x38 ./Core/Src/radio.o
                0x080012f8                radio_fast_registers
 .text.radio_Tx
                0x08001330       0x34 ./Core/Src/radio.o
                0x08001330                radio_Tx
 .text.radio_sync
                0x08001364       0x34 ./Core/Src/radio.o
                0x08001364                radio_sync
 .text.radio_packet_CRC
                0x08001398       0x34 ./Core/Src/radio.o
                0x08001398                radio_packet_CRC
 .text.radio_Rx_thr
                0x080013cc       0x34 ./Core/Src/radio.o
                0x080013cc                radio_Rx_thr
 .text.radio_Rx_CRC_1
                0x08001400       0x38 ./Core/Src/radio.o
                0x08001400                radio_Rx_CRC_1
 .text.radio_Rx_CRC_2
                0x08001438       0x38 ./Core/Src/radio.o
                0x08001438                radio_Rx_CRC_2
 .text.radio_Rx_CRC_3
                0x08001470       0x38 ./Core/Src/radio.o
                0x08001470                radio_Rx_CRC_3
 .text.radio_Rx_CRC_seed
                0x080014a8       0x30 ./Core/Src/radio.o
                0x080014a8                radio_Rx_CRC_seed
 .text.radio_mod
                0x080014d8       0x34 ./Core/Src/radio.o
                0x080014d8                radio_mod
 .text.radio_freq_dev
                0x0800150c       0x38 ./Core/Src/radio.o
                0x0800150c                radio_freq_dev
 .text.radio_Tx_ramp
                0x08001544       0x34 ./Core/Src/radio.o
                0x08001544                radio_Tx_ramp
 .text.radio_NCO_offset
                0x08001578       0x34 ./Core/Src/radio.o
                0x08001578                radio_NCO_offset
 .text.radio_AFC
                0x080015ac       0x40 ./Core/Src/radio.o
                0x080015ac                radio_AFC
 .text.radio_AGC_1
                0x080015ec       0x38 ./Core/Src/radio.o
                0x080015ec                radio_AGC_1
 .text.radio_AGC_2
                0x08001624       0x34 ./Core/Src/radio.o
                0x08001624                radio_AGC_2
 .text.radio_RAW
                0x08001658       0x34 ./Core/Src/radio.o
                0x08001658                radio_RAW
 .text.radio_search_period
                0x0800168c       0x38 ./Core/Src/radio.o
                0x0800168c                radio_search_period
 .text.radio_GFSK_thr
                0x080016c4       0x38 ./Core/Src/radio.o
                0x080016c4                radio_GFSK_thr
 .text.radio_RSSI_thr
                0x080016fc       0x30 ./Core/Src/radio.o
                0x080016fc                radio_RSSI_thr
 .text.radio_RSSI_att
                0x0800172c       0x34 ./Core/Src/radio.o
                0x0800172c                radio_RSSI_att
 .text.radio_Rx_filter_1
                0x08001760       0x34 ./Core/Src/radio.o
                0x08001760                radio_Rx_filter_1
 .text.radio_Rx_filter_2
                0x08001794       0x34 ./Core/Src/radio.o
                0x08001794                radio_Rx_filter_2
 .text.radio_Rx_filter_3
                0x080017c8       0x34 ./Core/Src/radio.o
                0x080017c8                radio_Rx_filter_3
 .text.radio_PA_1
                0x080017fc       0x38 ./Core/Src/radio.o
                0x080017fc                radio_PA_1
 .text.radio_PA_2
                0x08001834       0x3c ./Core/Src/radio.o
                0x08001834                radio_PA_2
 .text.radio_masks
                0x08001870       0x38 ./Core/Src/radio.o
                0x08001870                radio_masks
 .text.radio_PLL
                0x080018a8       0x34 ./Core/Src/radio.o
                0x080018a8                radio_PLL
 .text.radio_mode_Rx
                0x080018dc       0x28 ./Core/Src/radio.o
                0x080018dc                radio_mode_Rx
 .text.setup    0x08001904      0x138 ./Core/Src/routines.o
                0x08001904                setup
 .text.get_radio_hw_info
                0x08001a3c       0xbc ./Core/Src/routines.o
                0x08001a3c                get_radio_hw_info
 .text.HAL_MspInit
                0x08001af8       0x34 ./Core/Src/stm32h7xx_hal_msp.o
                0x08001af8                HAL_MspInit
 .text.HAL_ADC_MspInit
                0x08001b2c      0x204 ./Core/Src/stm32h7xx_hal_msp.o
                0x08001b2c                HAL_ADC_MspInit
 .text.HAL_DCMI_MspInit
                0x08001d30      0x1e8 ./Core/Src/stm32h7xx_hal_msp.o
                0x08001d30                HAL_DCMI_MspInit
 .text.HAL_I2C_MspInit
                0x08001f18       0xd4 ./Core/Src/stm32h7xx_hal_msp.o
                0x08001f18                HAL_I2C_MspInit
 .text.HAL_SPI_MspInit
                0x08001fec      0x1f4 ./Core/Src/stm32h7xx_hal_msp.o
                0x08001fec                HAL_SPI_MspInit
 .text.NMI_Handler
                0x080021e0        0x8 ./Core/Src/stm32h7xx_it.o
                0x080021e0                NMI_Handler
 .text.HardFault_Handler
                0x080021e8        0x8 ./Core/Src/stm32h7xx_it.o
                0x080021e8                HardFault_Handler
 .text.MemManage_Handler
                0x080021f0        0x8 ./Core/Src/stm32h7xx_it.o
                0x080021f0                MemManage_Handler
 .text.BusFault_Handler
                0x080021f8        0x8 ./Core/Src/stm32h7xx_it.o
                0x080021f8                BusFault_Handler
 .text.UsageFault_Handler
                0x08002200        0x8 ./Core/Src/stm32h7xx_it.o
                0x08002200                UsageFault_Handler
 .text.SVC_Handler
                0x08002208        0xe ./Core/Src/stm32h7xx_it.o
                0x08002208                SVC_Handler
 .text.DebugMon_Handler
                0x08002216        0xe ./Core/Src/stm32h7xx_it.o
                0x08002216                DebugMon_Handler
 .text.PendSV_Handler
                0x08002224        0xe ./Core/Src/stm32h7xx_it.o
                0x08002224                PendSV_Handler
 .text.SysTick_Handler
                0x08002232        0xc ./Core/Src/stm32h7xx_it.o
                0x08002232                SysTick_Handler
 *fill*         0x0800223e        0x2 
 .text.DMA1_Stream0_IRQHandler
                0x08002240       0x14 ./Core/Src/stm32h7xx_it.o
                0x08002240                DMA1_Stream0_IRQHandler
 .text.DMA1_Stream1_IRQHandler
                0x08002254       0x14 ./Core/Src/stm32h7xx_it.o
                0x08002254                DMA1_Stream1_IRQHandler
 .text.DMA1_Stream2_IRQHandler
                0x08002268       0x14 ./Core/Src/stm32h7xx_it.o
                0x08002268                DMA1_Stream2_IRQHandler
 .text.OTG_HS_EP1_OUT_IRQHandler
                0x0800227c       0x14 ./Core/Src/stm32h7xx_it.o
                0x0800227c                OTG_HS_EP1_OUT_IRQHandler
 .text.OTG_HS_EP1_IN_IRQHandler
                0x08002290       0x14 ./Core/Src/stm32h7xx_it.o
                0x08002290                OTG_HS_EP1_IN_IRQHandler
 .text.OTG_HS_IRQHandler
                0x080022a4       0x14 ./Core/Src/stm32h7xx_it.o
                0x080022a4                OTG_HS_IRQHandler
 .text.DCMI_PSSI_IRQHandler
                0x080022b8       0x14 ./Core/Src/stm32h7xx_it.o
                0x080022b8                DCMI_PSSI_IRQHandler
 .text.SPI4_IRQHandler
                0x080022cc       0x14 ./Core/Src/stm32h7xx_it.o
                0x080022cc                SPI4_IRQHandler
 .text._sbrk    0x080022e0       0x6c ./Core/Src/sysmem.o
                0x080022e0                _sbrk
 .text.SystemInit
                0x0800234c      0x120 ./Core/Src/system_stm32h7xx.o
                0x0800234c                SystemInit
 .text.ExitRun0Mode
                0x0800246c       0x30 ./Core/Src/system_stm32h7xx.o
                0x0800246c                ExitRun0Mode
 .text.Reset_Handler
                0x0800249c       0x54 ./Core/Startup/startup_stm32h7a3vitx.o
                0x0800249c                Reset_Handler
 .text.Default_Handler
                0x080024f0        0x2 ./Core/Startup/startup_stm32h7a3vitx.o
                0x080024f0                RTC_Alarm_IRQHandler
                0x080024f0                EXTI2_IRQHandler
                0x080024f0                TIM8_CC_IRQHandler
                0x080024f0                UART8_IRQHandler
                0x080024f0                BDMA2_Channel1_IRQHandler
                0x080024f0                BDMA2_Channel0_IRQHandler
                0x080024f0                TIM1_CC_IRQHandler
                0x080024f0                DMA2_Stream5_IRQHandler
                0x080024f0                JPEG_IRQHandler
                0x080024f0                DMA1_Stream5_IRQHandler
                0x080024f0                EXTI3_IRQHandler
                0x080024f0                LPTIM4_IRQHandler
                0x080024f0                TIM8_TRG_COM_TIM14_IRQHandler
                0x080024f0                LPTIM2_IRQHandler
                0x080024f0                DFSDM1_FLT1_IRQHandler
                0x080024f0                DMAMUX2_OVR_IRQHandler
                0x080024f0                GFXMMU_IRQHandler
                0x080024f0                TIM8_UP_TIM13_IRQHandler
                0x080024f0                I2C3_ER_IRQHandler
                0x080024f0                DFSDM1_FLT2_IRQHandler
                0x080024f0                USART10_IRQHandler
                0x080024f0                MDMA_IRQHandler
                0x080024f0                LPTIM3_IRQHandler
                0x080024f0                BDMA2_Channel3_IRQHandler
                0x080024f0                HSEM1_IRQHandler
                0x080024f0                EXTI0_IRQHandler
                0x080024f0                I2C2_EV_IRQHandler
                0x080024f0                DAC2_IRQHandler
                0x080024f0                FPU_IRQHandler
                0x080024f0                OTG_HS_WKUP_IRQHandler
                0x080024f0                FDCAN1_IT1_IRQHandler
                0x080024f0                LTDC_ER_IRQHandler
                0x080024f0                DMA2_Stream2_IRQHandler
                0x080024f0                SPI1_IRQHandler
                0x080024f0                OCTOSPI1_IRQHandler
                0x080024f0                TIM6_DAC_IRQHandler
                0x080024f0                BDMA2_Channel6_IRQHandler
                0x080024f0                DMA2_Stream3_IRQHandler
                0x080024f0                OCTOSPI2_IRQHandler
                0x080024f0                SAI2_IRQHandler
                0x080024f0                BDMA1_IRQHandler
                0x080024f0                DFSDM1_FLT3_IRQHandler
                0x080024f0                USART6_IRQHandler
                0x080024f0                TIM17_IRQHandler
                0x080024f0                USART3_IRQHandler
                0x080024f0                LPTIM5_IRQHandler
                0x080024f0                UART5_IRQHandler
                0x080024f0                DMA2_Stream0_IRQHandler
                0x080024f0                TIM4_IRQHandler
                0x080024f0                I2C1_EV_IRQHandler
                0x080024f0                DMA1_Stream6_IRQHandler
                0x080024f0                DMAMUX1_OVR_IRQHandler
                0x080024f0                TIM16_IRQHandler
                0x080024f0                UART4_IRQHandler
                0x080024f0                TIM3_IRQHandler
                0x080024f0                RCC_IRQHandler
                0x080024f0                UART9_IRQHandler
                0x080024f0                TIM8_BRK_TIM12_IRQHandler
                0x080024f0                TIM1_TRG_COM_IRQHandler
                0x080024f0                Default_Handler
                0x080024f0                ECC_IRQHandler
                0x080024f0                BDMA2_Channel2_IRQHandler
                0x080024f0                CEC_IRQHandler
                0x080024f0                EXTI15_10_IRQHandler
                0x080024f0                DFSDM1_FLT4_IRQHandler
                0x080024f0                ADC_IRQHandler
                0x080024f0                DMA1_Stream7_IRQHandler
                0x080024f0                SPI5_IRQHandler
                0x080024f0                TIM7_IRQHandler
                0x080024f0                SDMMC1_IRQHandler
                0x080024f0                TIM5_IRQHandler
                0x080024f0                DMA2_Stream7_IRQHandler
                0x080024f0                TIM15_IRQHandler
                0x080024f0                I2C3_EV_IRQHandler
                0x080024f0                DFSDM2_IRQHandler
                0x080024f0                EXTI9_5_IRQHandler
                0x080024f0                RTC_WKUP_IRQHandler
                0x080024f0                LTDC_IRQHandler
                0x080024f0                SPDIF_RX_IRQHandler
                0x080024f0                PVD_PVM_IRQHandler
                0x080024f0                SPI2_IRQHandler
                0x080024f0                DFSDM1_FLT5_IRQHandler
                0x080024f0                CRS_IRQHandler
                0x080024f0                EXTI4_IRQHandler
                0x080024f0                DFSDM1_FLT6_IRQHandler
                0x080024f0                RNG_IRQHandler
                0x080024f0                FDCAN2_IT1_IRQHandler
                0x080024f0                COMP_IRQHandler
                0x080024f0                TIM1_UP_IRQHandler
                0x080024f0                WWDG_IRQHandler
                0x080024f0                SPI6_IRQHandler
                0x080024f0                MDIOS_IRQHandler
                0x080024f0                I2C4_EV_IRQHandler
                0x080024f0                FDCAN2_IT0_IRQHandler
                0x080024f0                LPUART1_IRQHandler
                0x080024f0                FDCAN1_IT0_IRQHandler
                0x080024f0                TIM2_IRQHandler
                0x080024f0                BDMA2_Channel5_IRQHandler
                0x080024f0                DMA2D_IRQHandler
                0x080024f0                TIM1_BRK_IRQHandler
                0x080024f0                EXTI1_IRQHandler
                0x080024f0                SDMMC2_IRQHandler
                0x080024f0                DTS_IRQHandler
                0x080024f0                UART7_IRQHandler
                0x080024f0                MDIOS_WKUP_IRQHandler
                0x080024f0                USART2_IRQHandler
                0x080024f0                DFSDM1_FLT0_IRQHandler
                0x080024f0                I2C2_ER_IRQHandler
                0x080024f0                DMA2_Stream1_IRQHandler
                0x080024f0                DFSDM1_FLT7_IRQHandler
                0x080024f0                FLASH_IRQHandler
                0x080024f0                DMA2_Stream4_IRQHandler
                0x080024f0                USART1_IRQHandler
                0x080024f0                SPI3_IRQHandler
                0x080024f0                WAKEUP_PIN_IRQHandler
                0x080024f0                DMA1_Stream4_IRQHandler
                0x080024f0                I2C1_ER_IRQHandler
                0x080024f0                FMC_IRQHandler
                0x080024f0                BDMA2_Channel7_IRQHandler
                0x080024f0                FDCAN_CAL_IRQHandler
                0x080024f0                SWPMI1_IRQHandler
                0x080024f0                LPTIM1_IRQHandler
                0x080024f0                I2C4_ER_IRQHandler
                0x080024f0                DMA2_Stream6_IRQHandler
                0x080024f0                SAI1_IRQHandler
                0x080024f0                DMA1_Stream3_IRQHandler
                0x080024f0                RTC_TAMP_STAMP_CSS_LSE_IRQHandler
                0x080024f0                BDMA2_Channel4_IRQHandler
 *fill*         0x080024f2        0x2 
 .text.HAL_Init
                0x080024f4       0x78 ./Drivers/STM32H7xx_HAL_Driver/Src/stm32h7xx_hal.o
                0x080024f4                HAL_Init
 .text.HAL_InitTick
                0x0800256c       0x6c ./Drivers/STM32H7xx_HAL_Driver/Src/stm32h7xx_hal.o
                0x0800256c                HAL_InitTick
 .text.HAL_IncTick
                0x080025d8       0x28 ./Drivers/STM32H7xx_HAL_Driver/Src/stm32h7xx_hal.o
                0x080025d8                HAL_IncTick
 .text.HAL_GetTick
                0x08002600       0x18 ./Drivers/STM32H7xx_HAL_Driver/Src/stm32h7xx_hal.o
                0x08002600                HAL_GetTick
 .text.HAL_Delay
                0x08002618       0x48 ./Drivers/STM32H7xx_HAL_Driver/Src/stm32h7xx_hal.o
                0x08002618                HAL_Delay
 .text.LL_ADC_SetCommonClock
                0x08002660       0x26 ./Drivers/STM32H7xx_HAL_Driver/Src/stm32h7xx_hal_adc.o
 .text.LL_ADC_SetCommonPathInternalCh
                0x08002686       0x26 ./Drivers/STM32H7xx_HAL_Driver/Src/stm32h7xx_hal_adc.o
 .text.LL_ADC_GetCommonPathInternalCh
                0x080026ac       0x1c ./Drivers/STM32H7xx_HAL_Driver/Src/stm32h7xx_hal_adc.o
 .text.LL_ADC_SetChannelPreselection
                0x080026c8       0x66 ./Drivers/STM32H7xx_HAL_Driver/Src/stm32h7xx_hal_adc.o
 .text.LL_ADC_SetOffset
                0x0800272e       0x40 ./Drivers/STM32H7xx_HAL_Driver/Src/stm32h7xx_hal_adc.o
 .text.LL_ADC_SetDataRightShift
                0x0800276e       0x32 ./Drivers/STM32H7xx_HAL_Driver/Src/stm32h7xx_hal_adc.o
 .text.LL_ADC_SetOffsetSignedSaturation
                0x080027a0       0x36 ./Drivers/STM32H7xx_HAL_Driver/Src/stm32h7xx_hal_adc.o
 .text.LL_ADC_REG_SetSequencerRanks
                0x080027d6       0x58 ./Drivers/STM32H7xx_HAL_Driver/Src/stm32h7xx_hal_adc.o
 .text.LL_ADC_SetChannelSamplingTime
                0x0800282e       0x56 ./Drivers/STM32H7xx_HAL_Driver/Src/stm32h7xx_hal_adc.o
 .text.LL_ADC_SetChannelSingleDiff
                0x08002884       0x48 ./Drivers/STM32H7xx_HAL_Driver/Src/stm32h7xx_hal_adc.o
 .text.LL_ADC_DisableDeepPowerDown
                0x080028cc       0x24 ./Drivers/STM32H7xx_HAL_Driver/Src/stm32h7xx_hal_adc.o
 .text.LL_ADC_IsDeepPowerDownEnabled
                0x080028f0       0x28 ./Drivers/STM32H7xx_HAL_Driver/Src/stm32h7xx_hal_adc.o
 .text.LL_ADC_EnableInternalRegulator
                0x08002918       0x28 ./Drivers/STM32H7xx_HAL_Driver/Src/stm32h7xx_hal_adc.o
 .text.LL_ADC_IsInternalRegulatorEnabled
                0x08002940       0x28 ./Drivers/STM32H7xx_HAL_Driver/Src/stm32h7xx_hal_adc.o
 .text.LL_ADC_IsEnabled
                0x08002968       0x26 ./Drivers/STM32H7xx_HAL_Driver/Src/stm32h7xx_hal_adc.o
 .text.LL_ADC_REG_IsConversionOngoing
                0x0800298e       0x26 ./Drivers/STM32H7xx_HAL_Driver/Src/stm32h7xx_hal_adc.o
 .text.LL_ADC_INJ_IsConversionOngoing
                0x080029b4       0x26 ./Drivers/STM32H7xx_HAL_Driver/Src/stm32h7xx_hal_adc.o
 *fill*         0x080029da        0x2 
 .text.HAL_ADC_Init
                0x080029dc      0x2b4 ./Drivers/STM32H7xx_HAL_Driver/Src/stm32h7xx_hal_adc.o
                0x080029dc                HAL_ADC_Init
 .text.HAL_ADC_ConfigChannel
                0x08002c90      0x4fc ./Drivers/STM32H7xx_HAL_Driver/Src/stm32h7xx_hal_adc.o
                0x08002c90                HAL_ADC_ConfigChannel
 .text.ADC_ConfigureBoostMode
                0x0800318c      0x19c ./Drivers/STM32H7xx_HAL_Driver/Src/stm32h7xx_hal_adc.o
                0x0800318c                ADC_ConfigureBoostMode
 .text.LL_ADC_IsEnabled
                0x08003328       0x26 ./Drivers/STM32H7xx_HAL_Driver/Src/stm32h7xx_hal_adc_ex.o
 .text.LL_ADC_REG_IsConversionOngoing
                0x0800334e       0x26 ./Drivers/STM32H7xx_HAL_Driver/Src/stm32h7xx_hal_adc_ex.o
 .text.HAL_ADCEx_MultiModeConfigChannel
                0x08003374      0x138 ./Drivers/STM32H7xx_HAL_Driver/Src/stm32h7xx_hal_adc_ex.o
                0x08003374                HAL_ADCEx_MultiModeConfigChannel
 .text.__NVIC_SetPriorityGrouping
                0x080034ac       0x48 ./Drivers/STM32H7xx_HAL_Driver/Src/stm32h7xx_hal_cortex.o
 .text.__NVIC_GetPriorityGrouping
                0x080034f4       0x1c ./Drivers/STM32H7xx_HAL_Driver/Src/stm32h7xx_hal_cortex.o
 .text.__NVIC_EnableIRQ
                0x08003510       0x3c ./Drivers/STM32H7xx_HAL_Driver/Src/stm32h7xx_hal_cortex.o
 .text.__NVIC_SetPriority
                0x0800354c       0x54 ./Drivers/STM32H7xx_HAL_Driver/Src/stm32h7xx_hal_cortex.o
 .text.NVIC_EncodePriority
                0x080035a0       0x66 ./Drivers/STM32H7xx_HAL_Driver/Src/stm32h7xx_hal_cortex.o
 *fill*         0x08003606        0x2 
 .text.SysTick_Config
                0x08003608       0x44 ./Drivers/STM32H7xx_HAL_Driver/Src/stm32h7xx_hal_cortex.o
 .text.HAL_NVIC_SetPriorityGrouping
                0x0800364c       0x16 ./Drivers/STM32H7xx_HAL_Driver/Src/stm32h7xx_hal_cortex.o
                0x0800364c                HAL_NVIC_SetPriorityGrouping
 .text.HAL_NVIC_SetPriority
                0x08003662       0x34 ./Drivers/STM32H7xx_HAL_Driver/Src/stm32h7xx_hal_cortex.o
                0x08003662                HAL_NVIC_SetPriority
 .text.HAL_NVIC_EnableIRQ
                0x08003696       0x1c ./Drivers/STM32H7xx_HAL_Driver/Src/stm32h7xx_hal_cortex.o
                0x08003696                HAL_NVIC_EnableIRQ
 .text.HAL_SYSTICK_Config
                0x080036b2       0x18 ./Drivers/STM32H7xx_HAL_Driver/Src/stm32h7xx_hal_cortex.o
                0x080036b2                HAL_SYSTICK_Config
 *fill*         0x080036ca        0x2 
 .text.HAL_MPU_Disable
                0x080036cc       0x30 ./Drivers/STM32H7xx_HAL_Driver/Src/stm32h7xx_hal_cortex.o
                0x080036cc                HAL_MPU_Disable
 .text.HAL_MPU_Enable
                0x080036fc       0x40 ./Drivers/STM32H7xx_HAL_Driver/Src/stm32h7xx_hal_cortex.o
                0x080036fc                HAL_MPU_Enable
 .text.HAL_MPU_ConfigRegion
                0x0800373c       0x80 ./Drivers/STM32H7xx_HAL_Driver/Src/stm32h7xx_hal_cortex.o
                0x0800373c                HAL_MPU_ConfigRegion
 .text.HAL_DCMI_Init
                0x080037bc       0xf4 ./Drivers/STM32H7xx_HAL_Driver/Src/stm32h7xx_hal_dcmi.o
                0x080037bc                HAL_DCMI_Init
 .text.HAL_DCMI_IRQHandler
                0x080038b0      0x104 ./Drivers/STM32H7xx_HAL_Driver/Src/stm32h7xx_hal_dcmi.o
                0x080038b0                HAL_DCMI_IRQHandler
 .text.HAL_DCMI_ErrorCallback
                0x080039b4       0x14 ./Drivers/STM32H7xx_HAL_Driver/Src/stm32h7xx_hal_dcmi.o
                0x080039b4                HAL_DCMI_ErrorCallback
 .text.HAL_DCMI_LineEventCallback
                0x080039c8       0x14 ./Drivers/STM32H7xx_HAL_Driver/Src/stm32h7xx_hal_dcmi.o
                0x080039c8                HAL_DCMI_LineEventCallback
 .text.HAL_DCMI_VsyncEventCallback
                0x080039dc       0x14 ./Drivers/STM32H7xx_HAL_Driver/Src/stm32h7xx_hal_dcmi.o
                0x080039dc                HAL_DCMI_VsyncEventCallback
 .text.HAL_DCMI_FrameEventCallback
                0x080039f0       0x14 ./Drivers/STM32H7xx_HAL_Driver/Src/stm32h7xx_hal_dcmi.o
                0x080039f0                HAL_DCMI_FrameEventCallback
 .text.DCMI_DMAError
                0x08003a04       0x3a ./Drivers/STM32H7xx_HAL_Driver/Src/stm32h7xx_hal_dcmi.o
 *fill*         0x08003a3e        0x2 
 .text.HAL_DMA_Init
                0x08003a40      0x71c ./Drivers/STM32H7xx_HAL_Driver/Src/stm32h7xx_hal_dma.o
                0x08003a40                HAL_DMA_Init
 .text.HAL_DMA_Abort_IT
                0x0800415c      0x48c ./Drivers/STM32H7xx_HAL_Driver/Src/stm32h7xx_hal_dma.o
                0x0800415c                HAL_DMA_Abort_IT
 .text.HAL_DMA_IRQHandler
                0x080045e8      0xec4 ./Drivers/STM32H7xx_HAL_Driver/Src/stm32h7xx_hal_dma.o
                0x080045e8                HAL_DMA_IRQHandler
 .text.DMA_CalcBaseAndBitshift
                0x080054ac      0x164 ./Drivers/STM32H7xx_HAL_Driver/Src/stm32h7xx_hal_dma.o
 .text.DMA_CheckFifoParam
                0x08005610       0xf8 ./Drivers/STM32H7xx_HAL_Driver/Src/stm32h7xx_hal_dma.o
 .text.DMA_CalcDMAMUXChannelBaseAndMask
                0x08005708      0x134 ./Drivers/STM32H7xx_HAL_Driver/Src/stm32h7xx_hal_dma.o
 .text.DMA_CalcDMAMUXRequestGenBaseAndMask
                0x0800583c       0xe8 ./Drivers/STM32H7xx_HAL_Driver/Src/stm32h7xx_hal_dma.o
 .text.HAL_GPIO_Init
                0x08005924      0x360 ./Drivers/STM32H7xx_HAL_Driver/Src/stm32h7xx_hal_gpio.o
                0x08005924                HAL_GPIO_Init
 .text.HAL_GPIO_ReadPin
                0x08005c84       0x30 ./Drivers/STM32H7xx_HAL_Driver/Src/stm32h7xx_hal_gpio.o
                0x08005c84                HAL_GPIO_ReadPin
 .text.HAL_GPIO_WritePin
                0x08005cb4       0x32 ./Drivers/STM32H7xx_HAL_Driver/Src/stm32h7xx_hal_gpio.o
                0x08005cb4                HAL_GPIO_WritePin
 *fill*         0x08005ce6        0x2 
 .text.HAL_I2C_Init
                0x08005ce8      0x138 ./Drivers/STM32H7xx_HAL_Driver/Src/stm32h7xx_hal_i2c.o
                0x08005ce8                HAL_I2C_Init
 .text.HAL_I2C_Master_Transmit
                0x08005e20      0x230 ./Drivers/STM32H7xx_HAL_Driver/Src/stm32h7xx_hal_i2c.o
                0x08005e20                HAL_I2C_Master_Transmit
 .text.HAL_I2C_Master_Receive
                0x08006050      0x1ec ./Drivers/STM32H7xx_HAL_Driver/Src/stm32h7xx_hal_i2c.o
                0x08006050                HAL_I2C_Master_Receive
 .text.HAL_I2C_Mem_Write
                0x0800623c      0x228 ./Drivers/STM32H7xx_HAL_Driver/Src/stm32h7xx_hal_i2c.o
                0x0800623c                HAL_I2C_Mem_Write
 .text.I2C_RequestMemoryWrite
                0x08006464       0xa8 ./Drivers/STM32H7xx_HAL_Driver/Src/stm32h7xx_hal_i2c.o
 .text.I2C_Flush_TXDR
                0x0800650c       0x48 ./Drivers/STM32H7xx_HAL_Driver/Src/stm32h7xx_hal_i2c.o
 .text.I2C_WaitOnFlagUntilTimeout
                0x08006554       0xb2 ./Drivers/STM32H7xx_HAL_Driver/Src/stm32h7xx_hal_i2c.o
 .text.I2C_WaitOnTXISFlagUntilTimeout
                0x08006606       0x8e ./Drivers/STM32H7xx_HAL_Driver/Src/stm32h7xx_hal_i2c.o
 .text.I2C_WaitOnSTOPFlagUntilTimeout
                0x08006694       0x86 ./Drivers/STM32H7xx_HAL_Driver/Src/stm32h7xx_hal_i2c.o
 *fill*         0x0800671a        0x2 
 .text.I2C_WaitOnRXNEFlagUntilTimeout
                0x0800671c      0x118 ./Drivers/STM32H7xx_HAL_Driver/Src/stm32h7xx_hal_i2c.o
 .text.I2C_IsErrorOccurred
                0x08006834      0x1c0 ./Drivers/STM32H7xx_HAL_Driver/Src/stm32h7xx_hal_i2c.o
 .text.I2C_TransferConfig
                0x080069f4       0x64 ./Drivers/STM32H7xx_HAL_Driver/Src/stm32h7xx_hal_i2c.o
 .text.HAL_I2CEx_ConfigAnalogFilter
                0x08006a58       0x96 ./Drivers/STM32H7xx_HAL_Driver/Src/stm32h7xx_hal_i2c_ex.o
                0x08006a58                HAL_I2CEx_ConfigAnalogFilter
 .text.HAL_I2CEx_ConfigDigitalFilter
                0x08006aee       0x98 ./Drivers/STM32H7xx_HAL_Driver/Src/stm32h7xx_hal_i2c_ex.o
                0x08006aee                HAL_I2CEx_ConfigDigitalFilter
 .text.HAL_PCD_Init
                0x08006b86      0x218 ./Drivers/STM32H7xx_HAL_Driver/Src/stm32h7xx_hal_pcd.o
                0x08006b86                HAL_PCD_Init
 .text.HAL_PCD_Start
                0x08006d9e       0x6a ./Drivers/STM32H7xx_HAL_Driver/Src/stm32h7xx_hal_pcd.o
                0x08006d9e                HAL_PCD_Start
 .text.HAL_PCD_IRQHandler
                0x08006e08      0x99c ./Drivers/STM32H7xx_HAL_Driver/Src/stm32h7xx_hal_pcd.o
                0x08006e08                HAL_PCD_IRQHandler
 .text.HAL_PCD_SetAddress
                0x080077a4       0x48 ./Drivers/STM32H7xx_HAL_Driver/Src/stm32h7xx_hal_pcd.o
                0x080077a4                HAL_PCD_SetAddress
 .text.HAL_PCD_EP_Open
                0x080077ec       0xd4 ./Drivers/STM32H7xx_HAL_Driver/Src/stm32h7xx_hal_pcd.o
                0x080077ec                HAL_PCD_EP_Open
 .text.HAL_PCD_EP_Close
                0x080078c0       0x94 ./Drivers/STM32H7xx_HAL_Driver/Src/stm32h7xx_hal_pcd.o
                0x080078c0                HAL_PCD_EP_Close
 .text.HAL_PCD_EP_Receive
                0x08007954       0x76 ./Drivers/STM32H7xx_HAL_Driver/Src/stm32h7xx_hal_pcd.o
                0x08007954                HAL_PCD_EP_Receive
 .text.HAL_PCD_EP_GetRxCount
                0x080079ca       0x30 ./Drivers/STM32H7xx_HAL_Driver/Src/stm32h7xx_hal_pcd.o
                0x080079ca                HAL_PCD_EP_GetRxCount
 .text.HAL_PCD_EP_Transmit
                0x080079fa       0x74 ./Drivers/STM32H7xx_HAL_Driver/Src/stm32h7xx_hal_pcd.o
                0x080079fa                HAL_PCD_EP_Transmit
 .text.HAL_PCD_EP_SetStall
                0x08007a6e       0xc6 ./Drivers/STM32H7xx_HAL_Driver/Src/stm32h7xx_hal_pcd.o
                0x08007a6e                HAL_PCD_EP_SetStall
 .text.HAL_PCD_EP_ClrStall
                0x08007b34       0xac ./Drivers/STM32H7xx_HAL_Driver/Src/stm32h7xx_hal_pcd.o
                0x08007b34                HAL_PCD_EP_ClrStall
 .text.HAL_PCD_EP_Abort
                0x08007be0       0x62 ./Drivers/STM32H7xx_HAL_Driver/Src/stm32h7xx_hal_pcd.o
                0x08007be0                HAL_PCD_EP_Abort
 .text.PCD_WriteEmptyTxFifo
                0x08007c42      0x118 ./Drivers/STM32H7xx_HAL_Driver/Src/stm32h7xx_hal_pcd.o
 *fill*         0x08007d5a        0x2 
 .text.PCD_EP_OutXfrComplete_int
                0x08007d5c      0x1d0 ./Drivers/STM32H7xx_HAL_Driver/Src/stm32h7xx_hal_pcd.o
 .text.PCD_EP_OutSetupPacket_int
                0x08007f2c       0x8c ./Drivers/STM32H7xx_HAL_Driver/Src/stm32h7xx_hal_pcd.o
 .text.HAL_PCDEx_SetTxFiFo
                0x08007fb8       0x8e ./Drivers/STM32H7xx_HAL_Driver/Src/stm32h7xx_hal_pcd_ex.o
                0x08007fb8                HAL_PCDEx_SetTxFiFo
 .text.HAL_PCDEx_SetRxFiFo
                0x08008046       0x22 ./Drivers/STM32H7xx_HAL_Driver/Src/stm32h7xx_hal_pcd_ex.o
                0x08008046                HAL_PCDEx_SetRxFiFo
 .text.HAL_PCDEx_ActivateLPM
                0x08008068       0x48 ./Drivers/STM32H7xx_HAL_Driver/Src/stm32h7xx_hal_pcd_ex.o
                0x08008068                HAL_PCDEx_ActivateLPM
 .text.HAL_PCDEx_LPM_Callback
                0x080080b0       0x18 ./Drivers/STM32H7xx_HAL_Driver/Src/stm32h7xx_hal_pcd_ex.o
                0x080080b0                HAL_PCDEx_LPM_Callback
 .text.HAL_PWREx_ConfigSupply
                0x080080c8       0x74 ./Drivers/STM32H7xx_HAL_Driver/Src/stm32h7xx_hal_pwr_ex.o
                0x080080c8                HAL_PWREx_ConfigSupply
 .text.HAL_PWREx_EnableUSBVoltageDetector
                0x0800813c       0x20 ./Drivers/STM32H7xx_HAL_Driver/Src/stm32h7xx_hal_pwr_ex.o
                0x0800813c                HAL_PWREx_EnableUSBVoltageDetector
 .text.HAL_RCC_OscConfig
                0x0800815c      0x864 ./Drivers/STM32H7xx_HAL_Driver/Src/stm32h7xx_hal_rcc.o
                0x0800815c                HAL_RCC_OscConfig
 .text.HAL_RCC_ClockConfig
                0x080089c0      0x36c ./Drivers/STM32H7xx_HAL_Driver/Src/stm32h7xx_hal_rcc.o
                0x080089c0                HAL_RCC_ClockConfig
 .text.HAL_RCC_MCOConfig
                0x08008d2c       0xd4 ./Drivers/STM32H7xx_HAL_Driver/Src/stm32h7xx_hal_rcc.o
                0x08008d2c                HAL_RCC_MCOConfig
 .text.HAL_RCC_GetSysClockFreq
                0x08008e00      0x2f4 ./Drivers/STM32H7xx_HAL_Driver/Src/stm32h7xx_hal_rcc.o
                0x08008e00                HAL_RCC_GetSysClockFreq
 .text.HAL_RCC_GetHCLKFreq
                0x080090f4       0x60 ./Drivers/STM32H7xx_HAL_Driver/Src/stm32h7xx_hal_rcc.o
                0x080090f4                HAL_RCC_GetHCLKFreq
 .text.HAL_RCC_GetPCLK1Freq
                0x08009154       0x2c ./Drivers/STM32H7xx_HAL_Driver/Src/stm32h7xx_hal_rcc.o
                0x08009154                HAL_RCC_GetPCLK1Freq
 .text.HAL_RCCEx_PeriphCLKConfig
                0x08009180     0x137c ./Drivers/STM32H7xx_HAL_Driver/Src/stm32h7xx_hal_rcc_ex.o
                0x08009180                HAL_RCCEx_PeriphCLKConfig
 .text.HAL_RCCEx_GetPeriphCLKFreq
                0x0800a4fc      0x9b0 ./Drivers/STM32H7xx_HAL_Driver/Src/stm32h7xx_hal_rcc_ex.o
                0x0800a4fc                HAL_RCCEx_GetPeriphCLKFreq
 .text.HAL_RCCEx_GetD3PCLK1Freq
                0x0800aeac       0x2c ./Drivers/STM32H7xx_HAL_Driver/Src/stm32h7xx_hal_rcc_ex.o
                0x0800aeac                HAL_RCCEx_GetD3PCLK1Freq
 .text.HAL_RCCEx_GetPLL2ClockFreq
                0x0800aed8      0x2a8 ./Drivers/STM32H7xx_HAL_Driver/Src/stm32h7xx_hal_rcc_ex.o
                0x0800aed8                HAL_RCCEx_GetPLL2ClockFreq
 .text.HAL_RCCEx_GetPLL3ClockFreq
                0x0800b180      0x2a8 ./Drivers/STM32H7xx_HAL_Driver/Src/stm32h7xx_hal_rcc_ex.o
                0x0800b180                HAL_RCCEx_GetPLL3ClockFreq
 .text.HAL_RCCEx_GetPLL1ClockFreq
                0x0800b428      0x2a4 ./Drivers/STM32H7xx_HAL_Driver/Src/stm32h7xx_hal_rcc_ex.o
                0x0800b428                HAL_RCCEx_GetPLL1ClockFreq
 .text.RCCEx_PLL2_Config
                0x0800b6cc      0x164 ./Drivers/STM32H7xx_HAL_Driver/Src/stm32h7xx_hal_rcc_ex.o
 .text.RCCEx_PLL3_Config
                0x0800b830      0x164 ./Drivers/STM32H7xx_HAL_Driver/Src/stm32h7xx_hal_rcc_ex.o
 .text.HAL_SPI_Init
                0x0800b994      0x248 ./Drivers/STM32H7xx_HAL_Driver/Src/stm32h7xx_hal_spi.o
                0x0800b994                HAL_SPI_Init
 .text.HAL_SPI_Transmit
                0x0800bbdc      0x3dc ./Drivers/STM32H7xx_HAL_Driver/Src/stm32h7xx_hal_spi.o
                0x0800bbdc                HAL_SPI_Transmit
 .text.HAL_SPI_TransmitReceive
                0x0800bfb8      0x674 ./Drivers/STM32H7xx_HAL_Driver/Src/stm32h7xx_hal_spi.o
                0x0800bfb8                HAL_SPI_TransmitReceive
 .text.HAL_SPI_IRQHandler
                0x0800c62c      0x39c ./Drivers/STM32H7xx_HAL_Driver/Src/stm32h7xx_hal_spi.o
                0x0800c62c                HAL_SPI_IRQHandler
 .text.HAL_SPI_RxCpltCallback
                0x0800c9c8       0x14 ./Drivers/STM32H7xx_HAL_Driver/Src/stm32h7xx_hal_spi.o
                0x0800c9c8                HAL_SPI_RxCpltCallback
 .text.HAL_SPI_ErrorCallback
                0x0800c9dc       0x14 ./Drivers/STM32H7xx_HAL_Driver/Src/stm32h7xx_hal_spi.o
                0x0800c9dc                HAL_SPI_ErrorCallback
 .text.HAL_SPI_SuspendCallback
                0x0800c9f0       0x14 ./Drivers/STM32H7xx_HAL_Driver/Src/stm32h7xx_hal_spi.o
                0x0800c9f0                HAL_SPI_SuspendCallback
 .text.SPI_DMAAbortOnError
                0x0800ca04       0x34 ./Drivers/STM32H7xx_HAL_Driver/Src/stm32h7xx_hal_spi.o
 .text.SPI_CloseTransfer
                0x0800ca38      0x140 ./Drivers/STM32H7xx_HAL_Driver/Src/stm32h7xx_hal_spi.o
 .text.SPI_WaitOnFlagUntilTimeout
                0x0800cb78       0x5c ./Drivers/STM32H7xx_HAL_Driver/Src/stm32h7xx_hal_spi.o
 .text.SPI_GetPacketSize
                0x0800cbd4       0x36 ./Drivers/STM32H7xx_HAL_Driver/Src/stm32h7xx_hal_spi.o
 *fill*         0x0800cc0a        0x2 
 .text.USB_CoreInit
                0x0800cc0c       0xe4 ./Drivers/STM32H7xx_HAL_Driver/Src/stm32h7xx_ll_usb.o
                0x0800cc0c                USB_CoreInit
 .text.USB_SetTurnaroundTime
                0x0800ccf0      0x144 ./Drivers/STM32H7xx_HAL_Driver/Src/stm32h7xx_ll_usb.o
                0x0800ccf0                USB_SetTurnaroundTime
 .text.USB_EnableGlobalInt
                0x0800ce34       0x22 ./Drivers/STM32H7xx_HAL_Driver/Src/stm32h7xx_ll_usb.o
                0x0800ce34                USB_EnableGlobalInt
 .text.USB_DisableGlobalInt
                0x0800ce56       0x22 ./Drivers/STM32H7xx_HAL_Driver/Src/stm32h7xx_ll_usb.o
                0x0800ce56                USB_DisableGlobalInt
 .text.USB_SetCurrentMode
                0x0800ce78       0x98 ./Drivers/STM32H7xx_HAL_Driver/Src/stm32h7xx_ll_usb.o
                0x0800ce78                USB_SetCurrentMode
 .text.USB_DevInit
                0x0800cf10      0x2bc ./Drivers/STM32H7xx_HAL_Driver/Src/stm32h7xx_ll_usb.o
                0x0800cf10                USB_DevInit
 .text.USB_FlushTxFifo
                0x0800d1cc       0x64 ./Drivers/STM32H7xx_HAL_Driver/Src/stm32h7xx_ll_usb.o
                0x0800d1cc                USB_FlushTxFifo
 .text.USB_FlushRxFifo
                0x0800d230       0x5c ./Drivers/STM32H7xx_HAL_Driver/Src/stm32h7xx_ll_usb.o
                0x0800d230                USB_FlushRxFifo
 .text.USB_SetDevSpeed
                0x0800d28c       0x32 ./Drivers/STM32H7xx_HAL_Driver/Src/stm32h7xx_ll_usb.o
                0x0800d28c                USB_SetDevSpeed
 .text.USB_GetDevSpeed
                0x0800d2be       0x4a ./Drivers/STM32H7xx_HAL_Driver/Src/stm32h7xx_ll_usb.o
                0x0800d2be                USB_GetDevSpeed
 .text.USB_ActivateEndpoint
                0x0800d308      0x110 ./Drivers/STM32H7xx_HAL_Driver/Src/stm32h7xx_ll_usb.o
                0x0800d308                USB_ActivateEndpoint
 .text.USB_DeactivateEndpoint
                0x0800d418      0x1b8 ./Drivers/STM32H7xx_HAL_Driver/Src/stm32h7xx_ll_usb.o
                0x0800d418                USB_DeactivateEndpoint
 .text.USB_EPStartXfer
                0x0800d5d0      0x548 ./Drivers/STM32H7xx_HAL_Driver/Src/stm32h7xx_ll_usb.o
                0x0800d5d0                USB_EPStartXfer
 .text.USB_EPStopXfer
                0x0800db18      0x154 ./Drivers/STM32H7xx_HAL_Driver/Src/stm32h7xx_ll_usb.o
                0x0800db18                USB_EPStopXfer
 .text.USB_WritePacket
                0x0800dc6c       0x7c ./Drivers/STM32H7xx_HAL_Driver/Src/stm32h7xx_ll_usb.o
                0x0800dc6c                USB_WritePacket
 .text.USB_ReadPacket
                0x0800dce8       0xb0 ./Drivers/STM32H7xx_HAL_Driver/Src/stm32h7xx_ll_usb.o
                0x0800dce8                USB_ReadPacket
 .text.USB_EPSetStall
                0x0800dd98       0xdc ./Drivers/STM32H7xx_HAL_Driver/Src/stm32h7xx_ll_usb.o
                0x0800dd98                USB_EPSetStall
 .text.USB_EPClearStall
                0x0800de74       0xcc ./Drivers/STM32H7xx_HAL_Driver/Src/stm32h7xx_ll_usb.o
                0x0800de74                USB_EPClearStall
 .text.USB_SetDevAddress
                0x0800df40       0x4c ./Drivers/STM32H7xx_HAL_Driver/Src/stm32h7xx_ll_usb.o
                0x0800df40                USB_SetDevAddress
 .text.USB_DevConnect
                0x0800df8c       0x42 ./Drivers/STM32H7xx_HAL_Driver/Src/stm32h7xx_ll_usb.o
                0x0800df8c                USB_DevConnect
 .text.USB_DevDisconnect
                0x0800dfce       0x42 ./Drivers/STM32H7xx_HAL_Driver/Src/stm32h7xx_ll_usb.o
                0x0800dfce                USB_DevDisconnect
 .text.USB_ReadInterrupts
                0x0800e010       0x26 ./Drivers/STM32H7xx_HAL_Driver/Src/stm32h7xx_ll_usb.o
                0x0800e010                USB_ReadInterrupts
 .text.USB_ReadDevAllOutEpInterrupt
                0x0800e036       0x34 ./Drivers/STM32H7xx_HAL_Driver/Src/stm32h7xx_ll_usb.o
                0x0800e036                USB_ReadDevAllOutEpInterrupt
 .text.USB_ReadDevAllInEpInterrupt
                0x0800e06a       0x34 ./Drivers/STM32H7xx_HAL_Driver/Src/stm32h7xx_ll_usb.o
                0x0800e06a                USB_ReadDevAllInEpInterrupt
 .text.USB_ReadDevOutEPInterrupt
                0x0800e09e       0x3c ./Drivers/STM32H7xx_HAL_Driver/Src/stm32h7xx_ll_usb.o
                0x0800e09e                USB_ReadDevOutEPInterrupt
 .text.USB_ReadDevInEPInterrupt
                0x0800e0da       0x5c ./Drivers/STM32H7xx_HAL_Driver/Src/stm32h7xx_ll_usb.o
                0x0800e0da                USB_ReadDevInEPInterrupt
 .text.USB_GetMode
                0x0800e136       0x1c ./Drivers/STM32H7xx_HAL_Driver/Src/stm32h7xx_ll_usb.o
                0x0800e136                USB_GetMode
 *fill*         0x0800e152        0x2 
 .text.USB_ActivateSetup
                0x0800e154       0x48 ./Drivers/STM32H7xx_HAL_Driver/Src/stm32h7xx_ll_usb.o
                0x0800e154                USB_ActivateSetup
 .text.USB_EP0_OutStart
                0x0800e19c       0xbc ./Drivers/STM32H7xx_HAL_Driver/Src/stm32h7xx_ll_usb.o
                0x0800e19c                USB_EP0_OutStart
 .text.USB_CoreReset
                0x0800e258       0x62 ./Drivers/STM32H7xx_HAL_Driver/Src/stm32h7xx_ll_usb.o
 *fill*         0x0800e2ba        0x2 
 .text.USBD_CDC_Init
                0x0800e2bc      0x1f0 ./Middlewares/ST/STM32_USB_Device_Library/Class/CDC/Src/usbd_cdc.o
 .text.USBD_CDC_DeInit
                0x0800e4ac      0x104 ./Middlewares/ST/STM32_USB_Device_Library/Class/CDC/Src/usbd_cdc.o
 .text.USBD_CDC_Setup
                0x0800e5b0      0x1b8 ./Middlewares/ST/STM32_USB_Device_Library/Class/CDC/Src/usbd_cdc.o
 .text.USBD_CDC_DataIn
                0x0800e768       0xfe ./Middlewares/ST/STM32_USB_Device_Library/Class/CDC/Src/usbd_cdc.o
 .text.USBD_CDC_DataOut
                0x0800e866       0x70 ./Middlewares/ST/STM32_USB_Device_Library/Class/CDC/Src/usbd_cdc.o
 .text.USBD_CDC_EP0_RxReady
                0x0800e8d6       0x74 ./Middlewares/ST/STM32_USB_Device_Library/Class/CDC/Src/usbd_cdc.o
 *fill*         0x0800e94a        0x2 
 .text.USBD_CDC_GetFSCfgDesc
                0x0800e94c       0x70 ./Middlewares/ST/STM32_USB_Device_Library/Class/CDC/Src/usbd_cdc.o
 .text.USBD_CDC_GetHSCfgDesc
                0x0800e9bc       0x70 ./Middlewares/ST/STM32_USB_Device_Library/Class/CDC/Src/usbd_cdc.o
 .text.USBD_CDC_GetOtherSpeedCfgDesc
                0x0800ea2c       0x70 ./Middlewares/ST/STM32_USB_Device_Library/Class/CDC/Src/usbd_cdc.o
 .text.USBD_CDC_GetDeviceQualifierDescriptor
                0x0800ea9c       0x20 ./Middlewares/ST/STM32_USB_Device_Library/Class/CDC/Src/usbd_cdc.o
                0x0800ea9c                USBD_CDC_GetDeviceQualifierDescriptor
 .text.USBD_CDC_RegisterInterface
                0x0800eabc       0x34 ./Middlewares/ST/STM32_USB_Device_Library/Class/CDC/Src/usbd_cdc.o
                0x0800eabc                USBD_CDC_RegisterInterface
 .text.USBD_CDC_SetTxBuffer
                0x0800eaf0       0x44 ./Middlewares/ST/STM32_USB_Device_Library/Class/CDC/Src/usbd_cdc.o
                0x0800eaf0                USBD_CDC_SetTxBuffer
 .text.USBD_CDC_SetRxBuffer
                0x0800eb34       0x3a ./Middlewares/ST/STM32_USB_Device_Library/Class/CDC/Src/usbd_cdc.o
                0x0800eb34                USBD_CDC_SetRxBuffer
 *fill*         0x0800eb6e        0x2 
 .text.USBD_CDC_ReceivePacket
                0x0800eb70       0x6c ./Middlewares/ST/STM32_USB_Device_Library/Class/CDC/Src/usbd_cdc.o
                0x0800eb70                USBD_CDC_ReceivePacket
 .text.USBD_Init
                0x0800ebdc       0x60 ./Middlewares/ST/STM32_USB_Device_Library/Core/Src/usbd_core.o
                0x0800ebdc                USBD_Init
 .text.USBD_RegisterClass
                0x0800ec3c       0x6c ./Middlewares/ST/STM32_USB_Device_Library/Core/Src/usbd_core.o
                0x0800ec3c                USBD_RegisterClass
 .text.USBD_Start
                0x0800eca8       0x18 ./Middlewares/ST/STM32_USB_Device_Library/Core/Src/usbd_core.o
                0x0800eca8                USBD_Start
 .text.USBD_RunTestMode
                0x0800ecc0       0x16 ./Middlewares/ST/STM32_USB_Device_Library/Core/Src/usbd_core.o
                0x0800ecc0                USBD_RunTestMode
 .text.USBD_SetClassConfig
                0x0800ecd6       0x38 ./Middlewares/ST/STM32_USB_Device_Library/Core/Src/usbd_core.o
                0x0800ecd6                USBD_SetClassConfig
 .text.USBD_ClrClassConfig
                0x0800ed0e       0x34 ./Middlewares/ST/STM32_USB_Device_Library/Core/Src/usbd_core.o
                0x0800ed0e                USBD_ClrClassConfig
 .text.USBD_LL_SetupStage
                0x0800ed42       0xaa ./Middlewares/ST/STM32_USB_Device_Library/Core/Src/usbd_core.o
                0x0800ed42                USBD_LL_SetupStage
 .text.USBD_LL_DataOutStage
                0x0800edec      0x166 ./Middlewares/ST/STM32_USB_Device_Library/Core/Src/usbd_core.o
                0x0800edec                USBD_LL_DataOutStage
 .text.USBD_LL_DataInStage
                0x0800ef52      0x164 ./Middlewares/ST/STM32_USB_Device_Library/Core/Src/usbd_core.o
                0x0800ef52                USBD_LL_DataInStage
 .text.USBD_LL_Reset
                0x0800f0b6       0xa4 ./Middlewares/ST/STM32_USB_Device_Library/Core/Src/usbd_core.o
                0x0800f0b6                USBD_LL_Reset
 .text.USBD_LL_SetSpeed
                0x0800f15a       0x20 ./Middlewares/ST/STM32_USB_Device_Library/Core/Src/usbd_core.o
                0x0800f15a                USBD_LL_SetSpeed
 .text.USBD_LL_Suspend
                0x0800f17a       0x38 ./Middlewares/ST/STM32_USB_Device_Library/Core/Src/usbd_core.o
                0x0800f17a                USBD_LL_Suspend
 .text.USBD_LL_Resume
                0x0800f1b2       0x30 ./Middlewares/ST/STM32_USB_Device_Library/Core/Src/usbd_core.o
                0x0800f1b2                USBD_LL_Resume
 .text.USBD_LL_SOF
                0x0800f1e2       0x40 ./Middlewares/ST/STM32_USB_Device_Library/Core/Src/usbd_core.o
                0x0800f1e2                USBD_LL_SOF
 .text.USBD_LL_IsoINIncomplete
                0x0800f222       0x64 ./Middlewares/ST/STM32_USB_Device_Library/Core/Src/usbd_core.o
                0x0800f222                USBD_LL_IsoINIncomplete
 .text.USBD_LL_IsoOUTIncomplete
                0x0800f286       0x64 ./Middlewares/ST/STM32_USB_Device_Library/Core/Src/usbd_core.o
                0x0800f286                USBD_LL_IsoOUTIncomplete
 .text.USBD_LL_DevConnected
                0x0800f2ea       0x16 ./Middlewares/ST/STM32_USB_Device_Library/Core/Src/usbd_core.o
                0x0800f2ea                USBD_LL_DevConnected
 .text.USBD_LL_DevDisconnected
                0x0800f300       0x46 ./Middlewares/ST/STM32_USB_Device_Library/Core/Src/usbd_core.o
                0x0800f300                USBD_LL_DevDisconnected
 .text.USBD_CoreFindIF
                0x0800f346       0x1a ./Middlewares/ST/STM32_USB_Device_Library/Core/Src/usbd_core.o
                0x0800f346                USBD_CoreFindIF
 .text.USBD_CoreFindEP
                0x0800f360       0x1a ./Middlewares/ST/STM32_USB_Device_Library/Core/Src/usbd_core.o
                0x0800f360                USBD_CoreFindEP
 .text.USBD_GetEpDesc
                0x0800f37a       0x70 ./Middlewares/ST/STM32_USB_Device_Library/Core/Src/usbd_core.o
                0x0800f37a                USBD_GetEpDesc
 .text.USBD_GetNextDesc
                0x0800f3ea       0x38 ./Middlewares/ST/STM32_USB_Device_Library/Core/Src/usbd_core.o
                0x0800f3ea                USBD_GetNextDesc
 .text.SWAPBYTE
                0x0800f422       0x3e ./Middlewares/ST/STM32_USB_Device_Library/Core/Src/usbd_ctlreq.o
 .text.USBD_StdDevReq
                0x0800f460       0xe4 ./Middlewares/ST/STM32_USB_Device_Library/Core/Src/usbd_ctlreq.o
                0x0800f460                USBD_StdDevReq
 .text.USBD_StdItfReq
                0x0800f544       0xd8 ./Middlewares/ST/STM32_USB_Device_Library/Core/Src/usbd_ctlreq.o
                0x0800f544                USBD_StdItfReq
 .text.USBD_StdEPReq
                0x0800f61c      0x33a ./Middlewares/ST/STM32_USB_Device_Library/Core/Src/usbd_ctlreq.o
                0x0800f61c                USBD_StdEPReq
 *fill*         0x0800f956        0x2 
 .text.USBD_GetDescriptor
                0x0800f958      0x328 ./Middlewares/ST/STM32_USB_Device_Library/Core/Src/usbd_ctlreq.o
 .text.USBD_SetAddress
                0x0800fc80       0x88 ./Middlewares/ST/STM32_USB_Device_Library/Core/Src/usbd_ctlreq.o
 .text.USBD_SetConfig
                0x0800fd08      0x154 ./Middlewares/ST/STM32_USB_Device_Library/Core/Src/usbd_ctlreq.o
 .text.USBD_GetConfig
                0x0800fe5c       0x6c ./Middlewares/ST/STM32_USB_Device_Library/Core/Src/usbd_ctlreq.o
 .text.USBD_GetStatus
                0x0800fec8       0x68 ./Middlewares/ST/STM32_USB_Device_Library/Core/Src/usbd_ctlreq.o
 .text.USBD_SetFeature
                0x0800ff30       0x52 ./Middlewares/ST/STM32_USB_Device_Library/Core/Src/usbd_ctlreq.o
 .text.USBD_ClrFeature
                0x0800ff82       0x44 ./Middlewares/ST/STM32_USB_Device_Library/Core/Src/usbd_ctlreq.o
 .text.USBD_ParseSetupRequest
                0x0800ffc6       0x74 ./Middlewares/ST/STM32_USB_Device_Library/Core/Src/usbd_ctlreq.o
                0x0800ffc6                USBD_ParseSetupRequest
 .text.USBD_CtlError
                0x0801003a       0x22 ./Middlewares/ST/STM32_USB_Device_Library/Core/Src/usbd_ctlreq.o
                0x0801003a                USBD_CtlError
 .text.USBD_GetString
                0x0801005c       0xa4 ./Middlewares/ST/STM32_USB_Device_Library/Core/Src/usbd_ctlreq.o
                0x0801005c                USBD_GetString
 .text.USBD_GetLen
                0x08010100       0x34 ./Middlewares/ST/STM32_USB_Device_Library/Core/Src/usbd_ctlreq.o
 .text.USBD_CtlSendData
                0x08010134       0x36 ./Middlewares/ST/STM32_USB_Device_Library/Core/Src/usbd_ioreq.o
                0x08010134                USBD_CtlSendData
 .text.USBD_CtlContinueSendData
                0x0801016a       0x22 ./Middlewares/ST/STM32_USB_Device_Library/Core/Src/usbd_ioreq.o
                0x0801016a                USBD_CtlContinueSendData
 .text.USBD_CtlPrepareRx
                0x0801018c       0x3a ./Middlewares/ST/STM32_USB_Device_Library/Core/Src/usbd_ioreq.o
                0x0801018c                USBD_CtlPrepareRx
 .text.USBD_CtlContinueRx
                0x080101c6       0x22 ./Middlewares/ST/STM32_USB_Device_Library/Core/Src/usbd_ioreq.o
                0x080101c6                USBD_CtlContinueRx
 .text.USBD_CtlSendStatus
                0x080101e8       0x26 ./Middlewares/ST/STM32_USB_Device_Library/Core/Src/usbd_ioreq.o
                0x080101e8                USBD_CtlSendStatus
 .text.USBD_CtlReceiveStatus
                0x0801020e       0x26 ./Middlewares/ST/STM32_USB_Device_Library/Core/Src/usbd_ioreq.o
                0x0801020e                USBD_CtlReceiveStatus
 .text.MX_USB_DEVICE_Init
                0x08010234       0x64 ./USB_DEVICE/App/usb_device.o
                0x08010234                MX_USB_DEVICE_Init
 .text.CDC_Init_HS
                0x08010298       0x28 ./USB_DEVICE/App/usbd_cdc_if.o
 .text.CDC_DeInit_HS
                0x080102c0       0x10 ./USB_DEVICE/App/usbd_cdc_if.o
 .text.CDC_Control_HS
                0x080102d0       0xbc ./USB_DEVICE/App/usbd_cdc_if.o
 .text.CDC_Receive_HS
                0x0801038c       0x28 ./USB_DEVICE/App/usbd_cdc_if.o
 .text.CDC_TransmitCplt_HS
                0x080103b4       0x22 ./USB_DEVICE/App/usbd_cdc_if.o
 *fill*         0x080103d6        0x2 
 .text.USBD_HS_DeviceDescriptor
                0x080103d8       0x24 ./USB_DEVICE/App/usbd_desc.o
                0x080103d8                USBD_HS_DeviceDescriptor
 .text.USBD_HS_LangIDStrDescriptor
                0x080103fc       0x24 ./USB_DEVICE/App/usbd_desc.o
                0x080103fc                USBD_HS_LangIDStrDescriptor
 .text.USBD_HS_ProductStrDescriptor
                0x08010420       0x3c ./USB_DEVICE/App/usbd_desc.o
                0x08010420                USBD_HS_ProductStrDescriptor
 .text.USBD_HS_ManufacturerStrDescriptor
                0x0801045c       0x28 ./USB_DEVICE/App/usbd_desc.o
                0x0801045c                USBD_HS_ManufacturerStrDescriptor
 .text.USBD_HS_SerialStrDescriptor
                0x08010484       0x24 ./USB_DEVICE/App/usbd_desc.o
                0x08010484                USBD_HS_SerialStrDescriptor
 .text.USBD_HS_ConfigStrDescriptor
                0x080104a8       0x3c ./USB_DEVICE/App/usbd_desc.o
                0x080104a8                USBD_HS_ConfigStrDescriptor
 .text.USBD_HS_InterfaceStrDescriptor
                0x080104e4       0x3c ./USB_DEVICE/App/usbd_desc.o
                0x080104e4                USBD_HS_InterfaceStrDescriptor
 .text.Get_SerialNum
                0x08010520       0x58 ./USB_DEVICE/App/usbd_desc.o
 .text.IntToUnicode
                0x08010578       0x7e ./USB_DEVICE/App/usbd_desc.o
 *fill*         0x080105f6        0x2 
 .text.HAL_PCD_MspInit
                0x080105f8      0x144 ./USB_DEVICE/Target/usbd_conf.o
                0x080105f8                HAL_PCD_MspInit
 .text.HAL_PCD_SetupStageCallback
                0x0801073c       0x24 ./USB_DEVICE/Target/usbd_conf.o
                0x0801073c                HAL_PCD_SetupStageCallback
 .text.HAL_PCD_DataOutStageCallback
                0x08010760       0x36 ./USB_DEVICE/Target/usbd_conf.o
                0x08010760                HAL_PCD_DataOutStageCallback
 .text.HAL_PCD_DataInStageCallback
                0x08010796       0x34 ./USB_DEVICE/Target/usbd_conf.o
                0x08010796                HAL_PCD_DataInStageCallback
 .text.HAL_PCD_SOFCallback
                0x080107ca       0x1c ./USB_DEVICE/Target/usbd_conf.o
                0x080107ca                HAL_PCD_SOFCallback
 .text.HAL_PCD_ResetCallback
                0x080107e6       0x50 ./USB_DEVICE/Target/usbd_conf.o
                0x080107e6                HAL_PCD_ResetCallback
 *fill*         0x08010836        0x2 
 .text.HAL_PCD_SuspendCallback
                0x08010838       0x4c ./USB_DEVICE/Target/usbd_conf.o
                0x08010838                HAL_PCD_SuspendCallback
 .text.HAL_PCD_ResumeCallback
                0x08010884       0x1c ./USB_DEVICE/Target/usbd_conf.o
                0x08010884                HAL_PCD_ResumeCallback
 .text.HAL_PCD_ISOOUTIncompleteCallback
                0x080108a0       0x24 ./USB_DEVICE/Target/usbd_conf.o
                0x080108a0                HAL_PCD_ISOOUTIncompleteCallback
 .text.HAL_PCD_ISOINIncompleteCallback
                0x080108c4       0x24 ./USB_DEVICE/Target/usbd_conf.o
                0x080108c4                HAL_PCD_ISOINIncompleteCallback
 .text.HAL_PCD_ConnectCallback
                0x080108e8       0x1c ./USB_DEVICE/Target/usbd_conf.o
                0x080108e8                HAL_PCD_ConnectCallback
 .text.HAL_PCD_DisconnectCallback
                0x08010904       0x1c ./USB_DEVICE/Target/usbd_conf.o
                0x08010904                HAL_PCD_DisconnectCallback
 .text.USBD_LL_Init
                0x08010920       0xa4 ./USB_DEVICE/Target/usbd_conf.o
                0x08010920                USBD_LL_Init
 .text.USBD_LL_Start
                0x080109c4       0x36 ./USB_DEVICE/Target/usbd_conf.o
                0x080109c4                USBD_LL_Start
 .text.USBD_LL_OpenEP
                0x080109fa       0x4c ./USB_DEVICE/Target/usbd_conf.o
                0x080109fa                USBD_LL_OpenEP
 .text.USBD_LL_CloseEP
                0x08010a46       0x3e ./USB_DEVICE/Target/usbd_conf.o
                0x08010a46                USBD_LL_CloseEP
 .text.USBD_LL_StallEP
                0x08010a84       0x3e ./USB_DEVICE/Target/usbd_conf.o
                0x08010a84                USBD_LL_StallEP
 .text.USBD_LL_ClearStallEP
                0x08010ac2       0x3e ./USB_DEVICE/Target/usbd_conf.o
                0x08010ac2                USBD_LL_ClearStallEP
 .text.USBD_LL_IsStallEP
                0x08010b00       0x58 ./USB_DEVICE/Target/usbd_conf.o
                0x08010b00                USBD_LL_IsStallEP
 .text.USBD_LL_SetUSBAddress
                0x08010b58       0x3e ./USB_DEVICE/Target/usbd_conf.o
                0x08010b58                USBD_LL_SetUSBAddress
 .text.USBD_LL_Transmit
                0x08010b96       0x42 ./USB_DEVICE/Target/usbd_conf.o
                0x08010b96                USBD_LL_Transmit
 .text.USBD_LL_PrepareReceive
                0x08010bd8       0x42 ./USB_DEVICE/Target/usbd_conf.o
                0x08010bd8                USBD_LL_PrepareReceive
 .text.USBD_LL_GetRxDataSize
                0x08010c1a       0x26 ./USB_DEVICE/Target/usbd_conf.o
                0x08010c1a                USBD_LL_GetRxDataSize
 .text.USBD_static_malloc
                0x08010c40       0x1c ./USB_DEVICE/Target/usbd_conf.o
                0x08010c40                USBD_static_malloc
 .text.USBD_static_free
                0x08010c5c       0x14 ./USB_DEVICE/Target/usbd_conf.o
                0x08010c5c                USBD_static_free
 .text.USBD_Get_USB_Status
                0x08010c70       0x58 ./USB_DEVICE/Target/usbd_conf.o
                0x08010c70                USBD_Get_USB_Status
 .text.sprintf  0x08010cc8       0x44 C:/ST/STM32CubeIDE_1.17.0/STM32CubeIDE/plugins/com.st.stm32cube.ide.mcu.externaltools.gnu-tools-for-stm32.13.3.rel1.win32_1.0.0.202411081344/tools/bin/../lib/gcc/arm-none-eabi/13.3.1/../../../../arm-none-eabi/lib/thumb/v7e-m+dp/hard\libc_nano.a(libc_a-sprintf.o)
                0x08010cc8                siprintf
                0x08010cc8                sprintf
 .text.memset   0x08010d0c       0x10 C:/ST/STM32CubeIDE_1.17.0/STM32CubeIDE/plugins/com.st.stm32cube.ide.mcu.externaltools.gnu-tools-for-stm32.13.3.rel1.win32_1.0.0.202411081344/tools/bin/../lib/gcc/arm-none-eabi/13.3.1/../../../../arm-none-eabi/lib/thumb/v7e-m+dp/hard\libc_nano.a(libc_a-memset.o)
                0x08010d0c                memset
 .text.__errno  0x08010d1c        0xc C:/ST/STM32CubeIDE_1.17.0/STM32CubeIDE/plugins/com.st.stm32cube.ide.mcu.externaltools.gnu-tools-for-stm32.13.3.rel1.win32_1.0.0.202411081344/tools/bin/../lib/gcc/arm-none-eabi/13.3.1/../../../../arm-none-eabi/lib/thumb/v7e-m+dp/hard\libc_nano.a(libc_a-errno.o)
                0x08010d1c                __errno
 .text.__libc_init_array
                0x08010d28       0x48 C:/ST/STM32CubeIDE_1.17.0/STM32CubeIDE/plugins/com.st.stm32cube.ide.mcu.externaltools.gnu-tools-for-stm32.13.3.rel1.win32_1.0.0.202411081344/tools/bin/../lib/gcc/arm-none-eabi/13.3.1/../../../../arm-none-eabi/lib/thumb/v7e-m+dp/hard\libc_nano.a(libc_a-init.o)
                0x08010d28                __libc_init_array
 .text.__retarget_lock_acquire_recursive
                0x08010d70        0x2 C:/ST/STM32CubeIDE_1.17.0/STM32CubeIDE/plugins/com.st.stm32cube.ide.mcu.externaltools.gnu-tools-for-stm32.13.3.rel1.win32_1.0.0.202411081344/tools/bin/../lib/gcc/arm-none-eabi/13.3.1/../../../../arm-none-eabi/lib/thumb/v7e-m+dp/hard\libc_nano.a(libc_a-lock.o)
                0x08010d70                __retarget_lock_acquire_recursive
 .text.__retarget_lock_release_recursive
                0x08010d72        0x2 C:/ST/STM32CubeIDE_1.17.0/STM32CubeIDE/plugins/com.st.stm32cube.ide.mcu.externaltools.gnu-tools-for-stm32.13.3.rel1.win32_1.0.0.202411081344/tools/bin/../lib/gcc/arm-none-eabi/13.3.1/../../../../arm-none-eabi/lib/thumb/v7e-m+dp/hard\libc_nano.a(libc_a-lock.o)
                0x08010d72                __retarget_lock_release_recursive
 .text._free_r  0x08010d74       0x94 C:/ST/STM32CubeIDE_1.17.0/STM32CubeIDE/plugins/com.st.stm32cube.ide.mcu.externaltools.gnu-tools-for-stm32.13.3.rel1.win32_1.0.0.202411081344/tools/bin/../lib/gcc/arm-none-eabi/13.3.1/../../../../arm-none-eabi/lib/thumb/v7e-m+dp/hard\libc_nano.a(libc_a-freer.o)
                0x08010d74                _free_r
 .text.sbrk_aligned
                0x08010e08       0x44 C:/ST/STM32CubeIDE_1.17.0/STM32CubeIDE/plugins/com.st.stm32cube.ide.mcu.externaltools.gnu-tools-for-stm32.13.3.rel1.win32_1.0.0.202411081344/tools/bin/../lib/gcc/arm-none-eabi/13.3.1/../../../../arm-none-eabi/lib/thumb/v7e-m+dp/hard\libc_nano.a(libc_a-mallocr.o)
 .text._malloc_r
                0x08010e4c      0x100 C:/ST/STM32CubeIDE_1.17.0/STM32CubeIDE/plugins/com.st.stm32cube.ide.mcu.externaltools.gnu-tools-for-stm32.13.3.rel1.win32_1.0.0.202411081344/tools/bin/../lib/gcc/arm-none-eabi/13.3.1/../../../../arm-none-eabi/lib/thumb/v7e-m+dp/hard\libc_nano.a(libc_a-mallocr.o)
                0x08010e4c                _malloc_r
 .text.__malloc_lock
                0x08010f4c        0xc C:/ST/STM32CubeIDE_1.17.0/STM32CubeIDE/plugins/com.st.stm32cube.ide.mcu.externaltools.gnu-tools-for-stm32.13.3.rel1.win32_1.0.0.202411081344/tools/bin/../lib/gcc/arm-none-eabi/13.3.1/../../../../arm-none-eabi/lib/thumb/v7e-m+dp/hard\libc_nano.a(libc_a-mlock.o)
                0x08010f4c                __malloc_lock
 .text.__malloc_unlock
                0x08010f58        0xc C:/ST/STM32CubeIDE_1.17.0/STM32CubeIDE/plugins/com.st.stm32cube.ide.mcu.externaltools.gnu-tools-for-stm32.13.3.rel1.win32_1.0.0.202411081344/tools/bin/../lib/gcc/arm-none-eabi/13.3.1/../../../../arm-none-eabi/lib/thumb/v7e-m+dp/hard\libc_nano.a(libc_a-mlock.o)
                0x08010f58                __malloc_unlock
 .text.__ssputs_r
                0x08010f64       0xb6 C:/ST/STM32CubeIDE_1.17.0/STM32CubeIDE/plugins/com.st.stm32cube.ide.mcu.externaltools.gnu-tools-for-stm32.13.3.rel1.win32_1.0.0.202411081344/tools/bin/../lib/gcc/arm-none-eabi/13.3.1/../../../../arm-none-eabi/lib/thumb/v7e-m+dp/hard\libc_nano.a(libc_a-nano-svfprintf.o)
                0x08010f64                __ssputs_r
 *fill*         0x0801101a        0x2 
 .text._svfprintf_r
                0x0801101c      0x1f8 C:/ST/STM32CubeIDE_1.17.0/STM32CubeIDE/plugins/com.st.stm32cube.ide.mcu.externaltools.gnu-tools-for-stm32.13.3.rel1.win32_1.0.0.202411081344/tools/bin/../lib/gcc/arm-none-eabi/13.3.1/../../../../arm-none-eabi/lib/thumb/v7e-m+dp/hard\libc_nano.a(libc_a-nano-svfprintf.o)
                0x0801101c                _svfiprintf_r
                0x0801101c                _svfprintf_r
 .text._printf_common
                0x08011214       0xda C:/ST/STM32CubeIDE_1.17.0/STM32CubeIDE/plugins/com.st.stm32cube.ide.mcu.externaltools.gnu-tools-for-stm32.13.3.rel1.win32_1.0.0.202411081344/tools/bin/../lib/gcc/arm-none-eabi/13.3.1/../../../../arm-none-eabi/lib/thumb/v7e-m+dp/hard\libc_nano.a(libc_a-nano-vfprintf_i.o)
                0x08011214                _printf_common
 *fill*         0x080112ee        0x2 
 .text._printf_i
                0x080112f0      0x23c C:/ST/STM32CubeIDE_1.17.0/STM32CubeIDE/plugins/com.st.stm32cube.ide.mcu.externaltools.gnu-tools-for-stm32.13.3.rel1.win32_1.0.0.202411081344/tools/bin/../lib/gcc/arm-none-eabi/13.3.1/../../../../arm-none-eabi/lib/thumb/v7e-m+dp/hard\libc_nano.a(libc_a-nano-vfprintf_i.o)
                0x080112f0                _printf_i
 .text.memmove  0x0801152c       0x34 C:/ST/STM32CubeIDE_1.17.0/STM32CubeIDE/plugins/com.st.stm32cube.ide.mcu.externaltools.gnu-tools-for-stm32.13.3.rel1.win32_1.0.0.202411081344/tools/bin/../lib/gcc/arm-none-eabi/13.3.1/../../../../arm-none-eabi/lib/thumb/v7e-m+dp/hard\libc_nano.a(libc_a-memmove.o)
                0x0801152c                memmove
 .text._sbrk_r  0x08011560       0x20 C:/ST/STM32CubeIDE_1.17.0/STM32CubeIDE/plugins/com.st.stm32cube.ide.mcu.externaltools.gnu-tools-for-stm32.13.3.rel1.win32_1.0.0.202411081344/tools/bin/../lib/gcc/arm-none-eabi/13.3.1/../../../../arm-none-eabi/lib/thumb/v7e-m+dp/hard\libc_nano.a(libc_a-sbrkr.o)
                0x08011560                _sbrk_r
 .text.memcpy   0x08011580       0x1c C:/ST/STM32CubeIDE_1.17.0/STM32CubeIDE/plugins/com.st.stm32cube.ide.mcu.externaltools.gnu-tools-for-stm32.13.3.rel1.win32_1.0.0.202411081344/tools/bin/../lib/gcc/arm-none-eabi/13.3.1/../../../../arm-none-eabi/lib/thumb/v7e-m+dp/hard\libc_nano.a(libc_a-memcpy-stub.o)
                0x08011580                memcpy
 .text._realloc_r
                0x0801159c       0x5c C:/ST/STM32CubeIDE_1.17.0/STM32CubeIDE/plugins/com.st.stm32cube.ide.mcu.externaltools.gnu-tools-for-stm32.13.3.rel1.win32_1.0.0.202411081344/tools/bin/../lib/gcc/arm-none-eabi/13.3.1/../../../../arm-none-eabi/lib/thumb/v7e-m+dp/hard\libc_nano.a(libc_a-reallocr.o)
                0x0801159c                _realloc_r
 .text._malloc_usable_size_r
                0x080115f8       0x10 C:/ST/STM32CubeIDE_1.17.0/STM32CubeIDE/plugins/com.st.stm32cube.ide.mcu.externaltools.gnu-tools-for-stm32.13.3.rel1.win32_1.0.0.202411081344/tools/bin/../lib/gcc/arm-none-eabi/13.3.1/../../../../arm-none-eabi/lib/thumb/v7e-m+dp/hard\libc_nano.a(libc_a-msizer.o)
                0x080115f8                _malloc_usable_size_r
 *(.glue_7)
 .glue_7        0x08011608        0x0 linker stubs
 *(.glue_7t)
 .glue_7t       0x08011608        0x0 linker stubs
 *(.eh_frame)
 .eh_frame      0x08011608        0x0 C:/ST/STM32CubeIDE_1.17.0/STM32CubeIDE/plugins/com.st.stm32cube.ide.mcu.externaltools.gnu-tools-for-stm32.13.3.rel1.win32_1.0.0.202411081344/tools/bin/../lib/gcc/arm-none-eabi/13.3.1/thumb/v7e-m+dp/hard/crtbegin.o
 *(.init)
 .init          0x08011608        0x4 C:/ST/STM32CubeIDE_1.17.0/STM32CubeIDE/plugins/com.st.stm32cube.ide.mcu.externaltools.gnu-tools-for-stm32.13.3.rel1.win32_1.0.0.202411081344/tools/bin/../lib/gcc/arm-none-eabi/13.3.1/thumb/v7e-m+dp/hard/crti.o
                0x08011608                _init
 .init          0x0801160c        0x8 C:/ST/STM32CubeIDE_1.17.0/STM32CubeIDE/plugins/com.st.stm32cube.ide.mcu.externaltools.gnu-tools-for-stm32.13.3.rel1.win32_1.0.0.202411081344/tools/bin/../lib/gcc/arm-none-eabi/13.3.1/thumb/v7e-m+dp/hard/crtn.o
 *(.fini)
 .fini          0x08011614        0x4 C:/ST/STM32CubeIDE_1.17.0/STM32CubeIDE/plugins/com.st.stm32cube.ide.mcu.externaltools.gnu-tools-for-stm32.13.3.rel1.win32_1.0.0.202411081344/tools/bin/../lib/gcc/arm-none-eabi/13.3.1/thumb/v7e-m+dp/hard/crti.o
                0x08011614                _fini
 .fini          0x08011618        0x8 C:/ST/STM32CubeIDE_1.17.0/STM32CubeIDE/plugins/com.st.stm32cube.ide.mcu.externaltools.gnu-tools-for-stm32.13.3.rel1.win32_1.0.0.202411081344/tools/bin/../lib/gcc/arm-none-eabi/13.3.1/thumb/v7e-m+dp/hard/crtn.o
                0x08011620                        . = ALIGN (0x4)
                0x08011620                        _etext = .

.vfp11_veneer   0x08011620        0x0
 .vfp11_veneer  0x08011620        0x0 linker stubs

.v4_bx          0x08011620        0x0
 .v4_bx         0x08011620        0x0 linker stubs

.iplt           0x08011620        0x0
 .iplt          0x08011620        0x0 C:/ST/STM32CubeIDE_1.17.0/STM32CubeIDE/plugins/com.st.stm32cube.ide.mcu.externaltools.gnu-tools-for-stm32.13.3.rel1.win32_1.0.0.202411081344/tools/bin/../lib/gcc/arm-none-eabi/13.3.1/thumb/v7e-m+dp/hard/crtbegin.o

.rodata         0x08011620      0x1d8
                0x08011620                        . = ALIGN (0x4)
 *(.rodata)
 .rodata        0x08011620      0x13c ./Core/Src/radio.o
 .rodata        0x0801175c        0x5 ./Core/Src/routines.o
 *fill*         0x08011761        0x3 
 .rodata        0x08011764       0x46 ./USB_DEVICE/App/usbd_desc.o
 *(.rodata*)
 *fill*         0x080117aa        0x2 
 .rodata.D1CorePrescTable
                0x080117ac       0x10 ./Core/Src/system_stm32h7xx.o
                0x080117ac                D1CorePrescTable
 .rodata.flagBitshiftOffset.0
                0x080117bc        0x8 ./Drivers/STM32H7xx_HAL_Driver/Src/stm32h7xx_hal_dma.o
 .rodata._svfprintf_r.str1.1
                0x080117c4       0x33 C:/ST/STM32CubeIDE_1.17.0/STM32CubeIDE/plugins/com.st.stm32cube.ide.mcu.externaltools.gnu-tools-for-stm32.13.3.rel1.win32_1.0.0.202411081344/tools/bin/../lib/gcc/arm-none-eabi/13.3.1/../../../../arm-none-eabi/lib/thumb/v7e-m+dp/hard\libc_nano.a(libc_a-nano-svfprintf.o)
                                 0x11 (size before relaxing)
 .rodata._printf_i.str1.1
                0x080117f7       0x22 C:/ST/STM32CubeIDE_1.17.0/STM32CubeIDE/plugins/com.st.stm32cube.ide.mcu.externaltools.gnu-tools-for-stm32.13.3.rel1.win32_1.0.0.202411081344/tools/bin/../lib/gcc/arm-none-eabi/13.3.1/../../../../arm-none-eabi/lib/thumb/v7e-m+dp/hard\libc_nano.a(libc_a-nano-vfprintf_i.o)
                0x0801181c                        . = ALIGN (0x4)
 *fill*         0x080117f7        0x1 

.ARM.extab
 *(.ARM.extab* .gnu.linkonce.armextab.*)

.ARM            0x080117f8        0x8
                0x080117f8                        __exidx_start = .
 *(.ARM.exidx*)
 .ARM.exidx     0x080117f8        0x8 C:/ST/STM32CubeIDE_1.17.0/STM32CubeIDE/plugins/com.st.stm32cube.ide.mcu.externaltools.gnu-tools-for-stm32.13.3.rel1.win32_1.0.0.202411081344/tools/bin/../lib/gcc/arm-none-eabi/13.3.1/../../../../arm-none-eabi/lib/thumb/v7e-m+dp/hard\libc_nano.a(libc_a-memchr.o)
                0x08011800                        __exidx_end = .

.preinit_array  0x08011800        0x0
                0x08011800                        PROVIDE (__preinit_array_start = .)
 *(.preinit_array*)
                0x08011800                        PROVIDE (__preinit_array_end = .)

.init_array     0x08011800        0x4
                0x08011800                        PROVIDE (__init_array_start = .)
 *(SORT_BY_NAME(.init_array.*))
 *(.init_array*)
 .init_array    0x08011800        0x4 C:/ST/STM32CubeIDE_1.17.0/STM32CubeIDE/plugins/com.st.stm32cube.ide.mcu.externaltools.gnu-tools-for-stm32.13.3.rel1.win32_1.0.0.202411081344/tools/bin/../lib/gcc/arm-none-eabi/13.3.1/thumb/v7e-m+dp/hard/crtbegin.o
                0x08011804                        PROVIDE (__init_array_end = .)

.fini_array     0x08011804        0x4
                [!provide]                        PROVIDE (__fini_array_start = .)
 *(SORT_BY_NAME(.fini_array.*))
 *(.fini_array*)
 .fini_array    0x08011804        0x4 C:/ST/STM32CubeIDE_1.17.0/STM32CubeIDE/plugins/com.st.stm32cube.ide.mcu.externaltools.gnu-tools-for-stm32.13.3.rel1.win32_1.0.0.202411081344/tools/bin/../lib/gcc/arm-none-eabi/13.3.1/thumb/v7e-m+dp/hard/crtbegin.o
                [!provide]                        PROVIDE (__fini_array_end = .)
                0x08011808                        _sidata = LOADADDR (.data)

.rel.dyn        0x08011808        0x0
 .rel.iplt      0x08011808        0x0 C:/ST/STM32CubeIDE_1.17.0/STM32CubeIDE/plugins/com.st.stm32cube.ide.mcu.externaltools.gnu-tools-for-stm32.13.3.rel1.win32_1.0.0.202411081344/tools/bin/../lib/gcc/arm-none-eabi/13.3.1/thumb/v7e-m+dp/hard/crtbegin.o

.data           0x24000000      0x154 load address 0x08011808
                0x24000000                        . = ALIGN (0x4)
                0x24000000                        _sdata = .
 *(.data)
 *(.data*)
 .data.SystemCoreClock
                0x24000000        0x4 ./Core/Src/system_stm32h7xx.o
                0x24000000                SystemCoreClock
 .data.SystemD2Clock
                0x24000004        0x4 ./Core/Src/system_stm32h7xx.o
                0x24000004                SystemD2Clock
 .data.uwTickPrio
                0x24000008        0x4 ./Drivers/STM32H7xx_HAL_Driver/Src/stm32h7xx_hal.o
                0x24000008                uwTickPrio
 .data.uwTickFreq
                0x2400000c        0x1 ./Drivers/STM32H7xx_HAL_Driver/Src/stm32h7xx_hal.o
                0x2400000c                uwTickFreq
 *fill*         0x2400000d        0x3 
 .data.USBD_CDC_DeviceQualifierDesc
                0x24000010        0xa ./Middlewares/ST/STM32_USB_Device_Library/Class/CDC/Src/usbd_cdc.o
 *fill*         0x2400001a        0x2 
 .data.USBD_CDC
                0x2400001c       0x38 ./Middlewares/ST/STM32_USB_Device_Library/Class/CDC/Src/usbd_cdc.o
                0x2400001c                USBD_CDC
 .data.USBD_CDC_CfgDesc
                0x24000054       0x43 ./Middlewares/ST/STM32_USB_Device_Library/Class/CDC/Src/usbd_cdc.o
 .data.CDCInEpAdd
                0x24000097        0x1 ./Middlewares/ST/STM32_USB_Device_Library/Class/CDC/Src/usbd_cdc.o
 .data.CDCOutEpAdd
                0x24000098        0x1 ./Middlewares/ST/STM32_USB_Device_Library/Class/CDC/Src/usbd_cdc.o
 .data.CDCCmdEpAdd
                0x24000099        0x1 ./Middlewares/ST/STM32_USB_Device_Library/Class/CDC/Src/usbd_cdc.o
 *fill*         0x2400009a        0x2 
 .data.USBD_Interface_fops_HS
                0x2400009c       0x14 ./USB_DEVICE/App/usbd_cdc_if.o
                0x2400009c                USBD_Interface_fops_HS
 .data.HS_Desc  0x240000b0       0x20 ./USB_DEVICE/App/usbd_desc.o
                0x240000b0                HS_Desc
 .data.USBD_HS_DeviceDesc
                0x240000d0       0x12 ./USB_DEVICE/App/usbd_desc.o
                0x240000d0                USBD_HS_DeviceDesc
 *fill*         0x240000e2        0x2 
 .data.USBD_LangIDDesc
                0x240000e4        0x4 ./USB_DEVICE/App/usbd_desc.o
                0x240000e4                USBD_LangIDDesc
 .data.USBD_StringSerial
                0x240000e8       0x1a ./USB_DEVICE/App/usbd_desc.o
                0x240000e8                USBD_StringSerial
 *fill*         0x24000102        0x2 
 .data._impure_ptr
                0x24000104        0x4 C:/ST/STM32CubeIDE_1.17.0/STM32CubeIDE/plugins/com.st.stm32cube.ide.mcu.externaltools.gnu-tools-for-stm32.13.3.rel1.win32_1.0.0.202411081344/tools/bin/../lib/gcc/arm-none-eabi/13.3.1/../../../../arm-none-eabi/lib/thumb/v7e-m+dp/hard\libc_nano.a(libc_a-impure.o)
                0x24000104                _impure_ptr
 .data._impure_data
                0x24000108       0x4c C:/ST/STM32CubeIDE_1.17.0/STM32CubeIDE/plugins/com.st.stm32cube.ide.mcu.externaltools.gnu-tools-for-stm32.13.3.rel1.win32_1.0.0.202411081344/tools/bin/../lib/gcc/arm-none-eabi/13.3.1/../../../../arm-none-eabi/lib/thumb/v7e-m+dp/hard\libc_nano.a(libc_a-impure.o)
                0x24000108                _impure_data
 *(.RamFunc)
 *(.RamFunc*)
                0x24000154                        . = ALIGN (0x4)
                0x24000154                        _edata = .

.igot.plt       0x24000154        0x0 load address 0x0801195c
 .igot.plt      0x24000154        0x0 C:/ST/STM32CubeIDE_1.17.0/STM32CubeIDE/plugins/com.st.stm32cube.ide.mcu.externaltools.gnu-tools-for-stm32.13.3.rel1.win32_1.0.0.202411081344/tools/bin/../lib/gcc/arm-none-eabi/13.3.1/thumb/v7e-m+dp/hard/crtbegin.o
                0x24000154                        . = ALIGN (0x4)

.bss            0x24000154     0x20f8 load address 0x0801195c
                0x24000154                        _sbss = .
                0x24000154                        __bss_start__ = _sbss
 *(.bss)
 .bss           0x24000154       0x1c C:/ST/STM32CubeIDE_1.17.0/STM32CubeIDE/plugins/com.st.stm32cube.ide.mcu.externaltools.gnu-tools-for-stm32.13.3.rel1.win32_1.0.0.202411081344/tools/bin/../lib/gcc/arm-none-eabi/13.3.1/thumb/v7e-m+dp/hard/crtbegin.o
 *(.bss*)
 .bss.dma_flag  0x24000170        0x1 ./Core/Src/comms.o
 *fill*         0x24000171        0x3 
 .bss.data_buffer
                0x24000174       0x3d ./Core/Src/comms.o
 *fill*         0x240001b1        0x3 
 .bss.hadc1     0x240001b4       0x64 ./Core/Src/main.o
                0x240001b4                hadc1
 .bss.hadc2     0x24000218       0x64 ./Core/Src/main.o
                0x24000218                hadc2
 .bss.hdcmi     0x2400027c       0x50 ./Core/Src/main.o
                0x2400027c                hdcmi
 .bss.hdma_dcmi
                0x240002cc       0x78 ./Core/Src/main.o
                0x240002cc                hdma_dcmi
 .bss.hi2c2     0x24000344       0x54 ./Core/Src/main.o
                0x24000344                hi2c2
 .bss.hspi4     0x24000398       0x88 ./Core/Src/main.o
                0x24000398                hspi4
 .bss.hdma_spi4_tx
                0x24000420       0x78 ./Core/Src/main.o
                0x24000420                hdma_spi4_tx
 .bss.hdma_spi4_rx
                0x24000498       0x78 ./Core/Src/main.o
                0x24000498                hdma_spi4_rx
 .bss.status    0x24000510        0x1 ./Core/Src/main.o
                0x24000510                status
 .bss.error_index
                0x24000511        0x1 ./Core/Src/main.o
                0x24000511                error_index
 *fill*         0x24000512        0x2 
 .bss.HAL_RCC_ADC12_CLK_ENABLED
                0x24000514        0x4 ./Core/Src/stm32h7xx_hal_msp.o
 .bss.__sbrk_heap_end
                0x24000518        0x4 ./Core/Src/sysmem.o
 .bss.uwTick    0x2400051c        0x4 ./Drivers/STM32H7xx_HAL_Driver/Src/stm32h7xx_hal.o
                0x2400051c                uwTick
 .bss.cfgidx.0  0x24000520        0x1 ./Middlewares/ST/STM32_USB_Device_Library/Core/Src/usbd_ctlreq.o
 *fill*         0x24000521        0x3 
 .bss.hUsbDeviceHS
                0x24000524      0x2dc ./USB_DEVICE/App/usb_device.o
                0x24000524                hUsbDeviceHS
 .bss.UserRxBufferHS
                0x24000800      0x800 ./USB_DEVICE/App/usbd_cdc_if.o
                0x24000800                UserRxBufferHS
 .bss.UserTxBufferHS
                0x24001000      0x800 ./USB_DEVICE/App/usbd_cdc_if.o
                0x24001000                UserTxBufferHS
 .bss.USBD_StrDesc
                0x24001800      0x200 ./USB_DEVICE/App/usbd_desc.o
                0x24001800                USBD_StrDesc
 .bss.hpcd_USB_OTG_HS
                0x24001a00      0x4e4 ./USB_DEVICE/Target/usbd_conf.o
                0x24001a00                hpcd_USB_OTG_HS
 .bss.mem.0     0x24001ee4      0x220 ./USB_DEVICE/Target/usbd_conf.o
 .bss.__sf      0x24002104      0x138 C:/ST/STM32CubeIDE_1.17.0/STM32CubeIDE/plugins/com.st.stm32cube.ide.mcu.externaltools.gnu-tools-for-stm32.13.3.rel1.win32_1.0.0.202411081344/tools/bin/../lib/gcc/arm-none-eabi/13.3.1/../../../../arm-none-eabi/lib/thumb/v7e-m+dp/hard\libc_nano.a(libc_a-findfp.o)
                0x24002104                __sf
 .bss.errno     0x2400223c        0x4 C:/ST/STM32CubeIDE_1.17.0/STM32CubeIDE/plugins/com.st.stm32cube.ide.mcu.externaltools.gnu-tools-for-stm32.13.3.rel1.win32_1.0.0.202411081344/tools/bin/../lib/gcc/arm-none-eabi/13.3.1/../../../../arm-none-eabi/lib/thumb/v7e-m+dp/hard\libc_nano.a(libc_a-reent.o)
                0x2400223c                errno
 .bss.__lock___malloc_recursive_mutex
                0x24002240        0x1 C:/ST/STM32CubeIDE_1.17.0/STM32CubeIDE/plugins/com.st.stm32cube.ide.mcu.externaltools.gnu-tools-for-stm32.13.3.rel1.win32_1.0.0.202411081344/tools/bin/../lib/gcc/arm-none-eabi/13.3.1/../../../../arm-none-eabi/lib/thumb/v7e-m+dp/hard\libc_nano.a(libc_a-lock.o)
                0x24002240                __lock___malloc_recursive_mutex
 *fill*         0x24002241        0x3 
 .bss.__malloc_sbrk_start
                0x24002244        0x4 C:/ST/STM32CubeIDE_1.17.0/STM32CubeIDE/plugins/com.st.stm32cube.ide.mcu.externaltools.gnu-tools-for-stm32.13.3.rel1.win32_1.0.0.202411081344/tools/bin/../lib/gcc/arm-none-eabi/13.3.1/../../../../arm-none-eabi/lib/thumb/v7e-m+dp/hard\libc_nano.a(libc_a-mallocr.o)
                0x24002244                __malloc_sbrk_start
 .bss.__malloc_free_list
                0x24002248        0x4 C:/ST/STM32CubeIDE_1.17.0/STM32CubeIDE/plugins/com.st.stm32cube.ide.mcu.externaltools.gnu-tools-for-stm32.13.3.rel1.win32_1.0.0.202411081344/tools/bin/../lib/gcc/arm-none-eabi/13.3.1/../../../../arm-none-eabi/lib/thumb/v7e-m+dp/hard\libc_nano.a(libc_a-mallocr.o)
                0x24002248                __malloc_free_list
 *(COMMON)
                0x2400224c                        . = ALIGN (0x4)
                0x2400224c                        _ebss = .
                0x2400224c                        __bss_end__ = _ebss

._user_heap_stack
                0x2400224c      0x604 load address 0x0801195c
                0x24002250                        . = ALIGN (0x8)
 *fill*         0x2400224c        0x4 
                [!provide]                        PROVIDE (end = .)
                0x24002250                        PROVIDE (_end = .)
                0x24002450                        . = (. + _Min_Heap_Size)
 *fill*         0x24002250      0x200 
                0x24002850                        . = (. + _Min_Stack_Size)
 *fill*         0x24002450      0x400 
                0x24002850                        . = ALIGN (0x8)

/DISCARD/
 libc.a(*)
 libm.a(*)
 libgcc.a(*)

.ARM.attributes
                0x00000000       0x2e
 *(.ARM.attributes)
 .ARM.attributes
                0x00000000       0x20 C:/ST/STM32CubeIDE_1.17.0/STM32CubeIDE/plugins/com.st.stm32cube.ide.mcu.externaltools.gnu-tools-for-stm32.13.3.rel1.win32_1.0.0.202411081344/tools/bin/../lib/gcc/arm-none-eabi/13.3.1/thumb/v7e-m+dp/hard/crti.o
 .ARM.attributes
                0x00000020       0x32 C:/ST/STM32CubeIDE_1.17.0/STM32CubeIDE/plugins/com.st.stm32cube.ide.mcu.externaltools.gnu-tools-for-stm32.13.3.rel1.win32_1.0.0.202411081344/tools/bin/../lib/gcc/arm-none-eabi/13.3.1/thumb/v7e-m+dp/hard/crtbegin.o
 .ARM.attributes
                0x00000052       0x32 ./Core/Src/comms.o
 .ARM.attributes
                0x00000084       0x32 ./Core/Src/eps.o
 .ARM.attributes
                0x000000b6       0x32 ./Core/Src/main.o
 .ARM.attributes
                0x000000e8       0x32 ./Core/Src/radio.o
 .ARM.attributes
                0x0000011a       0x32 ./Core/Src/routines.o
 .ARM.attributes
                0x0000014c       0x32 ./Core/Src/stm32h7xx_hal_msp.o
 .ARM.attributes
                0x0000017e       0x32 ./Core/Src/stm32h7xx_it.o
 .ARM.attributes
                0x000001b0       0x32 ./Core/Src/sysmem.o
 .ARM.attributes
                0x000001e2       0x32 ./Core/Src/system_stm32h7xx.o
 .ARM.attributes
                0x00000214       0x21 ./Core/Startup/startup_stm32h7a3vitx.o
 .ARM.attributes
                0x00000235       0x32 ./Drivers/STM32H7xx_HAL_Driver/Src/stm32h7xx_hal.o
 .ARM.attributes
                0x00000267       0x32 ./Drivers/STM32H7xx_HAL_Driver/Src/stm32h7xx_hal_adc.o
 .ARM.attributes
                0x00000299       0x32 ./Drivers/STM32H7xx_HAL_Driver/Src/stm32h7xx_hal_adc_ex.o
 .ARM.attributes
                0x000002cb       0x32 ./Drivers/STM32H7xx_HAL_Driver/Src/stm32h7xx_hal_cortex.o
 .ARM.attributes
                0x000002fd       0x32 ./Drivers/STM32H7xx_HAL_Driver/Src/stm32h7xx_hal_dcmi.o
 .ARM.attributes
                0x0000032f       0x32 ./Drivers/STM32H7xx_HAL_Driver/Src/stm32h7xx_hal_dma.o
 .ARM.attributes
                0x00000361       0x32 ./Drivers/STM32H7xx_HAL_Driver/Src/stm32h7xx_hal_gpio.o
 .ARM.attributes
                0x00000393       0x32 ./Drivers/STM32H7xx_HAL_Driver/Src/stm32h7xx_hal_i2c.o
 .ARM.attributes
                0x000003c5       0x32 ./Drivers/STM32H7xx_HAL_Driver/Src/stm32h7xx_hal_i2c_ex.o
 .ARM.attributes
                0x000003f7       0x32 ./Drivers/STM32H7xx_HAL_Driver/Src/stm32h7xx_hal_pcd.o
 .ARM.attributes
                0x00000429       0x32 ./Drivers/STM32H7xx_HAL_Driver/Src/stm32h7xx_hal_pcd_ex.o
 .ARM.attributes