Archive member included to satisfy reference by file (symbol)

C:/ST/STM32CubeIDE_1.17.0/STM32CubeIDE/plugins/com.st.stm32cube.ide.mcu.externaltools.gnu-tools-for-stm32.13.3.rel1.win32_1.0.0.202411081344/tools/bin/../lib/gcc/arm-none-eabi/13.3.1/../../../../arm-none-eabi/lib/thumb/v7e-m+dp/hard\libc_nano.a(libc_a-exit.o)
                              C:/ST/STM32CubeIDE_1.17.0/STM32CubeIDE/plugins/com.st.stm32cube.ide.mcu.externaltools.gnu-tools-for-stm32.13.3.rel1.win32_1.0.0.202411081344/tools/bin/../lib/gcc/arm-none-eabi/13.3.1/../../../../arm-none-eabi/lib/thumb/v7e-m+dp/hard/crt0.o (exit)
C:/ST/STM32CubeIDE_1.17.0/STM32CubeIDE/plugins/com.st.stm32cube.ide.mcu.externaltools.gnu-tools-for-stm32.13.3.rel1.win32_1.0.0.202411081344/tools/bin/../lib/gcc/arm-none-eabi/13.3.1/../../../../arm-none-eabi/lib/thumb/v7e-m+dp/hard\libc_nano.a(libc_a-findfp.o)
                              C:/ST/STM32CubeIDE_1.17.0/STM32CubeIDE/plugins/com.st.stm32cube.ide.mcu.externaltools.gnu-tools-for-stm32.13.3.rel1.win32_1.0.0.202411081344/tools/bin/../lib/gcc/arm-none-eabi/13.3.1/../../../../arm-none-eabi/lib/thumb/v7e-m+dp/hard\libc_nano.a(libc_a-exit.o) (__stdio_exit_handler)
C:/ST/STM32CubeIDE_1.17.0/STM32CubeIDE/plugins/com.st.stm32cube.ide.mcu.externaltools.gnu-tools-for-stm32.13.3.rel1.win32_1.0.0.202411081344/tools/bin/../lib/gcc/arm-none-eabi/13.3.1/../../../../arm-none-eabi/lib/thumb/v7e-m+dp/hard\libc_nano.a(libc_a-fwalk.o)
                              C:/ST/STM32CubeIDE_1.17.0/STM32CubeIDE/plugins/com.st.stm32cube.ide.mcu.externaltools.gnu-tools-for-stm32.13.3.rel1.win32_1.0.0.202411081344/tools/bin/../lib/gcc/arm-none-eabi/13.3.1/../../../../arm-none-eabi/lib/thumb/v7e-m+dp/hard\libc_nano.a(libc_a-findfp.o) (_fwalk_sglue)
C:/ST/STM32CubeIDE_1.17.0/STM32CubeIDE/plugins/com.st.stm32cube.ide.mcu.externaltools.gnu-tools-for-stm32.13.3.rel1.win32_1.0.0.202411081344/tools/bin/../lib/gcc/arm-none-eabi/13.3.1/../../../../arm-none-eabi/lib/thumb/v7e-m+dp/hard\libc_nano.a(libc_a-stdio.o)
                              C:/ST/STM32CubeIDE_1.17.0/STM32CubeIDE/plugins/com.st.stm32cube.ide.mcu.externaltools.gnu-tools-for-stm32.13.3.rel1.win32_1.0.0.202411081344/tools/bin/../lib/gcc/arm-none-eabi/13.3.1/../../../../arm-none-eabi/lib/thumb/v7e-m+dp/hard\libc_nano.a(libc_a-findfp.o) (__sread)
C:/ST/STM32CubeIDE_1.17.0/STM32CubeIDE/plugins/com.st.stm32cube.ide.mcu.externaltools.gnu-tools-for-stm32.13.3.rel1.win32_1.0.0.202411081344/tools/bin/../lib/gcc/arm-none-eabi/13.3.1/../../../../arm-none-eabi/lib/thumb/v7e-m+dp/hard\libc_nano.a(libc_a-memset.o)
                              C:/ST/STM32CubeIDE_1.17.0/STM32CubeIDE/plugins/com.st.stm32cube.ide.mcu.externaltools.gnu-tools-for-stm32.13.3.rel1.win32_1.0.0.202411081344/tools/bin/../lib/gcc/arm-none-eabi/13.3.1/../../../../arm-none-eabi/lib/thumb/v7e-m+dp/hard/crt0.o (memset)
C:/ST/STM32CubeIDE_1.17.0/STM32CubeIDE/plugins/com.st.stm32cube.ide.mcu.externaltools.gnu-tools-for-stm32.13.3.rel1.win32_1.0.0.202411081344/tools/bin/../lib/gcc/arm-none-eabi/13.3.1/../../../../arm-none-eabi/lib/thumb/v7e-m+dp/hard\libc_nano.a(libc_a-closer.o)
                              C:/ST/STM32CubeIDE_1.17.0/STM32CubeIDE/plugins/com.st.stm32cube.ide.mcu.externaltools.gnu-tools-for-stm32.13.3.rel1.win32_1.0.0.202411081344/tools/bin/../lib/gcc/arm-none-eabi/13.3.1/../../../../arm-none-eabi/lib/thumb/v7e-m+dp/hard\libc_nano.a(libc_a-stdio.o) (_close_r)
C:/ST/STM32CubeIDE_1.17.0/STM32CubeIDE/plugins/com.st.stm32cube.ide.mcu.externaltools.gnu-tools-for-stm32.13.3.rel1.win32_1.0.0.202411081344/tools/bin/../lib/gcc/arm-none-eabi/13.3.1/../../../../arm-none-eabi/lib/thumb/v7e-m+dp/hard\libc_nano.a(libc_a-reent.o)
                              C:/ST/STM32CubeIDE_1.17.0/STM32CubeIDE/plugins/com.st.stm32cube.ide.mcu.externaltools.gnu-tools-for-stm32.13.3.rel1.win32_1.0.0.202411081344/tools/bin/../lib/gcc/arm-none-eabi/13.3.1/../../../../arm-none-eabi/lib/thumb/v7e-m+dp/hard\libc_nano.a(libc_a-closer.o) (errno)
C:/ST/STM32CubeIDE_1.17.0/STM32CubeIDE/plugins/com.st.stm32cube.ide.mcu.externaltools.gnu-tools-for-stm32.13.3.rel1.win32_1.0.0.202411081344/tools/bin/../lib/gcc/arm-none-eabi/13.3.1/../../../../arm-none-eabi/lib/thumb/v7e-m+dp/hard\libc_nano.a(libc_a-impure.o)
                              C:/ST/STM32CubeIDE_1.17.0/STM32CubeIDE/plugins/com.st.stm32cube.ide.mcu.externaltools.gnu-tools-for-stm32.13.3.rel1.win32_1.0.0.202411081344/tools/bin/../lib/gcc/arm-none-eabi/13.3.1/../../../../arm-none-eabi/lib/thumb/v7e-m+dp/hard\libc_nano.a(libc_a-reent.o) (_impure_ptr)
C:/ST/STM32CubeIDE_1.17.0/STM32CubeIDE/plugins/com.st.stm32cube.ide.mcu.externaltools.gnu-tools-for-stm32.13.3.rel1.win32_1.0.0.202411081344/tools/bin/../lib/gcc/arm-none-eabi/13.3.1/../../../../arm-none-eabi/lib/thumb/v7e-m+dp/hard\libc_nano.a(libc_a-lseekr.o)
[...]
Memory Configuration

Name             Origin             Length             Attributes
ITCMRAM          0x00000000         0x00010000         xrw
FLASH            0x08000000         0x00200000         xr
DTCMRAM1         0x20000000         0x00010000         xrw
DTCMRAM2         0x20010000         0x00010000         xrw
RAM              0x24000000         0x00100000         xrw
RAM_CD           0x30000000         0x00020000         xrw
RAM_SRD          0x38000000         0x00008000         xrw
*default*        0x00000000         0xffffffff

Linker script and memory map

LOAD C:/ST/STM32CubeIDE_1.17.0/STM32CubeIDE/plugins/com.st.stm32cube.ide.mcu.externaltools.gnu-tools-for-stm32.13.3.rel1.win32_1.0.0.202411081344/tools/bin/../lib/gcc/arm-none-eabi/13.3.1/thumb/v7e-m+dp/hard/crti.o
LOAD C:/ST/STM32CubeIDE_1.17.0/STM32CubeIDE/plugins/com.st.stm32cube.ide.mcu.externaltools.gnu-tools-for-stm32.13.3.rel1.win32_1.0.0.202411081344/tools/bin/../lib/gcc/arm-none-eabi/13.3.1/thumb/v7e-m+dp/hard/crtbegin.o
LOAD C:/ST/STM32CubeIDE_1.17.0/STM32CubeIDE/plugins/com.st.stm32cube.ide.mcu.externaltools.gnu-tools-for-stm32.13.3.rel1.win32_1.0.0.202411081344/tools/bin/../lib/gcc/arm-none-eabi/13.3.1/../../../../arm-none-eabi/lib/thumb/v7e-m+dp/hard/crt0.o
LOAD ./Core/Src/comms.o
LOAD ./Core/Src/eps.o
LOAD ./Core/Src/main.o
LOAD ./Core/Src/ov7670.o
LOAD ./Core/Src/radio.o
LOAD ./Core/Src/routines.o
LOAD ./Core/Src/stm32h7xx_hal_msp.o
LOAD ./Core/Src/stm32h7xx_it.o
LOAD ./Core/Src/syscalls.o
LOAD ./Core/Src/sysmem.o
LOAD ./Core/Src/system_stm32h7xx.o
LOAD ./Core/Startup/startup_stm32h7a3vitx.o
LOAD ./Drivers/STM32H7xx_HAL_Driver/Src/stm32h7xx_hal.o
LOAD ./Drivers/STM32H7xx_HAL_Driver/Src/stm32h7xx_hal_adc.o
LOAD ./Drivers/STM32H7xx_HAL_Driver/Src/stm32h7xx_hal_adc_ex.o
LOAD ./Drivers/STM32H7xx_HAL_Driver/Src/stm32h7xx_hal_cortex.o
LOAD ./Drivers/STM32H7xx_HAL_Driver/Src/stm32h7xx_hal_dcmi.o
LOAD ./Drivers/STM32H7xx_HAL_Driver/Src/stm32h7xx_hal_dma.o
LOAD ./Drivers/STM32H7xx_HAL_Driver/Src/stm32h7xx_hal_dma_ex.o
LOAD ./Drivers/STM32H7xx_HAL_Driver/Src/stm32h7xx_hal_exti.o
LOAD ./Drivers/STM32H7xx_HAL_Driver/Src/stm32h7xx_hal_flash.o
LOAD ./Drivers/STM32H7xx_HAL_Driver/Src/stm32h7xx_hal_flash_ex.o
LOAD ./Drivers/STM32H7xx_HAL_Driver/Src/stm32h7xx_hal_gpio.o
LOAD ./Drivers/STM32H7xx_HAL_Driver/Src/stm32h7xx_hal_hsem.o
LOAD ./Drivers/STM32H7xx_HAL_Driver/Src/stm32h7xx_hal_i2c.o
LOAD ./Drivers/STM32H7xx_HAL_Driver/Src/stm32h7xx_hal_i2c_ex.o
LOAD ./Drivers/STM32H7xx_HAL_Driver/Src/stm32h7xx_hal_mdma.o
LOAD ./Drivers/STM32H7xx_HAL_Driver/Src/stm32h7xx_hal_pcd.o
LOAD ./Drivers/STM32H7xx_HAL_Driver/Src/stm32h7xx_hal_pcd_ex.o
LOAD ./Drivers/STM32H7xx_HAL_Driver/Src/stm32h7xx_hal_pwr.o
LOAD ./Drivers/STM32H7xx_HAL_Driver/Src/stm32h7xx_hal_pwr_ex.o
LOAD ./Drivers/STM32H7xx_HAL_Driver/Src/stm32h7xx_hal_rcc.o
LOAD ./Drivers/STM32H7xx_HAL_Driver/Src/stm32h7xx_hal_rcc_ex.o
LOAD ./Drivers/STM32H7xx_HAL_Driver/Src/stm32h7xx_hal_spi.o
LOAD ./Drivers/STM32H7xx_HAL_Driver/Src/stm32h7xx_hal_spi_ex.o
LOAD ./Drivers/STM32H7xx_HAL_Driver/Src/stm32h7xx_ll_usb.o
LOAD ./Middlewares/ST/STM32_USB_Device_Library/Class/CDC/Src/usbd_cdc.o
LOAD ./Middlewares/ST/STM32_USB_Device_Library/Core/Src/usbd_core.o
LOAD ./Middlewares/ST/STM32_USB_Device_Library/Core/Src/usbd_ctlreq.o
LOAD ./Middlewares/ST/STM32_USB_Device_Library/Core/Src/usbd_ioreq.o
LOAD ./USB_DEVICE/App/usb_device.o
LOAD ./USB_DEVICE/App/usbd_cdc_if.o
LOAD ./USB_DEVICE/App/usbd_desc.o
LOAD ./USB_DEVICE/Target/usbd_conf.o
START GROUP
LOAD C:/ST/STM32CubeIDE_1.17.0/STM32CubeIDE/plugins/com.st.stm32cube.ide.mcu.externaltools.gnu-tools-for-stm32.13.3.rel1.win32_1.0.0.202411081344/tools/bin/../lib/gcc/arm-none-eabi/13.3.1/../../../../arm-none-eabi/lib/thumb/v7e-m+dp/hard\libc_nano.a
LOAD C:/ST/STM32CubeIDE_1.17.0/STM32CubeIDE/plugins/com.st.stm32cube.ide.mcu.externaltools.gnu-tools-for-stm32.13.3.rel1.win32_1.0.0.202411081344/tools/bin/../lib/gcc/arm-none-eabi/13.3.1/../../../../arm-none-eabi/lib/thumb/v7e-m+dp/hard\libm.a
END GROUP
START GROUP
LOAD C:/ST/STM32CubeIDE_1.17.0/STM32CubeIDE/plugins/com.st.stm32cube.ide.mcu.externaltools.gnu-tools-for-stm32.13.3.rel1.win32_1.0.0.202411081344/tools/bin/../lib/gcc/arm-none-eabi/13.3.1/thumb/v7e-m+dp/hard\libgcc.a
LOAD C:/ST/STM32CubeIDE_1.17.0/STM32CubeIDE/plugins/com.st.stm32cube.ide.mcu.externaltools.gnu-tools-for-stm32.13.3.rel1.win32_1.0.0.202411081344/tools/bin/../lib/gcc/arm-none-eabi/13.3.1/../../../../arm-none-eabi/lib/thumb/v7e-m+dp/hard\libc_nano.a
END GROUP
START GROUP
LOAD C:/ST/STM32CubeIDE_1.17.0/STM32CubeIDE/plugins/com.st.stm32cube.ide.mcu.externaltools.gnu-tools-for-stm32.13.3.rel1.win32_1.0.0.202411081344/tools/bin/../lib/gcc/arm-none-eabi/13.3.1/thumb/v7e-m+dp/hard\libgcc.a
LOAD C:/ST/STM32CubeIDE_1.17.0/STM32CubeIDE/plugins/com.st.stm32cube.ide.mcu.externaltools.gnu-tools-for-stm32.13.3.rel1.win32_1.0.0.202411081344/tools/bin/../lib/gcc/arm-none-eabi/13.3.1/../../../../arm-none-eabi/lib/thumb/v7e-m+dp/hard\libc_nano.a
LOAD C:/ST/STM32CubeIDE_1.17.0/STM32CubeIDE/plugins/com.st.stm32cube.ide.mcu.externaltools.gnu-tools-for-stm32.13.3.rel1.win32_1.0.0.202411081344/tools/bin/../lib/gcc/arm-none-eabi/13.3.1/../../../../arm-none-eabi/lib/thumb/v7e-m+dp/hard\libnosys.a
END GROUP
START GROUP
LOAD C:/ST/STM32CubeIDE_1.17.0/STM32CubeIDE/plugins/com.st.stm32cube.ide.mcu.externaltools.gnu-tools-for-stm32.13.3.rel1.win32_1.0.0.202411081344/tools/bin/../lib/gcc/arm-none-eabi/13.3.1/thumb/v7e-m+dp/hard\libgcc.a
LOAD C:/ST/STM32CubeIDE_1.17.0/STM32CubeIDE/plugins/com.st.stm32cube.ide.mcu.externaltools.gnu-tools-for-stm32.13.3.rel1.win32_1.0.0.202411081344/tools/bin/../lib/gcc/arm-none-eabi/13.3.1/../../../../arm-none-eabi/lib/thumb/v7e-m+dp/hard\libc_nano.a
LOAD C:/ST/STM32CubeIDE_1.17.0/STM32CubeIDE/plugins/com.st.stm32cube.ide.mcu.externaltools.gnu-tools-for-stm32.13.3.rel1.win32_1.0.0.202411081344/tools/bin/../lib/gcc/arm-none-eabi/13.3.1/../../../../arm-none-eabi/lib/thumb/v7e-m+dp/hard\libnosys.a
END GROUP
LOAD C:/ST/STM32CubeIDE_1.17.0/STM32CubeIDE/plugins/com.st.stm32cube.ide.mcu.externaltools.gnu-tools-for-stm32.13.3.rel1.win32_1.0.0.202411081344/tools/bin/../lib/gcc/arm-none-eabi/13.3.1/thumb/v7e-m+dp/hard/crtend.o
LOAD C:/ST/STM32CubeIDE_1.17.0/STM32CubeIDE/plugins/com.st.stm32cube.ide.mcu.externaltools.gnu-tools-for-stm32.13.3.rel1.win32_1.0.0.202411081344/tools/bin/../lib/gcc/arm-none-eabi/13.3.1/thumb/v7e-m+dp/hard/crtn.o
                0x24100000                        _estack = (ORIGIN (RAM) + LENGTH (RAM))
                0x00000200                        _Min_Heap_Size = 0x200
                0x00000400                        _Min_Stack_Size = 0x400

.isr_vector     0x08000000      0x2ac
                0x08000000                        . = ALIGN (0x4)
 *(.isr_vector)
 .isr_vector    0x08000000      0x2ac ./Core/Startup/startup_stm32h7a3vitx.o
                0x08000000                g_pfnVectors
                0x080002ac                        . = ALIGN (0x4)

.text           0x080002ac    0x10c64
                0x080002ac                        . = ALIGN (0x4)
 *(.text)
 .text          0x080002ac       0x40 C:/ST/STM32CubeIDE_1.17.0/STM32CubeIDE/plugins/com.st.stm32cube.ide.mcu.externaltools.gnu-tools-for-stm32.13.3.rel1.win32_1.0.0.202411081344/tools/bin/../lib/gcc/arm-none-eabi/13.3.1/thumb/v7e-m+dp/hard/crtbegin.o
 *(.text*)
 .text.I2C_write
                0x080002ec       0x44 ./Core/Src/comms.o
                0x080002ec                I2C_write
 .text.HAL_SPI_TxCpltCallback
                0x08000330       0x20 ./Core/Src/comms.o
                0x08000330                HAL_SPI_TxCpltCallback
 .text.HAL_SPI_TxRxCpltCallback
                0x08000350       0x20 ./Core/Src/comms.o
                0x08000350                HAL_SPI_TxRxCpltCallback
 .text.USB_CDC_RxHandler
                0x08000370       0x60 ./Core/Src/main.o
                0x08000370                USB_CDC_RxHandler
 .text.main     0x080003d0      0x154 ./Core/Src/main.o
                0x080003d0                main
 .text.SystemClock_Config
                0x08000524      0x104 ./Core/Src/main.o
                0x08000524                SystemClock_Config
 .text.PeriphCommonClock_Config
                0x08000628       0x3e ./Core/Src/main.o
                0x08000628                PeriphCommonClock_Config
 *fill*         0x08000666        0x2 
 .text.MX_ADC1_Init
                0x08000668       0xf4 ./Core/Src/main.o
 .text.MX_ADC2_Init
                0x0800075c       0xcc ./Core/Src/main.o
 .text.MX_DCMI_Init
                0x08000828       0x68 ./Core/Src/main.o
 .text.MX_I2C2_Init
                0x08000890       0x80 ./Core/Src/main.o
 .text.MX_SPI4_Init
                0x08000910       0xac ./Core/Src/main.o
 .text.MX_DMA_Init
                0x080009bc       0x60 ./Core/Src/main.o
 .text.MX_GPIO_Init
                0x08000a1c      0x1dc ./Core/Src/main.o
 .text.MPU_Config
                0x08000bf8       0x58 ./Core/Src/main.o
 .text.Error_Handler
                0x08000c50        0xc ./Core/Src/main.o
                0x08000c50                Error_Handler
 .text.camera_init
                0x08000c5c      0x294 ./Core/Src/ov7670.o
                0x08000c5c                camera_init
 .text.camera_capture_photo
                0x08000ef0       0x44 ./Core/Src/ov7670.o
                0x08000ef0                camera_capture_photo
 .text.cmd_main_win
                0x08000f34       0x44 ./Core/Src/routines.o
                0x08000f34                cmd_main_win
 .text.cmd_img_options
                0x08000f78       0x44 ./Core/Src/routines.o
                0x08000f78                cmd_img_options
 .text.capture_img
                0x08000fbc       0xea ./Core/Src/routines.o
                0x08000fbc                capture_img
 *fill*         0x080010a6        0x2 
 .text.HAL_MspInit
                0x080010a8       0x34 ./Core/Src/stm32h7xx_hal_msp.o
                0x080010a8                HAL_MspInit
 .text.HAL_ADC_MspInit
                0x080010dc      0x204 ./Core/Src/stm32h7xx_hal_msp.o
                0x080010dc                HAL_ADC_MspInit
 .text.HAL_DCMI_MspInit
                0x080012e0      0x1e8 ./Core/Src/stm32h7xx_hal_msp.o
                0x080012e0                HAL_DCMI_MspInit
 .text.HAL_I2C_MspInit
                0x080014c8       0xd4 ./Core/Src/stm32h7xx_hal_msp.o
                0x080014c8                HAL_I2C_MspInit
 .text.HAL_SPI_MspInit
                0x0800159c      0x1f4 ./Core/Src/stm32h7xx_hal_msp.o
                0x0800159c                HAL_SPI_MspInit
 .text.NMI_Handler
                0x08001790        0x8 ./Core/Src/stm32h7xx_it.o
                0x08001790                NMI_Handler
 .text.HardFault_Handler
                0x08001798        0x8 ./Core/Src/stm32h7xx_it.o
                0x08001798                HardFault_Handler
 .text.MemManage_Handler
                0x080017a0        0x8 ./Core/Src/stm32h7xx_it.o
                0x080017a0                MemManage_Handler
 .text.BusFault_Handler
                0x080017a8        0x8 ./Core/Src/stm32h7xx_it.o
                0x080017a8                BusFault_Handler
 .text.UsageFault_Handler
                0x080017b0        0x8 ./Core/Src/stm32h7xx_it.o
                0x080017b0                UsageFault_Handler
 .text.SVC_Handler
                0x080017b8        0xe ./Core/Src/stm32h7xx_it.o
                0x080017b8                SVC_Handler
 .text.DebugMon_Handler
                0x080017c6        0xe ./Core/Src/stm32h7xx_it.o
                0x080017c6                DebugMon_Handler
 .text.PendSV_Handler
                0x080017d4        0xe ./Core/Src/stm32h7xx_it.o
                0x080017d4                PendSV_Handler
 .text.SysTick_Handler
                0x080017e2        0xc ./Core/Src/stm32h7xx_it.o
                0x080017e2                SysTick_Handler
 *fill*         0x080017ee        0x2 
 .text.DMA1_Stream0_IRQHandler
                0x080017f0       0x14 ./Core/Src/stm32h7xx_it.o
                0x080017f0                DMA1_Stream0_IRQHandler
 .text.DMA1_Stream1_IRQHandler
                0x08001804       0x14 ./Core/Src/stm32h7xx_it.o
                0x08001804                DMA1_Stream1_IRQHandler
 .text.DMA1_Stream2_IRQHandler
                0x08001818       0x14 ./Core/Src/stm32h7xx_it.o
                0x08001818                DMA1_Stream2_IRQHandler
 .text.OTG_HS_EP1_OUT_IRQHandler
                0x0800182c       0x14 ./Core/Src/stm32h7xx_it.o
                0x0800182c                OTG_HS_EP1_OUT_IRQHandler
 .text.OTG_HS_EP1_IN_IRQHandler
                0x08001840       0x14 ./Core/Src/stm32h7xx_it.o
                0x08001840                OTG_HS_EP1_IN_IRQHandler
 .text.OTG_HS_IRQHandler
                0x08001854       0x14 ./Core/Src/stm32h7xx_it.o
                0x08001854                OTG_HS_IRQHandler
 .text.DCMI_PSSI_IRQHandler
                0x08001868       0x14 ./Core/Src/stm32h7xx_it.o
                0x08001868                DCMI_PSSI_IRQHandler
 .text.SPI4_IRQHandler
                0x0800187c       0x14 ./Core/Src/stm32h7xx_it.o
                0x0800187c                SPI4_IRQHandler
 .text.SystemInit
                0x08001890      0x120 ./Core/Src/system_stm32h7xx.o
                0x08001890                SystemInit
 .text.ExitRun0Mode
                0x080019b0       0x30 ./Core/Src/system_stm32h7xx.o
                0x080019b0                ExitRun0Mode
 .text.Reset_Handler
                0x080019e0       0x54 ./Core/Startup/startup_stm32h7a3vitx.o
                0x080019e0                Reset_Handler
 .text.Default_Handler
                0x08001a34        0x2 ./Core/Startup/startup_stm32h7a3vitx.o
                0x08001a34                RTC_Alarm_IRQHandler
                0x08001a34                EXTI2_IRQHandler
                0x08001a34                TIM8_CC_IRQHandler
                0x08001a34                UART8_IRQHandler
                0x08001a34                BDMA2_Channel1_IRQHandler
                0x08001a34                BDMA2_Channel0_IRQHandler
                0x08001a34                TIM1_CC_IRQHandler
                0x08001a34                DMA2_Stream5_IRQHandler
                0x08001a34                JPEG_IRQHandler
                0x08001a34                DMA1_Stream5_IRQHandler
                0x08001a34                EXTI3_IRQHandler
                0x08001a34                LPTIM4_IRQHandler
                0x08001a34                TIM8_TRG_COM_TIM14_IRQHandler
                0x08001a34                LPTIM2_IRQHandler
                0x08001a34                DFSDM1_FLT1_IRQHandler
                0x08001a34                DMAMUX2_OVR_IRQHandler
                0x08001a34                GFXMMU_IRQHandler
                0x08001a34                TIM8_UP_TIM13_IRQHandler
                0x08001a34                I2C3_ER_IRQHandler
                0x08001a34                DFSDM1_FLT2_IRQHandler
                0x08001a34                USART10_IRQHandler
                0x08001a34                MDMA_IRQHandler
                0x08001a34                LPTIM3_IRQHandler
                0x08001a34                BDMA2_Channel3_IRQHandler
                0x08001a34                HSEM1_IRQHandler
                0x08001a34                EXTI0_IRQHandler
                0x08001a34                I2C2_EV_IRQHandler
                0x08001a34                DAC2_IRQHandler
                0x08001a34                FPU_IRQHandler
                0x08001a34                OTG_HS_WKUP_IRQHandler
                0x08001a34                FDCAN1_IT1_IRQHandler
                0x08001a34                LTDC_ER_IRQHandler
                0x08001a34                DMA2_Stream2_IRQHandler
                0x08001a34                SPI1_IRQHandler
                0x08001a34                OCTOSPI1_IRQHandler
                0x08001a34                TIM6_DAC_IRQHandler
                0x08001a34                BDMA2_Channel6_IRQHandler
                0x08001a34                DMA2_Stream3_IRQHandler
                0x08001a34                OCTOSPI2_IRQHandler
                0x08001a34                SAI2_IRQHandler
                0x08001a34                BDMA1_IRQHandler
                0x08001a34                DFSDM1_FLT3_IRQHandler
                0x08001a34                USART6_IRQHandler
                0x08001a34                TIM17_IRQHandler
                0x08001a34                USART3_IRQHandler
                0x08001a34                LPTIM5_IRQHandler
                0x08001a34                UART5_IRQHandler
                0x08001a34                DMA2_Stream0_IRQHandler
                0x08001a34                TIM4_IRQHandler
                0x08001a34                I2C1_EV_IRQHandler
                0x08001a34                DMA1_Stream6_IRQHandler
                0x08001a34                DMAMUX1_OVR_IRQHandler
                0x08001a34                TIM16_IRQHandler
                0x08001a34                UART4_IRQHandler
                0x08001a34                TIM3_IRQHandler
                0x08001a34                RCC_IRQHandler
                0x08001a34                UART9_IRQHandler
                0x08001a34                TIM8_BRK_TIM12_IRQHandler
                0x08001a34                TIM1_TRG_COM_IRQHandler
                0x08001a34                Default_Handler
                0x08001a34                ECC_IRQHandler
                0x08001a34                BDMA2_Channel2_IRQHandler
                0x08001a34                CEC_IRQHandler
                0x08001a34                EXTI15_10_IRQHandler
                0x08001a34                DFSDM1_FLT4_IRQHandler
                0x08001a34                ADC_IRQHandler
                0x08001a34                DMA1_Stream7_IRQHandler
                0x08001a34                SPI5_IRQHandler
                0x08001a34                TIM7_IRQHandler
                0x08001a34                SDMMC1_IRQHandler
                0x08001a34                TIM5_IRQHandler
                0x08001a34                DMA2_Stream7_IRQHandler
                0x08001a34                TIM15_IRQHandler
                0x08001a34                I2C3_EV_IRQHandler
                0x08001a34                DFSDM2_IRQHandler
                0x08001a34                EXTI9_5_IRQHandler
                0x08001a34                RTC_WKUP_IRQHandler
                0x08001a34                LTDC_IRQHandler
                0x08001a34                SPDIF_RX_IRQHandler
                0x08001a34                PVD_PVM_IRQHandler
                0x08001a34                SPI2_IRQHandler
                0x08001a34                DFSDM1_FLT5_IRQHandler
                0x08001a34                CRS_IRQHandler
                0x08001a34                EXTI4_IRQHandler
                0x08001a34                DFSDM1_FLT6_IRQHandler
                0x08001a34                RNG_IRQHandler
                0x08001a34                FDCAN2_IT1_IRQHandler
                0x08001a34                COMP_IRQHandler
                0x08001a34                TIM1_UP_IRQHandler
                0x08001a34                WWDG_IRQHandler
                0x08001a34                SPI6_IRQHandler
                0x08001a34                MDIOS_IRQHandler
                0x08001a34                I2C4_EV_IRQHandler
                0x08001a34                FDCAN2_IT0_IRQHandler
                0x08001a34                LPUART1_IRQHandler
                0x08001a34                FDCAN1_IT0_IRQHandler
                0x08001a34                TIM2_IRQHandler
                0x08001a34                BDMA2_Channel5_IRQHandler
                0x08001a34                DMA2D_IRQHandler
                0x08001a34                TIM1_BRK_IRQHandler
                0x08001a34                EXTI1_IRQHandler
                0x08001a34                SDMMC2_IRQHandler
                0x08001a34                DTS_IRQHandler
                0x08001a34                UART7_IRQHandler
                0x08001a34                MDIOS_WKUP_IRQHandler
                0x08001a34                USART2_IRQHandler
                0x08001a34                DFSDM1_FLT0_IRQHandler
                0x08001a34                I2C2_ER_IRQHandler
                0x08001a34                DMA2_Stream1_IRQHandler
                0x08001a34                DFSDM1_FLT7_IRQHandler
                0x08001a34                FLASH_IRQHandler
                0x08001a34                DMA2_Stream4_IRQHandler
                0x08001a34                USART1_IRQHandler
                0x08001a34                SPI3_IRQHandler
                0x08001a34                WAKEUP_PIN_IRQHandler
                0x08001a34                DMA1_Stream4_IRQHandler
                0x08001a34                I2C1_ER_IRQHandler
                0x08001a34                FMC_IRQHandler
                0x08001a34                BDMA2_Channel7_IRQHandler
                0x08001a34                FDCAN_CAL_IRQHandler
                0x08001a34                SWPMI1_IRQHandler
                0x08001a34                LPTIM1_IRQHandler
                0x08001a34                I2C4_ER_IRQHandler
                0x08001a34                DMA2_Stream6_IRQHandler
                0x08001a34                SAI1_IRQHandler
                0x08001a34                DMA1_Stream3_IRQHandler
                0x08001a34                RTC_TAMP_STAMP_CSS_LSE_IRQHandler
                0x08001a34                BDMA2_Channel4_IRQHandler
 *fill*         0x08001a36        0x2 
 .text.HAL_Init
                0x08001a38       0x78 ./Drivers/STM32H7xx_HAL_Driver/Src/stm32h7xx_hal.o
                0x08001a38                HAL_Init
 .text.HAL_InitTick
                0x08001ab0       0x6c ./Drivers/STM32H7xx_HAL_Driver/Src/stm32h7xx_hal.o
                0x08001ab0                HAL_InitTick
 .text.HAL_IncTick
                0x08001b1c       0x28 ./Drivers/STM32H7xx_HAL_Driver/Src/stm32h7xx_hal.o
                0x08001b1c                HAL_IncTick
 .text.HAL_GetTick
                0x08001b44       0x18 ./Drivers/STM32H7xx_HAL_Driver/Src/stm32h7xx_hal.o
                0x08001b44                HAL_GetTick
 .text.HAL_Delay
                0x08001b5c       0x48 ./Drivers/STM32H7xx_HAL_Driver/Src/stm32h7xx_hal.o
                0x08001b5c                HAL_Delay
 .text.LL_ADC_SetCommonClock
                0x08001ba4       0x26 ./Drivers/STM32H7xx_HAL_Driver/Src/stm32h7xx_hal_adc.o
 .text.LL_ADC_SetCommonPathInternalCh
                0x08001bca       0x26 ./Drivers/STM32H7xx_HAL_Driver/Src/stm32h7xx_hal_adc.o
 .text.LL_ADC_GetCommonPathInternalCh
                0x08001bf0       0x1c ./Drivers/STM32H7xx_HAL_Driver/Src/stm32h7xx_hal_adc.o
 .text.LL_ADC_SetChannelPreselection
                0x08001c0c       0x66 ./Drivers/STM32H7xx_HAL_Driver/Src/stm32h7xx_hal_adc.o
 .text.LL_ADC_SetOffset
                0x08001c72       0x40 ./Drivers/STM32H7xx_HAL_Driver/Src/stm32h7xx_hal_adc.o
 .text.LL_ADC_SetDataRightShift
                0x08001cb2       0x32 ./Drivers/STM32H7xx_HAL_Driver/Src/stm32h7xx_hal_adc.o
 .text.LL_ADC_SetOffsetSignedSaturation
                0x08001ce4       0x36 ./Drivers/STM32H7xx_HAL_Driver/Src/stm32h7xx_hal_adc.o
 .text.LL_ADC_REG_SetSequencerRanks
                0x08001d1a       0x58 ./Drivers/STM32H7xx_HAL_Driver/Src/stm32h7xx_hal_adc.o
 .text.LL_ADC_SetChannelSamplingTime
                0x08001d72       0x56 ./Drivers/STM32H7xx_HAL_Driver/Src/stm32h7xx_hal_adc.o
 .text.LL_ADC_SetChannelSingleDiff
                0x08001dc8       0x48 ./Drivers/STM32H7xx_HAL_Driver/Src/stm32h7xx_hal_adc.o
 .text.LL_ADC_DisableDeepPowerDown
                0x08001e10       0x24 ./Drivers/STM32H7xx_HAL_Driver/Src/stm32h7xx_hal_adc.o
 .text.LL_ADC_IsDeepPowerDownEnabled
                0x08001e34       0x28 ./Drivers/STM32H7xx_HAL_Driver/Src/stm32h7xx_hal_adc.o
 .text.LL_ADC_EnableInternalRegulator
                0x08001e5c       0x28 ./Drivers/STM32H7xx_HAL_Driver/Src/stm32h7xx_hal_adc.o
 .text.LL_ADC_IsInternalRegulatorEnabled
                0x08001e84       0x28 ./Drivers/STM32H7xx_HAL_Driver/Src/stm32h7xx_hal_adc.o
 .text.LL_ADC_IsEnabled
                0x08001eac       0x26 ./Drivers/STM32H7xx_HAL_Driver/Src/stm32h7xx_hal_adc.o
 .text.LL_ADC_REG_IsConversionOngoing
                0x08001ed2       0x26 ./Drivers/STM32H7xx_HAL_Driver/Src/stm32h7xx_hal_adc.o
 .text.LL_ADC_INJ_IsConversionOngoing
                0x08001ef8       0x26 ./Drivers/STM32H7xx_HAL_Driver/Src/stm32h7xx_hal_adc.o
 *fill*         0x08001f1e        0x2 
 .text.HAL_ADC_Init
                0x08001f20      0x2b4 ./Drivers/STM32H7xx_HAL_Driver/Src/stm32h7xx_hal_adc.o
                0x08001f20                HAL_ADC_Init
 .text.HAL_ADC_ConfigChannel
                0x080021d4      0x4fc ./Drivers/STM32H7xx_HAL_Driver/Src/stm32h7xx_hal_adc.o
                0x080021d4                HAL_ADC_ConfigChannel
 .text.ADC_ConfigureBoostMode
                0x080026d0      0x19c ./Drivers/STM32H7xx_HAL_Driver/Src/stm32h7xx_hal_adc.o
                0x080026d0                ADC_ConfigureBoostMode
 .text.LL_ADC_IsEnabled
                0x0800286c       0x26 ./Drivers/STM32H7xx_HAL_Driver/Src/stm32h7xx_hal_adc_ex.o
 .text.LL_ADC_REG_IsConversionOngoing
                0x08002892       0x26 ./Drivers/STM32H7xx_HAL_Driver/Src/stm32h7xx_hal_adc_ex.o
 .text.HAL_ADCEx_MultiModeConfigChannel
                0x080028b8      0x138 ./Drivers/STM32H7xx_HAL_Driver/Src/stm32h7xx_hal_adc_ex.o
                0x080028b8                HAL_ADCEx_MultiModeConfigChannel
 .text.__NVIC_SetPriorityGrouping
                0x080029f0       0x48 ./Drivers/STM32H7xx_HAL_Driver/Src/stm32h7xx_hal_cortex.o
 .text.__NVIC_GetPriorityGrouping
                0x08002a38       0x1c ./Drivers/STM32H7xx_HAL_Driver/Src/stm32h7xx_hal_cortex.o
 .text.__NVIC_EnableIRQ
                0x08002a54       0x3c ./Drivers/STM32H7xx_HAL_Driver/Src/stm32h7xx_hal_cortex.o
 .text.__NVIC_SetPriority
                0x08002a90       0x54 ./Drivers/STM32H7xx_HAL_Driver/Src/stm32h7xx_hal_cortex.o
 .text.NVIC_EncodePriority
                0x08002ae4       0x66 ./Drivers/STM32H7xx_HAL_Driver/Src/stm32h7xx_hal_cortex.o
 *fill*         0x08002b4a        0x2 
 .text.SysTick_Config
                0x08002b4c       0x44 ./Drivers/STM32H7xx_HAL_Driver/Src/stm32h7xx_hal_cortex.o
 .text.HAL_NVIC_SetPriorityGrouping
                0x08002b90       0x16 ./Drivers/STM32H7xx_HAL_Driver/Src/stm32h7xx_hal_cortex.o
                0x08002b90                HAL_NVIC_SetPriorityGrouping
 .text.HAL_NVIC_SetPriority
                0x08002ba6       0x34 ./Drivers/STM32H7xx_HAL_Driver/Src/stm32h7xx_hal_cortex.o
                0x08002ba6                HAL_NVIC_SetPriority
 .text.HAL_NVIC_EnableIRQ
                0x08002bda       0x1c ./Drivers/STM32H7xx_HAL_Driver/Src/stm32h7xx_hal_cortex.o
                0x08002bda                HAL_NVIC_EnableIRQ
 .text.HAL_SYSTICK_Config
                0x08002bf6       0x18 ./Drivers/STM32H7xx_HAL_Driver/Src/stm32h7xx_hal_cortex.o
                0x08002bf6                HAL_SYSTICK_Config
 *fill*         0x08002c0e        0x2 
 .text.HAL_MPU_Disable
                0x08002c10       0x30 ./Drivers/STM32H7xx_HAL_Driver/Src/stm32h7xx_hal_cortex.o
                0x08002c10                HAL_MPU_Disable
 .text.HAL_MPU_Enable
                0x08002c40       0x40 ./Drivers/STM32H7xx_HAL_Driver/Src/stm32h7xx_hal_cortex.o
                0x08002c40                HAL_MPU_Enable
 .text.HAL_MPU_ConfigRegion
                0x08002c80       0x80 ./Drivers/STM32H7xx_HAL_Driver/Src/stm32h7xx_hal_cortex.o
                0x08002c80                HAL_MPU_ConfigRegion
 .text.HAL_DCMI_Init
                0x08002d00       0xf4 ./Drivers/STM32H7xx_HAL_Driver/Src/stm32h7xx_hal_dcmi.o
                0x08002d00                HAL_DCMI_Init
 .text.HAL_DCMI_Start_DMA
                0x08002df4      0x184 ./Drivers/STM32H7xx_HAL_Driver/Src/stm32h7xx_hal_dcmi.o
                0x08002df4                HAL_DCMI_Start_DMA
 .text.HAL_DCMI_Stop
                0x08002f78       0xc0 ./Drivers/STM32H7xx_HAL_Driver/Src/stm32h7xx_hal_dcmi.o
                0x08002f78                HAL_DCMI_Stop
 .text.HAL_DCMI_IRQHandler
                0x08003038      0x104 ./Drivers/STM32H7xx_HAL_Driver/Src/stm32h7xx_hal_dcmi.o
                0x08003038                HAL_DCMI_IRQHandler
 .text.HAL_DCMI_ErrorCallback
                0x0800313c       0x14 ./Drivers/STM32H7xx_HAL_Driver/Src/stm32h7xx_hal_dcmi.o
                0x0800313c                HAL_DCMI_ErrorCallback
 .text.HAL_DCMI_LineEventCallback
                0x08003150       0x14 ./Drivers/STM32H7xx_HAL_Driver/Src/stm32h7xx_hal_dcmi.o
                0x08003150                HAL_DCMI_LineEventCallback
 .text.HAL_DCMI_VsyncEventCallback
                0x08003164       0x14 ./Drivers/STM32H7xx_HAL_Driver/Src/stm32h7xx_hal_dcmi.o
                0x08003164                HAL_DCMI_VsyncEventCallback
 .text.HAL_DCMI_FrameEventCallback
                0x08003178       0x14 ./Drivers/STM32H7xx_HAL_Driver/Src/stm32h7xx_hal_dcmi.o
                0x08003178                HAL_DCMI_FrameEventCallback
 .text.DCMI_DMAXferCplt
                0x0800318c      0x126 ./Drivers/STM32H7xx_HAL_Driver/Src/stm32h7xx_hal_dcmi.o
 .text.DCMI_DMAError
                0x080032b2       0x3a ./Drivers/STM32H7xx_HAL_Driver/Src/stm32h7xx_hal_dcmi.o
 .text.HAL_DMA_Init
                0x080032ec      0x71c ./Drivers/STM32H7xx_HAL_Driver/Src/stm32h7xx_hal_dma.o
                0x080032ec                HAL_DMA_Init
 .text.HAL_DMA_Start_IT
                0x08003a08      0x4d4 ./Drivers/STM32H7xx_HAL_Driver/Src/stm32h7xx_hal_dma.o
                0x08003a08                HAL_DMA_Start_IT
 .text.HAL_DMA_Abort
                0x08003edc      0x63c ./Drivers/STM32H7xx_HAL_Driver/Src/stm32h7xx_hal_dma.o
                0x08003edc                HAL_DMA_Abort
 .text.HAL_DMA_Abort_IT
                0x08004518      0x48c ./Drivers/STM32H7xx_HAL_Driver/Src/stm32h7xx_hal_dma.o
                0x08004518                HAL_DMA_Abort_IT
 .text.HAL_DMA_IRQHandler
                0x080049a4      0xec4 ./Drivers/STM32H7xx_HAL_Driver/Src/stm32h7xx_hal_dma.o
                0x080049a4                HAL_DMA_IRQHandler
 .text.DMA_SetConfig
                0x08005868      0x3c8 ./Drivers/STM32H7xx_HAL_Driver/Src/stm32h7xx_hal_dma.o
 .text.DMA_CalcBaseAndBitshift
                0x08005c30      0x164 ./Drivers/STM32H7xx_HAL_Driver/Src/stm32h7xx_hal_dma.o
 .text.DMA_CheckFifoParam
                0x08005d94       0xf8 ./Drivers/STM32H7xx_HAL_Driver/Src/stm32h7xx_hal_dma.o
 .text.DMA_CalcDMAMUXChannelBaseAndMask
                0x08005e8c      0x134 ./Drivers/STM32H7xx_HAL_Driver/Src/stm32h7xx_hal_dma.o
 .text.DMA_CalcDMAMUXRequestGenBaseAndMask
                0x08005fc0       0xe8 ./Drivers/STM32H7xx_HAL_Driver/Src/stm32h7xx_hal_dma.o
 .text.HAL_DMAEx_MultiBufferStart_IT
                0x080060a8      0x6bc ./Drivers/STM32H7xx_HAL_Driver/Src/stm32h7xx_hal_dma_ex.o
                0x080060a8                HAL_DMAEx_MultiBufferStart_IT
 .text.HAL_DMAEx_ChangeMemory
                0x08006764      0x138 ./Drivers/STM32H7xx_HAL_Driver/Src/stm32h7xx_hal_dma_ex.o
                0x08006764                HAL_DMAEx_ChangeMemory
 .text.DMA_MultiBufferSetConfig
                0x0800689c      0x16c ./Drivers/STM32H7xx_HAL_Driver/Src/stm32h7xx_hal_dma_ex.o
 .text.HAL_GPIO_Init
                0x08006a08      0x360 ./Drivers/STM32H7xx_HAL_Driver/Src/stm32h7xx_hal_gpio.o
                0x08006a08                HAL_GPIO_Init
 .text.HAL_GPIO_WritePin
                0x08006d68       0x32 ./Drivers/STM32H7xx_HAL_Driver/Src/stm32h7xx_hal_gpio.o
                0x08006d68                HAL_GPIO_WritePin
 *fill*         0x08006d9a        0x2 
 .text.HAL_I2C_Init
                0x08006d9c      0x138 ./Drivers/STM32H7xx_HAL_Driver/Src/stm32h7xx_hal_i2c.o
                0x08006d9c                HAL_I2C_Init
 .text.HAL_I2C_Mem_Write
                0x08006ed4      0x228 ./Drivers/STM32H7xx_HAL_Driver/Src/stm32h7xx_hal_i2c.o
                0x08006ed4                HAL_I2C_Mem_Write
 .text.I2C_RequestMemoryWrite
                0x080070fc       0xa8 ./Drivers/STM32H7xx_HAL_Driver/Src/stm32h7xx_hal_i2c.o
 .text.I2C_Flush_TXDR
                0x080071a4       0x48 ./Drivers/STM32H7xx_HAL_Driver/Src/stm32h7xx_hal_i2c.o
 .text.I2C_WaitOnFlagUntilTimeout
                0x080071ec       0xb2 ./Drivers/STM32H7xx_HAL_Driver/Src/stm32h7xx_hal_i2c.o
 .text.I2C_WaitOnTXISFlagUntilTimeout
                0x0800729e       0x8e ./Drivers/STM32H7xx_HAL_Driver/Src/stm32h7xx_hal_i2c.o
 .text.I2C_WaitOnSTOPFlagUntilTimeout
                0x0800732c       0x86 ./Drivers/STM32H7xx_HAL_Driver/Src/stm32h7xx_hal_i2c.o
 *fill*         0x080073b2        0x2 
 .text.I2C_IsErrorOccurred
                0x080073b4      0x1c0 ./Drivers/STM32H7xx_HAL_Driver/Src/stm32h7xx_hal_i2c.o
 .text.I2C_TransferConfig
                0x08007574       0x64 ./Drivers/STM32H7xx_HAL_Driver/Src/stm32h7xx_hal_i2c.o
 .text.HAL_I2CEx_ConfigAnalogFilter
                0x080075d8       0x96 ./Drivers/STM32H7xx_HAL_Driver/Src/stm32h7xx_hal_i2c_ex.o
                0x080075d8                HAL_I2CEx_ConfigAnalogFilter
 .text.HAL_I2CEx_ConfigDigitalFilter
                0x0800766e       0x98 ./Drivers/STM32H7xx_HAL_Driver/Src/stm32h7xx_hal_i2c_ex.o
                0x0800766e                HAL_I2CEx_ConfigDigitalFilter
 .text.HAL_PCD_Init
                0x08007706      0x218 ./Drivers/STM32H7xx_HAL_Driver/Src/stm32h7xx_hal_pcd.o
                0x08007706                HAL_PCD_Init
 .text.HAL_PCD_Start
                0x0800791e       0x6a ./Drivers/STM32H7xx_HAL_Driver/Src/stm32h7xx_hal_pcd.o
                0x0800791e                HAL_PCD_Start
 .text.HAL_PCD_IRQHandler
                0x08007988      0x99c ./Drivers/STM32H7xx_HAL_Driver/Src/stm32h7xx_hal_pcd.o
                0x08007988                HAL_PCD_IRQHandler
 .text.HAL_PCD_SetAddress
                0x08008324       0x48 ./Drivers/STM32H7xx_HAL_Driver/Src/stm32h7xx_hal_pcd.o
                0x08008324                HAL_PCD_SetAddress
 .text.HAL_PCD_EP_Open
                0x0800836c       0xd4 ./Drivers/STM32H7xx_HAL_Driver/Src/stm32h7xx_hal_pcd.o
                0x0800836c                HAL_PCD_EP_Open
 .text.HAL_PCD_EP_Close
                0x08008440       0x94 ./Drivers/STM32H7xx_HAL_Driver/Src/stm32h7xx_hal_pcd.o
                0x08008440                HAL_PCD_EP_Close
 .text.HAL_PCD_EP_Receive
                0x080084d4       0x76 ./Drivers/STM32H7xx_HAL_Driver/Src/stm32h7xx_hal_pcd.o
                0x080084d4                HAL_PCD_EP_Receive
 .text.HAL_PCD_EP_GetRxCount
                0x0800854a       0x30 ./Drivers/STM32H7xx_HAL_Driver/Src/stm32h7xx_hal_pcd.o
                0x0800854a                HAL_PCD_EP_GetRxCount
 .text.HAL_PCD_EP_Transmit
                0x0800857a       0x74 ./Drivers/STM32H7xx_HAL_Driver/Src/stm32h7xx_hal_pcd.o
                0x0800857a                HAL_PCD_EP_Transmit
 .text.HAL_PCD_EP_SetStall
                0x080085ee       0xc6 ./Drivers/STM32H7xx_HAL_Driver/Src/stm32h7xx_hal_pcd.o
                0x080085ee                HAL_PCD_EP_SetStall
 .text.HAL_PCD_EP_ClrStall
                0x080086b4       0xac ./Drivers/STM32H7xx_HAL_Driver/Src/stm32h7xx_hal_pcd.o
                0x080086b4                HAL_PCD_EP_ClrStall
 .text.HAL_PCD_EP_Abort
                0x08008760       0x62 ./Drivers/STM32H7xx_HAL_Driver/Src/stm32h7xx_hal_pcd.o
                0x08008760                HAL_PCD_EP_Abort
 .text.PCD_WriteEmptyTxFifo
                0x080087c2      0x118 ./Drivers/STM32H7xx_HAL_Driver/Src/stm32h7xx_hal_pcd.o
 *fill*         0x080088da        0x2 
 .text.PCD_EP_OutXfrComplete_int
                0x080088dc      0x1d0 ./Drivers/STM32H7xx_HAL_Driver/Src/stm32h7xx_hal_pcd.o
 .text.PCD_EP_OutSetupPacket_int
                0x08008aac       0x8c ./Drivers/STM32H7xx_HAL_Driver/Src/stm32h7xx_hal_pcd.o
 .text.HAL_PCDEx_SetTxFiFo
                0x08008b38       0x8e ./Drivers/STM32H7xx_HAL_Driver/Src/stm32h7xx_hal_pcd_ex.o
                0x08008b38                HAL_PCDEx_SetTxFiFo
 .text.HAL_PCDEx_SetRxFiFo
                0x08008bc6       0x22 ./Drivers/STM32H7xx_HAL_Driver/Src/stm32h7xx_hal_pcd_ex.o
                0x08008bc6                HAL_PCDEx_SetRxFiFo
 .text.HAL_PCDEx_ActivateLPM
                0x08008be8       0x48 ./Drivers/STM32H7xx_HAL_Driver/Src/stm32h7xx_hal_pcd_ex.o
                0x08008be8                HAL_PCDEx_ActivateLPM
 .text.HAL_PCDEx_LPM_Callback
                0x08008c30       0x18 ./Drivers/STM32H7xx_HAL_Driver/Src/stm32h7xx_hal_pcd_ex.o
                0x08008c30                HAL_PCDEx_LPM_Callback
 .text.HAL_PWREx_ConfigSupply
                0x08008c48       0x74 ./Drivers/STM32H7xx_HAL_Driver/Src/stm32h7xx_hal_pwr_ex.o
                0x08008c48                HAL_PWREx_ConfigSupply
 .text.HAL_PWREx_EnableUSBVoltageDetector
                0x08008cbc       0x20 ./Drivers/STM32H7xx_HAL_Driver/Src/stm32h7xx_hal_pwr_ex.o
                0x08008cbc                HAL_PWREx_EnableUSBVoltageDetector
 .text.HAL_RCC_OscConfig
                0x08008cdc      0x864 ./Drivers/STM32H7xx_HAL_Driver/Src/stm32h7xx_hal_rcc.o
                0x08008cdc                HAL_RCC_OscConfig
 .text.HAL_RCC_ClockConfig
                0x08009540      0x36c ./Drivers/STM32H7xx_HAL_Driver/Src/stm32h7xx_hal_rcc.o
                0x08009540                HAL_RCC_ClockConfig
 .text.HAL_RCC_MCOConfig
                0x080098ac       0xd4 ./Drivers/STM32H7xx_HAL_Driver/Src/stm32h7xx_hal_rcc.o
                0x080098ac                HAL_RCC_MCOConfig
 .text.HAL_RCC_GetSysClockFreq
                0x08009980      0x2f4 ./Drivers/STM32H7xx_HAL_Driver/Src/stm32h7xx_hal_rcc.o
                0x08009980                HAL_RCC_GetSysClockFreq
 .text.HAL_RCC_GetHCLKFreq
                0x08009c74       0x60 ./Drivers/STM32H7xx_HAL_Driver/Src/stm32h7xx_hal_rcc.o
                0x08009c74                HAL_RCC_GetHCLKFreq
 .text.HAL_RCC_GetPCLK1Freq
                0x08009cd4       0x2c ./Drivers/STM32H7xx_HAL_Driver/Src/stm32h7xx_hal_rcc.o
                0x08009cd4                HAL_RCC_GetPCLK1Freq
 .text.HAL_RCCEx_PeriphCLKConfig
                0x08009d00     0x137c ./Drivers/STM32H7xx_HAL_Driver/Src/stm32h7xx_hal_rcc_ex.o
                0x08009d00                HAL_RCCEx_PeriphCLKConfig
 .text.HAL_RCCEx_GetPeriphCLKFreq
                0x0800b07c      0x9b0 ./Drivers/STM32H7xx_HAL_Driver/Src/stm32h7xx_hal_rcc_ex.o
                0x0800b07c                HAL_RCCEx_GetPeriphCLKFreq
 .text.HAL_RCCEx_GetD3PCLK1Freq
                0x0800ba2c       0x2c ./Drivers/STM32H7xx_HAL_Driver/Src/stm32h7xx_hal_rcc_ex.o
                0x0800ba2c                HAL_RCCEx_GetD3PCLK1Freq
 .text.HAL_RCCEx_GetPLL2ClockFreq
                0x0800ba58      0x2a8 ./Drivers/STM32H7xx_HAL_Driver/Src/stm32h7xx_hal_rcc_ex.o
                0x0800ba58                HAL_RCCEx_GetPLL2ClockFreq
 .text.HAL_RCCEx_GetPLL3ClockFreq
                0x0800bd00      0x2a8 ./Drivers/STM32H7xx_HAL_Driver/Src/stm32h7xx_hal_rcc_ex.o
                0x0800bd00                HAL_RCCEx_GetPLL3ClockFreq
 .text.HAL_RCCEx_GetPLL1ClockFreq
                0x0800bfa8      0x2a4 ./Drivers/STM32H7xx_HAL_Driver/Src/stm32h7xx_hal_rcc_ex.o
                0x0800bfa8                HAL_RCCEx_GetPLL1ClockFreq
 .text.RCCEx_PLL2_Config
                0x0800c24c      0x164 ./Drivers/STM32H7xx_HAL_Driver/Src/stm32h7xx_hal_rcc_ex.o
 .text.RCCEx_PLL3_Config
                0x0800c3b0      0x164 ./Drivers/STM32H7xx_HAL_Driver/Src/stm32h7xx_hal_rcc_ex.o
 .text.HAL_SPI_Init
                0x0800c514      0x248 ./Drivers/STM32H7xx_HAL_Driver/Src/stm32h7xx_hal_spi.o
                0x0800c514                HAL_SPI_Init
 .text.HAL_SPI_IRQHandler
                0x0800c75c      0x39c ./Drivers/STM32H7xx_HAL_Driver/Src/stm32h7xx_hal_spi.o
                0x0800c75c                HAL_SPI_IRQHandler
 .text.HAL_SPI_RxCpltCallback
                0x0800caf8       0x14 ./Drivers/STM32H7xx_HAL_Driver/Src/stm32h7xx_hal_spi.o
                0x0800caf8                HAL_SPI_RxCpltCallback
 .text.HAL_SPI_ErrorCallback
                0x0800cb0c       0x14 ./Drivers/STM32H7xx_HAL_Driver/Src/stm32h7xx_hal_spi.o
                0x0800cb0c                HAL_SPI_ErrorCallback
 .text.HAL_SPI_SuspendCallback
                0x0800cb20       0x14 ./Drivers/STM32H7xx_HAL_Driver/Src/stm32h7xx_hal_spi.o
                0x0800cb20                HAL_SPI_SuspendCallback
 .text.SPI_DMAAbortOnError
                0x0800cb34       0x34 ./Drivers/STM32H7xx_HAL_Driver/Src/stm32h7xx_hal_spi.o
 .text.SPI_CloseTransfer
                0x0800cb68      0x140 ./Drivers/STM32H7xx_HAL_Driver/Src/stm32h7xx_hal_spi.o
 .text.SPI_GetPacketSize
                0x0800cca8       0x36 ./Drivers/STM32H7xx_HAL_Driver/Src/stm32h7xx_hal_spi.o
 *fill*         0x0800ccde        0x2 
 .text.USB_CoreInit
                0x0800cce0       0xe4 ./Drivers/STM32H7xx_HAL_Driver/Src/stm32h7xx_ll_usb.o
                0x0800cce0                USB_CoreInit
 .text.USB_SetTurnaroundTime
                0x0800cdc4      0x144 ./Drivers/STM32H7xx_HAL_Driver/Src/stm32h7xx_ll_usb.o
                0x0800cdc4                USB_SetTurnaroundTime
 .text.USB_EnableGlobalInt
                0x0800cf08       0x22 ./Drivers/STM32H7xx_HAL_Driver/Src/stm32h7xx_ll_usb.o
                0x0800cf08                USB_EnableGlobalInt
 .text.USB_DisableGlobalInt
                0x0800cf2a       0x22 ./Drivers/STM32H7xx_HAL_Driver/Src/stm32h7xx_ll_usb.o
                0x0800cf2a                USB_DisableGlobalInt
 .text.USB_SetCurrentMode
                0x0800cf4c       0x98 ./Drivers/STM32H7xx_HAL_Driver/Src/stm32h7xx_ll_usb.o
                0x0800cf4c                USB_SetCurrentMode
 .text.USB_DevInit
                0x0800cfe4      0x2bc ./Drivers/STM32H7xx_HAL_Driver/Src/stm32h7xx_ll_usb.o
                0x0800cfe4                USB_DevInit
 .text.USB_FlushTxFifo
                0x0800d2a0       0x64 ./Drivers/STM32H7xx_HAL_Driver/Src/stm32h7xx_ll_usb.o
                0x0800d2a0                USB_FlushTxFifo
 .text.USB_FlushRxFifo
                0x0800d304       0x5c ./Drivers/STM32H7xx_HAL_Driver/Src/stm32h7xx_ll_usb.o
                0x0800d304                USB_FlushRxFifo
 .text.USB_SetDevSpeed
                0x0800d360       0x32 ./Drivers/STM32H7xx_HAL_Driver/Src/stm32h7xx_ll_usb.o
                0x0800d360                USB_SetDevSpeed
 .text.USB_GetDevSpeed
                0x0800d392       0x4a ./Drivers/STM32H7xx_HAL_Driver/Src/stm32h7xx_ll_usb.o
                0x0800d392                USB_GetDevSpeed
 .text.USB_ActivateEndpoint
                0x0800d3dc      0x110 ./Drivers/STM32H7xx_HAL_Driver/Src/stm32h7xx_ll_usb.o
                0x0800d3dc                USB_ActivateEndpoint
 .text.USB_DeactivateEndpoint
                0x0800d4ec      0x1b8 ./Drivers/STM32H7xx_HAL_Driver/Src/stm32h7xx_ll_usb.o
                0x0800d4ec                USB_DeactivateEndpoint
 .text.USB_EPStartXfer
                0x0800d6a4      0x548 ./Drivers/STM32H7xx_HAL_Driver/Src/stm32h7xx_ll_usb.o
                0x0800d6a4                USB_EPStartXfer
 .text.USB_EPStopXfer
                0x0800dbec      0x154 ./Drivers/STM32H7xx_HAL_Driver/Src/stm32h7xx_ll_usb.o
                0x0800dbec                USB_EPStopXfer
 .text.USB_WritePacket
                0x0800dd40       0x7c ./Drivers/STM32H7xx_HAL_Driver/Src/stm32h7xx_ll_usb.o
                0x0800dd40                USB_WritePacket
 .text.USB_ReadPacket
                0x0800ddbc       0xb0 ./Drivers/STM32H7xx_HAL_Driver/Src/stm32h7xx_ll_usb.o
                0x0800ddbc                USB_ReadPacket
 .text.USB_EPSetStall
                0x0800de6c       0xdc ./Drivers/STM32H7xx_HAL_Driver/Src/stm32h7xx_ll_usb.o
                0x0800de6c                USB_EPSetStall
 .text.USB_EPClearStall
                0x0800df48       0xcc ./Drivers/STM32H7xx_HAL_Driver/Src/stm32h7xx_ll_usb.o
                0x0800df48                USB_EPClearStall
 .text.USB_SetDevAddress
                0x0800e014       0x4c ./Drivers/STM32H7xx_HAL_Driver/Src/stm32h7xx_ll_usb.o
                0x0800e014                USB_SetDevAddress
 .text.USB_DevConnect
                0x0800e060       0x42 ./Drivers/STM32H7xx_HAL_Driver/Src/stm32h7xx_ll_usb.o
                0x0800e060                USB_DevConnect
 .text.USB_DevDisconnect
                0x0800e0a2       0x42 ./Drivers/STM32H7xx_HAL_Driver/Src/stm32h7xx_ll_usb.o
                0x0800e0a2                USB_DevDisconnect
 .text.USB_ReadInterrupts
                0x0800e0e4       0x26 ./Drivers/STM32H7xx_HAL_Driver/Src/stm32h7xx_ll_usb.o
                0x0800e0e4                USB_ReadInterrupts
 .text.USB_ReadDevAllOutEpInterrupt
                0x0800e10a       0x34 ./Drivers/STM32H7xx_HAL_Driver/Src/stm32h7xx_ll_usb.o
                0x0800e10a                USB_ReadDevAllOutEpInterrupt
 .text.USB_ReadDevAllInEpInterrupt
                0x0800e13e       0x34 ./Drivers/STM32H7xx_HAL_Driver/Src/stm32h7xx_ll_usb.o
                0x0800e13e                USB_ReadDevAllInEpInterrupt
 .text.USB_ReadDevOutEPInterrupt
                0x0800e172       0x3c ./Drivers/STM32H7xx_HAL_Driver/Src/stm32h7xx_ll_usb.o
                0x0800e172                USB_ReadDevOutEPInterrupt
 .text.USB_ReadDevInEPInterrupt
                0x0800e1ae       0x5c ./Drivers/STM32H7xx_HAL_Driver/Src/stm32h7xx_ll_usb.o
                0x0800e1ae                USB_ReadDevInEPInterrupt
 .text.USB_GetMode
                0x0800e20a       0x1c ./Drivers/STM32H7xx_HAL_Driver/Src/stm32h7xx_ll_usb.o
                0x0800e20a                USB_GetMode
 *fill*         0x0800e226        0x2 
 .text.USB_ActivateSetup
                0x0800e228       0x48 ./Drivers/STM32H7xx_HAL_Driver/Src/stm32h7xx_ll_usb.o
                0x0800e228                USB_ActivateSetup
 .text.USB_EP0_OutStart
                0x0800e270       0xbc ./Drivers/STM32H7xx_HAL_Driver/Src/stm32h7xx_ll_usb.o
                0x0800e270                USB_EP0_OutStart
 .text.USB_CoreReset
                0x0800e32c       0x62 ./Drivers/STM32H7xx_HAL_Driver/Src/stm32h7xx_ll_usb.o
 *fill*         0x0800e38e        0x2 
 .text.USBD_CDC_Init
                0x0800e390      0x1f0 ./Middlewares/ST/STM32_USB_Device_Library/Class/CDC/Src/usbd_cdc.o
 .text.USBD_CDC_DeInit
                0x0800e580      0x104 ./Middlewares/ST/STM32_USB_Device_Library/Class/CDC/Src/usbd_cdc.o
 .text.USBD_CDC_Setup
                0x0800e684      0x1b8 ./Middlewares/ST/STM32_USB_Device_Library/Class/CDC/Src/usbd_cdc.o
 .text.USBD_CDC_DataIn
                0x0800e83c       0xfe ./Middlewares/ST/STM32_USB_Device_Library/Class/CDC/Src/usbd_cdc.o
 .text.USBD_CDC_DataOut
                0x0800e93a       0x70 ./Middlewares/ST/STM32_USB_Device_Library/Class/CDC/Src/usbd_cdc.o
 .text.USBD_CDC_EP0_RxReady
                0x0800e9aa       0x74 ./Middlewares/ST/STM32_USB_Device_Library/Class/CDC/Src/usbd_cdc.o
 *fill*         0x0800ea1e        0x2 
 .text.USBD_CDC_GetFSCfgDesc
                0x0800ea20       0x70 ./Middlewares/ST/STM32_USB_Device_Library/Class/CDC/Src/usbd_cdc.o
 .text.USBD_CDC_GetHSCfgDesc
                0x0800ea90       0x70 ./Middlewares/ST/STM32_USB_Device_Library/Class/CDC/Src/usbd_cdc.o
 .text.USBD_CDC_GetOtherSpeedCfgDesc
                0x0800eb00       0x70 ./Middlewares/ST/STM32_USB_Device_Library/Class/CDC/Src/usbd_cdc.o
 .text.USBD_CDC_GetDeviceQualifierDescriptor
                0x0800eb70       0x20 ./Middlewares/ST/STM32_USB_Device_Library/Class/CDC/Src/usbd_cdc.o
                0x0800eb70                USBD_CDC_GetDeviceQualifierDescriptor
 .text.USBD_CDC_RegisterInterface
                0x0800eb90       0x34 ./Middlewares/ST/STM32_USB_Device_Library/Class/CDC/Src/usbd_cdc.o
                0x0800eb90                USBD_CDC_RegisterInterface
 .text.USBD_CDC_SetTxBuffer
                0x0800ebc4       0x44 ./Middlewares/ST/STM32_USB_Device_Library/Class/CDC/Src/usbd_cdc.o
                0x0800ebc4                USBD_CDC_SetTxBuffer
 .text.USBD_CDC_SetRxBuffer
                0x0800ec08       0x3a ./Middlewares/ST/STM32_USB_Device_Library/Class/CDC/Src/usbd_cdc.o
                0x0800ec08                USBD_CDC_SetRxBuffer
 *fill*         0x0800ec42        0x2 
 .text.USBD_CDC_TransmitPacket
                0x0800ec44       0x80 ./Middlewares/ST/STM32_USB_Device_Library/Class/CDC/Src/usbd_cdc.o
                0x0800ec44                USBD_CDC_TransmitPacket
 .text.USBD_CDC_ReceivePacket
                0x0800ecc4       0x6c ./Middlewares/ST/STM32_USB_Device_Library/Class/CDC/Src/usbd_cdc.o
                0x0800ecc4                USBD_CDC_ReceivePacket
 .text.USBD_Init
                0x0800ed30       0x60 ./Middlewares/ST/STM32_USB_Device_Library/Core/Src/usbd_core.o
                0x0800ed30                USBD_Init
 .text.USBD_RegisterClass
                0x0800ed90       0x6c ./Middlewares/ST/STM32_USB_Device_Library/Core/Src/usbd_core.o
                0x0800ed90                USBD_RegisterClass
 .text.USBD_Start
                0x0800edfc       0x18 ./Middlewares/ST/STM32_USB_Device_Library/Core/Src/usbd_core.o
                0x0800edfc                USBD_Start
 .text.USBD_RunTestMode
                0x0800ee14       0x16 ./Middlewares/ST/STM32_USB_Device_Library/Core/Src/usbd_core.o
                0x0800ee14                USBD_RunTestMode
 .text.USBD_SetClassConfig
                0x0800ee2a       0x38 ./Middlewares/ST/STM32_USB_Device_Library/Core/Src/usbd_core.o
                0x0800ee2a                USBD_SetClassConfig
 .text.USBD_ClrClassConfig
                0x0800ee62       0x34 ./Middlewares/ST/STM32_USB_Device_Library/Core/Src/usbd_core.o
                0x0800ee62                USBD_ClrClassConfig
 .text.USBD_LL_SetupStage
                0x0800ee96       0xaa ./Middlewares/ST/STM32_USB_Device_Library/Core/Src/usbd_core.o
                0x0800ee96                USBD_LL_SetupStage
 .text.USBD_LL_DataOutStage
                0x0800ef40      0x166 ./Middlewares/ST/STM32_USB_Device_Library/Core/Src/usbd_core.o
                0x0800ef40                USBD_LL_DataOutStage
 .text.USBD_LL_DataInStage
                0x0800f0a6      0x164 ./Middlewares/ST/STM32_USB_Device_Library/Core/Src/usbd_core.o
                0x0800f0a6                USBD_LL_DataInStage
 .text.USBD_LL_Reset
                0x0800f20a       0xa4 ./Middlewares/ST/STM32_USB_Device_Library/Core/Src/usbd_core.o
                0x0800f20a                USBD_LL_Reset
 .text.USBD_LL_SetSpeed
                0x0800f2ae       0x20 ./Middlewares/ST/STM32_USB_Device_Library/Core/Src/usbd_core.o
                0x0800f2ae                USBD_LL_SetSpeed
 .text.USBD_LL_Suspend
                0x0800f2ce       0x38 ./Middlewares/ST/STM32_USB_Device_Library/Core/Src/usbd_core.o
                0x0800f2ce                USBD_LL_Suspend
 .text.USBD_LL_Resume
                0x0800f306       0x30 ./Middlewares/ST/STM32_USB_Device_Library/Core/Src/usbd_core.o
                0x0800f306                USBD_LL_Resume
 .text.USBD_LL_SOF
                0x0800f336       0x40 ./Middlewares/ST/STM32_USB_Device_Library/Core/Src/usbd_core.o
                0x0800f336                USBD_LL_SOF
 .text.USBD_LL_IsoINIncomplete
                0x0800f376       0x64 ./Middlewares/ST/STM32_USB_Device_Library/Core/Src/usbd_core.o
                0x0800f376                USBD_LL_IsoINIncomplete
 .text.USBD_LL_IsoOUTIncomplete
                0x0800f3da       0x64 ./Middlewares/ST/STM32_USB_Device_Library/Core/Src/usbd_core.o
                0x0800f3da                USBD_LL_IsoOUTIncomplete
 .text.USBD_LL_DevConnected
                0x0800f43e       0x16 ./Middlewares/ST/STM32_USB_Device_Library/Core/Src/usbd_core.o
                0x0800f43e                USBD_LL_DevConnected
 .text.USBD_LL_DevDisconnected
                0x0800f454       0x46 ./Middlewares/ST/STM32_USB_Device_Library/Core/Src/usbd_core.o
                0x0800f454                USBD_LL_DevDisconnected
 .text.USBD_CoreFindIF
                0x0800f49a       0x1a ./Middlewares/ST/STM32_USB_Device_Library/Core/Src/usbd_core.o
                0x0800f49a                USBD_CoreFindIF
 .text.USBD_CoreFindEP
                0x0800f4b4       0x1a ./Middlewares/ST/STM32_USB_Device_Library/Core/Src/usbd_core.o
                0x0800f4b4                USBD_CoreFindEP
 .text.USBD_GetEpDesc
                0x0800f4ce       0x70 ./Middlewares/ST/STM32_USB_Device_Library/Core/Src/usbd_core.o
                0x0800f4ce                USBD_GetEpDesc
 .text.USBD_GetNextDesc
                0x0800f53e       0x38 ./Middlewares/ST/STM32_USB_Device_Library/Core/Src/usbd_core.o
                0x0800f53e                USBD_GetNextDesc
 .text.SWAPBYTE
                0x0800f576       0x3e ./Middlewares/ST/STM32_USB_Device_Library/Core/Src/usbd_ctlreq.o
 .text.USBD_StdDevReq
                0x0800f5b4       0xe4 ./Middlewares/ST/STM32_USB_Device_Library/Core/Src/usbd_ctlreq.o
                0x0800f5b4                USBD_StdDevReq
 .text.USBD_StdItfReq
                0x0800f698       0xd8 ./Middlewares/ST/STM32_USB_Device_Library/Core/Src/usbd_ctlreq.o
                0x0800f698                USBD_StdItfReq
 .text.USBD_StdEPReq
                0x0800f770      0x33a ./Middlewares/ST/STM32_USB_Device_Library/Core/Src/usbd_ctlreq.o
                0x0800f770                USBD_StdEPReq
 *fill*         0x0800faaa        0x2 
 .text.USBD_GetDescriptor
                0x0800faac      0x328 ./Middlewares/ST/STM32_USB_Device_Library/Core/Src/usbd_ctlreq.o
 .text.USBD_SetAddress
                0x0800fdd4       0x88 ./Middlewares/ST/STM32_USB_Device_Library/Core/Src/usbd_ctlreq.o
 .text.USBD_SetConfig
                0x0800fe5c      0x154 ./Middlewares/ST/STM32_USB_Device_Library/Core/Src/usbd_ctlreq.o
 .text.USBD_GetConfig
                0x0800ffb0       0x6c ./Middlewares/ST/STM32_USB_Device_Library/Core/Src/usbd_ctlreq.o
 .text.USBD_GetStatus
                0x0801001c       0x68 ./Middlewares/ST/STM32_USB_Device_Library/Core/Src/usbd_ctlreq.o
 .text.USBD_SetFeature
                0x08010084       0x52 ./Middlewares/ST/STM32_USB_Device_Library/Core/Src/usbd_ctlreq.o
 .text.USBD_ClrFeature
                0x080100d6       0x44 ./Middlewares/ST/STM32_USB_Device_Library/Core/Src/usbd_ctlreq.o
 .text.USBD_ParseSetupRequest
                0x0801011a       0x74 ./Middlewares/ST/STM32_USB_Device_Library/Core/Src/usbd_ctlreq.o
                0x0801011a                USBD_ParseSetupRequest
 .text.USBD_CtlError
                0x0801018e       0x22 ./Middlewares/ST/STM32_USB_Device_Library/Core/Src/usbd_ctlreq.o
                0x0801018e                USBD_CtlError
 .text.USBD_GetString
                0x080101b0       0xa4 ./Middlewares/ST/STM32_USB_Device_Library/Core/Src/usbd_ctlreq.o
                0x080101b0                USBD_GetString
 .text.USBD_GetLen
                0x08010254       0x34 ./Middlewares/ST/STM32_USB_Device_Library/Core/Src/usbd_ctlreq.o
 .text.USBD_CtlSendData
                0x08010288       0x36 ./Middlewares/ST/STM32_USB_Device_Library/Core/Src/usbd_ioreq.o
                0x08010288                USBD_CtlSendData
 .text.USBD_CtlContinueSendData
                0x080102be       0x22 ./Middlewares/ST/STM32_USB_Device_Library/Core/Src/usbd_ioreq.o
                0x080102be                USBD_CtlContinueSendData
 .text.USBD_CtlPrepareRx
                0x080102e0       0x3a ./Middlewares/ST/STM32_USB_Device_Library/Core/Src/usbd_ioreq.o
                0x080102e0                USBD_CtlPrepareRx
 .text.USBD_CtlContinueRx
                0x0801031a       0x22 ./Middlewares/ST/STM32_USB_Device_Library/Core/Src/usbd_ioreq.o
                0x0801031a                USBD_CtlContinueRx
 .text.USBD_CtlSendStatus
                0x0801033c       0x26 ./Middlewares/ST/STM32_USB_Device_Library/Core/Src/usbd_ioreq.o
                0x0801033c                USBD_CtlSendStatus
 .text.USBD_CtlReceiveStatus
                0x08010362       0x26 ./Middlewares/ST/STM32_USB_Device_Library/Core/Src/usbd_ioreq.o
                0x08010362                USBD_CtlReceiveStatus
 .text.MX_USB_DEVICE_Init
                0x08010388       0x64 ./USB_DEVICE/App/usb_device.o
                0x08010388                MX_USB_DEVICE_Init
 .text.CDC_Init_HS
                0x080103ec       0x28 ./USB_DEVICE/App/usbd_cdc_if.o
 .text.CDC_DeInit_HS
                0x08010414       0x10 ./USB_DEVICE/App/usbd_cdc_if.o
 .text.CDC_Control_HS
                0x08010424       0xbc ./USB_DEVICE/App/usbd_cdc_if.o
 .text.CDC_Receive_HS
                0x080104e0       0x44 ./USB_DEVICE/App/usbd_cdc_if.o
 .text.CDC_Transmit_HS
                0x08010524       0x4c ./USB_DEVICE/App/usbd_cdc_if.o
                0x08010524                CDC_Transmit_HS
 .text.CDC_TransmitCplt_HS
                0x08010570       0x22 ./USB_DEVICE/App/usbd_cdc_if.o
 *fill*         0x08010592        0x2 
 .text.USBD_HS_DeviceDescriptor
                0x08010594       0x24 ./USB_DEVICE/App/usbd_desc.o
                0x08010594                USBD_HS_DeviceDescriptor
 .text.USBD_HS_LangIDStrDescriptor
                0x080105b8       0x24 ./USB_DEVICE/App/usbd_desc.o
                0x080105b8                USBD_HS_LangIDStrDescriptor
 .text.USBD_HS_ProductStrDescriptor
                0x080105dc       0x3c ./USB_DEVICE/App/usbd_desc.o
                0x080105dc                USBD_HS_ProductStrDescriptor
 .text.USBD_HS_ManufacturerStrDescriptor
                0x08010618       0x28 ./USB_DEVICE/App/usbd_desc.o
                0x08010618                USBD_HS_ManufacturerStrDescriptor
 .text.USBD_HS_SerialStrDescriptor
                0x08010640       0x24 ./USB_DEVICE/App/usbd_desc.o
                0x08010640                USBD_HS_SerialStrDescriptor
 .text.USBD_HS_ConfigStrDescriptor
                0x08010664       0x3c ./USB_DEVICE/App/usbd_desc.o
                0x08010664                USBD_HS_ConfigStrDescriptor
 .text.USBD_HS_InterfaceStrDescriptor
                0x080106a0       0x3c ./USB_DEVICE/App/usbd_desc.o
                0x080106a0                USBD_HS_InterfaceStrDescriptor
 .text.Get_SerialNum
                0x080106dc       0x58 ./USB_DEVICE/App/usbd_desc.o
 .text.IntToUnicode
                0x08010734       0x7e ./USB_DEVICE/App/usbd_desc.o
 *fill*         0x080107b2        0x2 
 .text.HAL_PCD_MspInit
                0x080107b4      0x144 ./USB_DEVICE/Target/usbd_conf.o
                0x080107b4                HAL_PCD_MspInit
 .text.HAL_PCD_SetupStageCallback
                0x080108f8       0x24 ./USB_DEVICE/Target/usbd_conf.o
                0x080108f8                HAL_PCD_SetupStageCallback
 .text.HAL_PCD_DataOutStageCallback
                0x0801091c       0x36 ./USB_DEVICE/Target/usbd_conf.o
                0x0801091c                HAL_PCD_DataOutStageCallback
 .text.HAL_PCD_DataInStageCallback
                0x08010952       0x34 ./USB_DEVICE/Target/usbd_conf.o
                0x08010952                HAL_PCD_DataInStageCallback
 .text.HAL_PCD_SOFCallback
                0x08010986       0x1c ./USB_DEVICE/Target/usbd_conf.o
                0x08010986                HAL_PCD_SOFCallback
 .text.HAL_PCD_ResetCallback
                0x080109a2       0x50 ./USB_DEVICE/Target/usbd_conf.o
                0x080109a2                HAL_PCD_ResetCallback
 *fill*         0x080109f2        0x2 
 .text.HAL_PCD_SuspendCallback
                0x080109f4       0x4c ./USB_DEVICE/Target/usbd_conf.o
                0x080109f4                HAL_PCD_SuspendCallback
 .text.HAL_PCD_ResumeCallback
                0x08010a40       0x1c ./USB_DEVICE/Target/usbd_conf.o
                0x08010a40                HAL_PCD_ResumeCallback
 .text.HAL_PCD_ISOOUTIncompleteCallback
                0x08010a5c       0x24 ./USB_DEVICE/Target/usbd_conf.o
                0x08010a5c                HAL_PCD_ISOOUTIncompleteCallback
 .text.HAL_PCD_ISOINIncompleteCallback
                0x08010a80       0x24 ./USB_DEVICE/Target/usbd_conf.o
                0x08010a80                HAL_PCD_ISOINIncompleteCallback
 .text.HAL_PCD_ConnectCallback
                0x08010aa4       0x1c ./USB_DEVICE/Target/usbd_conf.o
                0x08010aa4                HAL_PCD_ConnectCallback
 .text.HAL_PCD_DisconnectCallback
                0x08010ac0       0x1c ./USB_DEVICE/Target/usbd_conf.o
                0x08010ac0                HAL_PCD_DisconnectCallback
 .text.USBD_LL_Init
                0x08010adc       0xa4 ./USB_DEVICE/Target/usbd_conf.o
                0x08010adc                USBD_LL_Init
 .text.USBD_LL_Start
                0x08010b80       0x36 ./USB_DEVICE/Target/usbd_conf.o
                0x08010b80                USBD_LL_Start
 .text.USBD_LL_OpenEP
                0x08010bb6       0x4c ./USB_DEVICE/Target/usbd_conf.o
                0x08010bb6                USBD_LL_OpenEP
 .text.USBD_LL_CloseEP
                0x08010c02       0x3e ./USB_DEVICE/Target/usbd_conf.o
                0x08010c02                USBD_LL_CloseEP
 .text.USBD_LL_StallEP
                0x08010c40       0x3e ./USB_DEVICE/Target/usbd_conf.o
                0x08010c40                USBD_LL_StallEP
 .text.USBD_LL_ClearStallEP
                0x08010c7e       0x3e ./USB_DEVICE/Target/usbd_conf.o
                0x08010c7e                USBD_LL_ClearStallEP
 .text.USBD_LL_IsStallEP
                0x08010cbc       0x58 ./USB_DEVICE/Target/usbd_conf.o
                0x08010cbc                USBD_LL_IsStallEP
 .text.USBD_LL_SetUSBAddress
                0x08010d14       0x3e ./USB_DEVICE/Target/usbd_conf.o
                0x08010d14                USBD_LL_SetUSBAddress
 .text.USBD_LL_Transmit
                0x08010d52       0x42 ./USB_DEVICE/Target/usbd_conf.o
                0x08010d52                USBD_LL_Transmit
 .text.USBD_LL_PrepareReceive
                0x08010d94       0x42 ./USB_DEVICE/Target/usbd_conf.o
                0x08010d94                USBD_LL_PrepareReceive
 .text.USBD_LL_GetRxDataSize
                0x08010dd6       0x26 ./USB_DEVICE/Target/usbd_conf.o
                0x08010dd6                USBD_LL_GetRxDataSize
 .text.USBD_static_malloc
                0x08010dfc       0x1c ./USB_DEVICE/Target/usbd_conf.o
                0x08010dfc                USBD_static_malloc
 .text.USBD_static_free
                0x08010e18       0x14 ./USB_DEVICE/Target/usbd_conf.o
                0x08010e18                USBD_static_free
 .text.USBD_Get_USB_Status
                0x08010e2c       0x58 ./USB_DEVICE/Target/usbd_conf.o
                0x08010e2c                USBD_Get_USB_Status
 .text.memset   0x08010e84       0x10 C:/ST/STM32CubeIDE_1.17.0/STM32CubeIDE/plugins/com.st.stm32cube.ide.mcu.externaltools.gnu-tools-for-stm32.13.3.rel1.win32_1.0.0.202411081344/tools/bin/../lib/gcc/arm-none-eabi/13.3.1/../../../../arm-none-eabi/lib/thumb/v7e-m+dp/hard\libc_nano.a(libc_a-memset.o)
                0x08010e84                memset
 .text.__libc_init_array
                0x08010e94       0x48 C:/ST/STM32CubeIDE_1.17.0/STM32CubeIDE/plugins/com.st.stm32cube.ide.mcu.externaltools.gnu-tools-for-stm32.13.3.rel1.win32_1.0.0.202411081344/tools/bin/../lib/gcc/arm-none-eabi/13.3.1/../../../../arm-none-eabi/lib/thumb/v7e-m+dp/hard\libc_nano.a(libc_a-init.o)
                0x08010e94                __libc_init_array
 .text.memcpy   0x08010edc       0x1c C:/ST/STM32CubeIDE_1.17.0/STM32CubeIDE/plugins/com.st.stm32cube.ide.mcu.externaltools.gnu-tools-for-stm32.13.3.rel1.win32_1.0.0.202411081344/tools/bin/../lib/gcc/arm-none-eabi/13.3.1/../../../../arm-none-eabi/lib/thumb/v7e-m+dp/hard\libc_nano.a(libc_a-memcpy-stub.o)
                0x08010edc                memcpy
 *(.glue_7)
 .glue_7        0x08010ef8        0x0 linker stubs
 *(.glue_7t)
 .glue_7t       0x08010ef8        0x0 linker stubs
 *(.eh_frame)
 .eh_frame      0x08010ef8        0x0 C:/ST/STM32CubeIDE_1.17.0/STM32CubeIDE/plugins/com.st.stm32cube.ide.mcu.externaltools.gnu-tools-for-stm32.13.3.rel1.win32_1.0.0.202411081344/tools/bin/../lib/gcc/arm-none-eabi/13.3.1/thumb/v7e-m+dp/hard/crtbegin.o
 *(.init)
 .init          0x08010ef8        0x4 C:/ST/STM32CubeIDE_1.17.0/STM32CubeIDE/plugins/com.st.stm32cube.ide.mcu.externaltools.gnu-tools-for-stm32.13.3.rel1.win32_1.0.0.202411081344/tools/bin/../lib/gcc/arm-none-eabi/13.3.1/thumb/v7e-m+dp/hard/crti.o
                0x08010ef8                _init
 .init          0x08010efc        0x8 C:/ST/STM32CubeIDE_1.17.0/STM32CubeIDE/plugins/com.st.stm32cube.ide.mcu.externaltools.gnu-tools-for-stm32.13.3.rel1.win32_1.0.0.202411081344/tools/bin/../lib/gcc/arm-none-eabi/13.3.1/thumb/v7e-m+dp/hard/crtn.o
 *(.fini)
 .fini          0x08010f04        0x4 C:/ST/STM32CubeIDE_1.17.0/STM32CubeIDE/plugins/com.st.stm32cube.ide.mcu.externaltools.gnu-tools-for-stm32.13.3.rel1.win32_1.0.0.202411081344/tools/bin/../lib/gcc/arm-none-eabi/13.3.1/thumb/v7e-m+dp/hard/crti.o
                0x08010f04                _fini
 .fini          0x08010f08        0x8 C:/ST/STM32CubeIDE_1.17.0/STM32CubeIDE/plugins/com.st.stm32cube.ide.mcu.externaltools.gnu-tools-for-stm32.13.3.rel1.win32_1.0.0.202411081344/tools/bin/../lib/gcc/arm-none-eabi/13.3.1/thumb/v7e-m+dp/hard/crtn.o
                0x08010f10                        . = ALIGN (0x4)
                0x08010f10                        _etext = .

.vfp11_veneer   0x08010f10        0x0
 .vfp11_veneer  0x08010f10        0x0 linker stubs

.v4_bx          0x08010f10        0x0
 .v4_bx         0x08010f10        0x0 linker stubs

.iplt           0x08010f10        0x0
 .iplt          0x08010f10        0x0 C:/ST/STM32CubeIDE_1.17.0/STM32CubeIDE/plugins/com.st.stm32cube.ide.mcu.externaltools.gnu-tools-for-stm32.13.3.rel1.win32_1.0.0.202411081344/tools/bin/../lib/gcc/arm-none-eabi/13.3.1/thumb/v7e-m+dp/hard/crtbegin.o

.rodata         0x08010f10      0x314
                0x08010f10                        . = ALIGN (0x4)
 *(.rodata)
 .rodata        0x08010f10       0x23 ./Core/Src/main.o
 *fill*         0x08010f33        0x1 
 .rodata        0x08010f34      0x28f ./Core/Src/routines.o
 *fill*         0x080111c3        0x1 
 .rodata        0x080111c4       0x46 ./USB_DEVICE/App/usbd_desc.o
 *(.rodata*)
 *fill*         0x0801120a        0x2 
 .rodata.D1CorePrescTable
                0x0801120c       0x10 ./Core/Src/system_stm32h7xx.o
                0x0801120c                D1CorePrescTable
 .rodata.flagBitshiftOffset.0
                0x0801121c        0x8 ./Drivers/STM32H7xx_HAL_Driver/Src/stm32h7xx_hal_dma.o
                0x08011224                        . = ALIGN (0x4)

.ARM.extab
 *(.ARM.extab* .gnu.linkonce.armextab.*)

.ARM            0x08011224        0x0
                0x08011224                        __exidx_start = .
 *(.ARM.exidx*)
                0x08011224                        __exidx_end = .

.preinit_array  0x08011224        0x0
                0x08011224                        PROVIDE (__preinit_array_start = .)
 *(.preinit_array*)
                0x08011224                        PROVIDE (__preinit_array_end = .)

.init_array     0x08011224        0x4
                0x08011224                        PROVIDE (__init_array_start = .)
 *(SORT_BY_NAME(.init_array.*))
 *(.init_array*)
 .init_array    0x08011224        0x4 C:/ST/STM32CubeIDE_1.17.0/STM32CubeIDE/plugins/com.st.stm32cube.ide.mcu.externaltools.gnu-tools-for-stm32.13.3.rel1.win32_1.0.0.202411081344/tools/bin/../lib/gcc/arm-none-eabi/13.3.1/thumb/v7e-m+dp/hard/crtbegin.o
                0x08011228                        PROVIDE (__init_array_end = .)

.fini_array     0x08011228        0x4
                [!provide]                        PROVIDE (__fini_array_start = .)
 *(SORT_BY_NAME(.fini_array.*))
 *(.fini_array*)
 .fini_array    0x08011228        0x4 C:/ST/STM32CubeIDE_1.17.0/STM32CubeIDE/plugins/com.st.stm32cube.ide.mcu.externaltools.gnu-tools-for-stm32.13.3.rel1.win32_1.0.0.202411081344/tools/bin/../lib/gcc/arm-none-eabi/13.3.1/thumb/v7e-m+dp/hard/crtbegin.o
                [!provide]                        PROVIDE (__fini_array_end = .)
                0x0801122c                        _sidata = LOADADDR (.data)

.rel.dyn        0x0801122c        0x0
 .rel.iplt      0x0801122c        0x0 C:/ST/STM32CubeIDE_1.17.0/STM32CubeIDE/plugins/com.st.stm32cube.ide.mcu.externaltools.gnu-tools-for-stm32.13.3.rel1.win32_1.0.0.202411081344/tools/bin/../lib/gcc/arm-none-eabi/13.3.1/thumb/v7e-m+dp/hard/crtbegin.o

.data           0x24000000      0x108 load address 0x0801122c
                0x24000000                        . = ALIGN (0x4)
                0x24000000                        _sdata = .
 *(.data)
 *(.data*)
 .data.cmd_index
                0x24000000        0x1 ./Core/Src/main.o
                0x24000000                cmd_index
 .data.cam_mode_select
                0x24000001        0x1 ./Core/Src/main.o
                0x24000001                cam_mode_select
 *fill*         0x24000002        0x2 
 .data.SystemCoreClock
                0x24000004        0x4 ./Core/Src/system_stm32h7xx.o
                0x24000004                SystemCoreClock
 .data.SystemD2Clock
                0x24000008        0x4 ./Core/Src/system_stm32h7xx.o
                0x24000008                SystemD2Clock
 .data.uwTickPrio
                0x2400000c        0x4 ./Drivers/STM32H7xx_HAL_Driver/Src/stm32h7xx_hal.o
                0x2400000c                uwTickPrio
 .data.uwTickFreq
                0x24000010        0x1 ./Drivers/STM32H7xx_HAL_Driver/Src/stm32h7xx_hal.o
                0x24000010                uwTickFreq
 *fill*         0x24000011        0x3 
 .data.USBD_CDC_DeviceQualifierDesc
                0x24000014        0xa ./Middlewares/ST/STM32_USB_Device_Library/Class/CDC/Src/usbd_cdc.o
 *fill*         0x2400001e        0x2 
 .data.USBD_CDC
                0x24000020       0x38 ./Middlewares/ST/STM32_USB_Device_Library/Class/CDC/Src/usbd_cdc.o
                0x24000020                USBD_CDC
 .data.USBD_CDC_CfgDesc
                0x24000058       0x43 ./Middlewares/ST/STM32_USB_Device_Library/Class/CDC/Src/usbd_cdc.o
 .data.CDCInEpAdd
                0x2400009b        0x1 ./Middlewares/ST/STM32_USB_Device_Library/Class/CDC/Src/usbd_cdc.o
 .data.CDCOutEpAdd
                0x2400009c        0x1 ./Middlewares/ST/STM32_USB_Device_Library/Class/CDC/Src/usbd_cdc.o
 .data.CDCCmdEpAdd
                0x2400009d        0x1 ./Middlewares/ST/STM32_USB_Device_Library/Class/CDC/Src/usbd_cdc.o
 *fill*         0x2400009e        0x2 
 .data.USBD_Interface_fops_HS
                0x240000a0       0x14 ./USB_DEVICE/App/usbd_cdc_if.o
                0x240000a0                USBD_Interface_fops_HS
 .data.HS_Desc  0x240000b4       0x20 ./USB_DEVICE/App/usbd_desc.o
                0x240000b4                HS_Desc
 .data.USBD_HS_DeviceDesc
                0x240000d4       0x12 ./USB_DEVICE/App/usbd_desc.o
                0x240000d4                USBD_HS_DeviceDesc
 *fill*         0x240000e6        0x2 
 .data.USBD_LangIDDesc
                0x240000e8        0x4 ./USB_DEVICE/App/usbd_desc.o
                0x240000e8                USBD_LangIDDesc
 .data.USBD_StringSerial
                0x240000ec       0x1a ./USB_DEVICE/App/usbd_desc.o
                0x240000ec                USBD_StringSerial
 *(.RamFunc)
 *(.RamFunc*)
                0x24000108                        . = ALIGN (0x4)
 *fill*         0x24000106        0x2 
                0x24000108                        _edata = .

.igot.plt       0x24000108        0x0 load address 0x08011334
 .igot.plt      0x24000108        0x0 C:/ST/STM32CubeIDE_1.17.0/STM32CubeIDE/plugins/com.st.stm32cube.ide.mcu.externaltools.gnu-tools-for-stm32.13.3.rel1.win32_1.0.0.202411081344/tools/bin/../lib/gcc/arm-none-eabi/13.3.1/thumb/v7e-m+dp/hard/crtbegin.o
                0x24000108                        . = ALIGN (0x4)

.bss            0x24000108     0x1f6c load address 0x08011334
                0x24000108                        _sbss = .
                0x24000108                        __bss_start__ = _sbss
 *(.bss)
 .bss           0x24000108       0x1c C:/ST/STM32CubeIDE_1.17.0/STM32CubeIDE/plugins/com.st.stm32cube.ide.mcu.externaltools.gnu-tools-for-stm32.13.3.rel1.win32_1.0.0.202411081344/tools/bin/../lib/gcc/arm-none-eabi/13.3.1/thumb/v7e-m+dp/hard/crtbegin.o
 *(.bss*)
 .bss.dma_flag  0x24000124        0x1 ./Core/Src/comms.o
 *fill*         0x24000125        0x3 
 .bss.hadc1     0x24000128       0x64 ./Core/Src/main.o
                0x24000128                hadc1
 .bss.hadc2     0x2400018c       0x64 ./Core/Src/main.o
                0x2400018c                hadc2
 .bss.hdcmi     0x240001f0       0x50 ./Core/Src/main.o
                0x240001f0                hdcmi
 .bss.hdma_dcmi
                0x24000240       0x78 ./Core/Src/main.o
                0x24000240                hdma_dcmi
 .bss.hi2c2     0x240002b8       0x54 ./Core/Src/main.o
                0x240002b8                hi2c2
 .bss.hspi4     0x2400030c       0x88 ./Core/Src/main.o
                0x2400030c                hspi4
 .bss.hdma_spi4_tx
                0x24000394       0x78 ./Core/Src/main.o
                0x24000394                hdma_spi4_tx
 .bss.hdma_spi4_rx
                0x2400040c       0x78 ./Core/Src/main.o
                0x2400040c                hdma_spi4_rx
 .bss.status    0x24000484        0x1 ./Core/Src/main.o
                0x24000484                status
 .bss.error_index
                0x24000485        0x1 ./Core/Src/main.o
                0x24000485                error_index
 *fill*         0x24000486        0x2 
 .bss.HAL_RCC_ADC12_CLK_ENABLED
                0x24000488        0x4 ./Core/Src/stm32h7xx_hal_msp.o
 .bss.uwTick    0x2400048c        0x4 ./Drivers/STM32H7xx_HAL_Driver/Src/stm32h7xx_hal.o
                0x2400048c                uwTick
 .bss.cfgidx.0  0x24000490        0x1 ./Middlewares/ST/STM32_USB_Device_Library/Core/Src/usbd_ctlreq.o
 *fill*         0x24000491        0x3 
 .bss.hUsbDeviceHS
                0x24000494      0x2dc ./USB_DEVICE/App/usb_device.o
                0x24000494                hUsbDeviceHS
 .bss.UserRxBufferHS
                0x24000770      0x800 ./USB_DEVICE/App/usbd_cdc_if.o
                0x24000770                UserRxBufferHS
 .bss.UserTxBufferHS
                0x24000f70      0x800 ./USB_DEVICE/App/usbd_cdc_if.o
                0x24000f70                UserTxBufferHS
 .bss.USBD_StrDesc
                0x24001770      0x200 ./USB_DEVICE/App/usbd_desc.o
                0x24001770                USBD_StrDesc
 .bss.hpcd_USB_OTG_HS
                0x24001970      0x4e4 ./USB_DEVICE/Target/usbd_conf.o
                0x24001970                hpcd_USB_OTG_HS
 .bss.mem.0     0x24001e54      0x220 ./USB_DEVICE/Target/usbd_conf.o
 *(COMMON)
                0x24002074                        . = ALIGN (0x4)
                0x24002074                        _ebss = .
                0x24002074                        __bss_end__ = _ebss

._user_heap_stack
                0x24002074      0x604 load address 0x08011334
                0x24002078                        . = ALIGN (0x8)
 *fill*         0x24002074        0x4 
                [!provide]                        PROVIDE (end = .)
                0x24002078                        PROVIDE (_end = .)
                0x24002278                        . = (. + _Min_Heap_Size)
 *fill*         0x24002078      0x200 
                0x24002678                        . = (. + _Min_Stack_Size)
 *fill*         0x24002278      0x400 
                0x24002678                        . = ALIGN (0x8)

/DISCARD/
 libc.a(*)
 libm.a(*)
 libgcc.a(*)

.ARM.attributes
                0x00000000       0x2e
 *(.ARM.attributes)
 .ARM.attributes
                0x00000000       0x20 C:/ST/STM32CubeIDE_1.17.0/STM32CubeIDE/plugins/com.st.stm32cube.ide.mcu.externaltools.gnu-tools-for-stm32.13.3.rel1.win32_1.0.0.202411081344/tools/bin/../lib/gcc/arm-none-eabi/13.3.1/thumb/v7e-m+dp/hard/crti.o
 .ARM.attributes
                0x00000020       0x32 C:/ST/STM32CubeIDE_1.17.0/STM32CubeIDE/plugins/com.st.stm32cube.ide.mcu.externaltools.gnu-tools-for-stm32.13.3.rel1.win32_1.0.0.202411081344/tools/bin/../lib/gcc/arm-none-eabi/13.3.1/thumb/v7e-m+dp/hard/crtbegin.o
 .ARM.attributes
                0x00000052       0x32 ./Core/Src/comms.o
 .ARM.attributes
                0x00000084       0x32 ./Core/Src/main.o
 .ARM.attributes
                0x000000b6       0x32 ./Core/Src/ov7670.o
 .ARM.attributes
                0x000000e8       0x32 ./Core/Src/routines.o
 .ARM.attributes
                0x0000011a       0x32 ./Core/Src/stm32h7xx_hal_msp.o
 .ARM.attributes
                0x0000014c       0x32 ./Core/Src/stm32h7xx_it.o
 .ARM.attributes
                0x0000017e       0x32 ./Core/Src/system_stm32h7xx.o
 .ARM.attributes
                0x000001b0       0x21 ./Core/Startup/startup_stm32h7a3vitx.o
 .ARM.attributes
                0x000001d1       0x32 ./Drivers/STM32H7xx_HAL_Driver/Src/stm32h7xx_hal.o
 .ARM.attributes
                0x00000203       0x32 ./Drivers/STM32H7xx_HAL_Driver/Src/stm32h7xx_hal_adc.o
 .ARM.attributes
                0x00000235       0x32 ./Drivers/STM32H7xx_HAL_Driver/Src/stm32h7xx_hal_adc_ex.o
 .ARM.attributes
                0x00000267       0x32 ./Drivers/STM32H7xx_HAL_Driver/Src/stm32h7xx_hal_cortex.o
 .ARM.attributes
                0x00000299       0x32 ./Drivers/STM32H7xx_HAL_Driver/Src/stm32h7xx_hal_dcmi.o
 .ARM.attributes
                0x000002cb       0x32 ./Drivers/STM32H7xx_HAL_Driver/Src/stm32h7xx_hal_dma.o
 .ARM.attributes
                0x000002fd       0x32 ./Drivers/STM32H7xx_HAL_Driver/Src/stm32h7xx_hal_dma_ex.o
 .ARM.attributes
                0x0000032f       0x32 ./Drivers/STM32H7xx_HAL_Driver/Src/stm32h7xx_hal_gpio.o
 .ARM.attributes
                0x00000361       0x32 ./Drivers/STM32H7xx_HAL_Driver/Src/stm32h7xx_hal_i2c.o
 .ARM.attributes
                0x00000393       0x32 ./Drivers/STM32H7xx_HAL_Driver/Src/stm32h7xx_hal_i2c_ex.o
 .ARM.attributes
                0x000003c5       0x32 ./Drivers/STM32H7xx_HAL_Driver/Src/stm32h7xx_hal_pcd.o
 .ARM.attributes
                0x000003f7       0x32 ./Drivers/STM32H7xx_HAL_Driver/Src/stm32h7xx_hal_pcd_ex.o
 .ARM.attributes
                0x00000429       0x32 ./Drivers/STM32H7xx_HAL_Driver/Src/stm32h7xx_hal_pwr_ex.o
 .ARM.attributes
                0x0000045b       0x32 ./Drivers/STM32H7xx_HAL_Driver/Src/stm32h7xx_hal_rcc.o
 .ARM.attributes
                0x0000048d       0x32 ./Drivers/STM32H7xx_HAL_Driver/Src/stm32h7xx_hal_rcc_ex.o
 .ARM.attributes
                0x000004bf       0x32 ./Drivers/STM32H7xx_HAL_Driver/Src/stm32h7xx_hal_spi.o
 .ARM.attributes
                0x000004f1       0x32 ./Drivers/STM32H7xx_HAL_Driver/Src/stm32h7xx_ll_usb.o
 .ARM.attributes
                0x00000523       0x32 ./Middlewares/ST/STM32_USB_Device_Library/Class/CDC/Src/usbd_cdc.o
 .ARM.attributes
                0x00000555       0x32 ./Middlewares/ST/STM32_USB_Device_Library/Core/Src/usbd_core.o
 .ARM.attributes
                0x00000587       0x32 ./Middlewares/ST/STM32_USB_Device_Library/Core/Src/usbd_ctlreq.o
 .ARM.attributes
                0x000005b9       0x32 ./Middlewares/ST/STM32_USB_Device_Library/Core/Src/usbd_ioreq.o
 .ARM.attributes
                0x000005eb       0x32 ./USB_DEVICE/App/usb_device.o
 .ARM.attributes
                0x0000061d       0x32 ./USB_DEVICE/App/usbd_cdc_if.o
 .ARM.attributes
                0x0000064f       0x32 ./USB_DEVICE/App/usbd_desc.o
 .ARM.attributes
                0x00000681       0x32 ./USB_DEVICE/Target/usbd_conf.o
 .ARM.attributes
                0x000006b3       0x32 C:/ST/STM32CubeIDE_1.17.0/STM32CubeIDE/plugins/com.st.stm32cube.ide.mcu.externaltools.gnu-tools-for-stm32.13.3.rel1.win32_1.0.0.202411081344/tools/bin/../lib/gcc/arm-none-eabi/13.3.1/../../../../arm-none-eabi/lib/thumb/v7e-m+dp/hard\libc_nano.a(libc_a-memset.o)
 .ARM.attributes
                0x000006e5       0x32 C:/ST/STM32CubeIDE_1.17.0/STM32CubeIDE/plugins/com.st.stm32cube.ide.mcu.externaltools.gnu-tools-for-stm32.13.3.rel1.win32_1.0.0.202411081344/tools/bin/../lib/gcc/arm-none-eabi/13.3.1/../../../../arm-none-eabi/lib/thumb/v7e-m+dp/hard\libc_nano.a(libc_a-init.o)
 .ARM.attributes
                0x00000717       0x32 C:/ST/STM32CubeIDE_1.17.0/STM32CubeIDE/plugins/com.st.stm32cube.ide.mcu.externaltools.gnu-tools-for-stm32.13.3.rel1.win32_1.0.0.202411081344/tools/bin/../lib/gcc/arm-none-eabi/13.3.1/../../../../arm-none-eabi/lib/thumb/v7e-m+dp/hard\libc_nano.a(libc_a-memcpy-stub.o)
 .ARM.attributes
                0x00000749       0x20 C:/ST/STM32CubeIDE_1.17.0/STM32CubeIDE/plugins/com.st.stm32cube.ide.mcu.externaltools.gnu-tools-for-stm32.13.3.rel1.win32_1.0.0.202411081344/tools/bin/../lib/gcc/arm-none-eabi/13.3.1/thumb/v7e-m+dp/hard/crtn.o
OUTPUT(thesis.elf elf32-littlearm)
LOAD linker stubs
LOAD C:/ST/STM32CubeIDE_1.17.0/STM32CubeIDE/plugins/com.st.stm32cube.ide.mcu.externaltools.gnu-tools-for-stm32.13.3.rel1.win32_1.0.0.202411081344/tools/bin/../lib/gcc/arm-none-eabi/13.3.1/../../../../arm-none-eabi/lib/thumb/v7e-m+dp/hard\libc.a
LOAD C:/ST/STM32CubeIDE_1.17.0/STM32CubeIDE/plugins/com.st.stm32cube.ide.mcu.externaltools.gnu-tools-for-stm32.13.3.rel1.win32_1.0.0.202411081344/tools/bin/../lib/gcc/arm-none-eabi/13.3.1/../../../../arm-none-eabi/lib/thumb/v7e-m+dp/hard\libm.a
LOAD C:/ST/STM32CubeIDE_1.17.0/STM32CubeIDE/plugins/com.st.stm32cube.ide.mcu.externaltools.gnu-tools-for-stm32.13.3.rel1.win32_1.0.0.202411081344/tools/bin/../lib/gcc/arm-none-eabi/13.3.1/thumb/v7e-m+dp/hard\libgcc.a

.debug_info     0x00000000    0x229d5
 .debug_info    0x00000000      0xf97 ./Core/Src/comms.o
 .debug_info    0x00000f97     0x2828 ./Core/Src/main.o
 .debug_info    0x000037bf      0x915 ./Core/Src/ov7670.o
 .debug_info    0x000040d4      0x5c0 ./Core/Src/routines.o
 .debug_info    0x00004694     0x2164 ./Core/Src/stm32h7xx_hal_msp.o
 .debug_info    0x000067f8     0x1083 ./Core/Src/stm32h7xx_it.o
 .debug_info    0x0000787b      0xd33 ./Core/Src/system_stm32h7xx.o
 .debug_info    0x000085ae       0x30 ./Core/Startup/startup_stm32h7a3vitx.o
 .debug_info    0x000085de     0x13f1 ./Drivers/STM32H7xx_HAL_Driver/Src/stm32h7xx_hal.o
 .debug_info    0x000099cf     0x1ca7 ./Drivers/STM32H7xx_HAL_Driver/Src/stm32h7xx_hal_adc.o
 .debug_info    0x0000b676     0x1dd4 ./Drivers/STM32H7xx_HAL_Driver/Src/stm32h7xx_hal_adc_ex.o
 .debug_info    0x0000d44a     0x1093 ./Drivers/STM32H7xx_HAL_Driver/Src/stm32h7xx_hal_cortex.o
 .debug_info    0x0000e4dd      0xc27 ./Drivers/STM32H7xx_HAL_Driver/Src/stm32h7xx_hal_dcmi.o
 .debug_info    0x0000f104      0xb71 ./Drivers/STM32H7xx_HAL_Driver/Src/stm32h7xx_hal_dma.o
 .debug_info    0x0000fc75      0x831 ./Drivers/STM32H7xx_HAL_Driver/Src/stm32h7xx_hal_dma_ex.o
 .debug_info    0x000104a6      0xb3a ./Drivers/STM32H7xx_HAL_Driver/Src/stm32h7xx_hal_gpio.o
 .debug_info    0x00010fe0     0x22c9 ./Drivers/STM32H7xx_HAL_Driver/Src/stm32h7xx_hal_i2c.o
 .debug_info    0x000132a9      0xc64 ./Drivers/STM32H7xx_HAL_Driver/Src/stm32h7xx_hal_i2c_ex.o
 .debug_info    0x00013f0d     0x1561 ./Drivers/STM32H7xx_HAL_Driver/Src/stm32h7xx_hal_pcd.o
 .debug_info    0x0001546e      0x8b3 ./Drivers/STM32H7xx_HAL_Driver/Src/stm32h7xx_hal_pcd_ex.o
 .debug_info    0x00015d21      0xf01 ./Drivers/STM32H7xx_HAL_Driver/Src/stm32h7xx_hal_pwr_ex.o
 .debug_info    0x00016c22      0xeb0 ./Drivers/STM32H7xx_HAL_Driver/Src/stm32h7xx_hal_rcc.o
 .debug_info    0x00017ad2     0x120c ./Drivers/STM32H7xx_HAL_Driver/Src/stm32h7xx_hal_rcc_ex.o
 .debug_info    0x00018cde     0x144a ./Drivers/STM32H7xx_HAL_Driver/Src/stm32h7xx_hal_spi.o
 .debug_info    0x0001a128     0x1a1e ./Drivers/STM32H7xx_HAL_Driver/Src/stm32h7xx_ll_usb.o
 .debug_info    0x0001bb46     0x133d ./Middlewares/ST/STM32_USB_Device_Library/Class/CDC/Src/usbd_cdc.o
 .debug_info    0x0001ce83      0xe20 ./Middlewares/ST/STM32_USB_Device_Library/Core/Src/usbd_core.o
 .debug_info    0x0001dca3      0xaf9 ./Middlewares/ST/STM32_USB_Device_Library/Core/Src/usbd_ctlreq.o
 .debug_info    0x0001e79c      0x770 ./Middlewares/ST/STM32_USB_Device_Library/Core/Src/usbd_ioreq.o
 .debug_info    0x0001ef0c      0x725 ./USB_DEVICE/App/usb_device.o
 .debug_info    0x0001f631      0x95b ./USB_DEVICE/App/usbd_cdc_if.o
 .debug_info    0x0001ff8c      0x4c5 ./USB_DEVICE/App/usbd_desc.o
 .debug_info    0x00020451     0x2584 ./USB_DEVICE/Target/usbd_conf.o

.debug_abbrev   0x00000000     0x4c81
 .debug_abbrev  0x00000000      0x217 ./Core/Src/comms.o
 .debug_abbrev  0x00000217      0x36c ./Core/Src/main.o
 .debug_abbrev  0x00000583      0x1ba ./Core/Src/ov7670.o
 .debug_abbrev  0x0000073d      0x176 ./Core/Src/routines.o
 .debug_abbrev  0x000008b3      0x27e ./Core/Src/stm32h7xx_hal_msp.o
 .debug_abbrev  0x00000b31      0x1f4 ./Core/Src/stm32h7xx_it.o
 .debug_abbrev  0x00000d25      0x165 ./Core/Src/system_stm32h7xx.o
 .debug_abbrev  0x00000e8a       0x24 ./Core/Startup/startup_stm32h7a3vitx.o
 .debug_abbrev  0x00000eae      0x291 ./Drivers/STM32H7xx_HAL_Driver/Src/stm32h7xx_hal.o
 .debug_abbrev  0x0000113f      0x2d1 ./Drivers/STM32H7xx_HAL_Driver/Src/stm32h7xx_hal_adc.o
 .debug_abbrev  0x00001410      0x31a ./Drivers/STM32H7xx_HAL_Driver/Src/stm32h7xx_hal_adc_ex.o
 .debug_abbrev  0x0000172a      0x339 ./Drivers/STM32H7xx_HAL_Driver/Src/stm32h7xx_hal_cortex.o
 .debug_abbrev  0x00001a63      0x24a ./Drivers/STM32H7xx_HAL_Driver/Src/stm32h7xx_hal_dcmi.o
 .debug_abbrev  0x00001cad      0x248 ./Drivers/STM32H7xx_HAL_Driver/Src/stm32h7xx_hal_dma.o
 .debug_abbrev  0x00001ef5      0x1cc ./Drivers/STM32H7xx_HAL_Driver/Src/stm32h7xx_hal_dma_ex.o
 .debug_abbrev  0x000020c1      0x201 ./Drivers/STM32H7xx_HAL_Driver/Src/stm32h7xx_hal_gpio.o
 .debug_abbrev  0x000022c2      0x25d ./Drivers/STM32H7xx_HAL_Driver/Src/stm32h7xx_hal_i2c.o
 .debug_abbrev  0x0000251f      0x1f1 ./Drivers/STM32H7xx_HAL_Driver/Src/stm32h7xx_hal_i2c_ex.o
 .debug_abbrev  0x00002710      0x2dc ./Drivers/STM32H7xx_HAL_Driver/Src/stm32h7xx_hal_pcd.o
 .debug_abbrev  0x000029ec      0x256 ./Drivers/STM32H7xx_HAL_Driver/Src/stm32h7xx_hal_pcd_ex.o
 .debug_abbrev  0x00002c42      0x297 ./Drivers/STM32H7xx_HAL_Driver/Src/stm32h7xx_hal_pwr_ex.o
 .debug_abbrev  0x00002ed9      0x2c5 ./Drivers/STM32H7xx_HAL_Driver/Src/stm32h7xx_hal_rcc.o
 .debug_abbrev  0x0000319e      0x27a ./Drivers/STM32H7xx_HAL_Driver/Src/stm32h7xx_hal_rcc_ex.o
 .debug_abbrev  0x00003418      0x2b1 ./Drivers/STM32H7xx_HAL_Driver/Src/stm32h7xx_hal_spi.o
 .debug_abbrev  0x000036c9      0x2b3 ./Drivers/STM32H7xx_HAL_Driver/Src/stm32h7xx_ll_usb.o
 .debug_abbrev  0x0000397c      0x2d2 ./Middlewares/ST/STM32_USB_Device_Library/Class/CDC/Src/usbd_cdc.o
 .debug_abbrev  0x00003c4e      0x27c ./Middlewares/ST/STM32_USB_Device_Library/Core/Src/usbd_core.o
 .debug_abbrev  0x00003eca      0x26f ./Middlewares/ST/STM32_USB_Device_Library/Core/Src/usbd_ctlreq.o
 .debug_abbrev  0x00004139      0x19a ./Middlewares/ST/STM32_USB_Device_Library/Core/Src/usbd_ioreq.o
 .debug_abbrev  0x000042d3      0x1a8 ./USB_DEVICE/App/usb_device.o
 .debug_abbrev  0x0000447b      0x2b1 ./USB_DEVICE/App/usbd_cdc_if.o
 .debug_abbrev  0x0000472c      0x1f5 ./USB_DEVICE/App/usbd_desc.o
 .debug_abbrev  0x00004921      0x360 ./USB_DEVICE/Target/usbd_conf.o

.debug_aranges  0x00000000     0x1a98
 .debug_aranges
                0x00000000       0x68 ./Core/Src/comms.o
 .debug_aranges
                0x00000068       0x80 ./Core/Src/main.o
 .debug_aranges
                0x000000e8       0x30 ./Core/Src/ov7670.o
 .debug_aranges
                0x00000118       0x38 ./Core/Src/routines.o
 .debug_aranges
                0x00000150       0x60 ./Core/Src/stm32h7xx_hal_msp.o
 .debug_aranges
                0x000001b0       0xa0 ./Core/Src/stm32h7xx_it.o
 .debug_aranges
                0x00000250       0x30 ./Core/Src/system_stm32h7xx.o
 .debug_aranges
                0x00000280       0x28 ./Core/Startup/startup_stm32h7a3vitx.o
 .debug_aranges
                0x000002a8      0x1a0 ./Drivers/STM32H7xx_HAL_Driver/Src/stm32h7xx_hal.o
 .debug_aranges
                0x00000448      0x230 ./Drivers/STM32H7xx_HAL_Driver/Src/stm32h7xx_hal_adc.o
 .debug_aranges
                0x00000678      0x1e0 ./Drivers/STM32H7xx_HAL_Driver/Src/stm32h7xx_hal_adc_ex.o
 .debug_aranges
                0x00000858      0x130 ./Drivers/STM32H7xx_HAL_Driver/Src/stm32h7xx_hal_cortex.o
 .debug_aranges
                0x00000988       0xc0 ./Drivers/STM32H7xx_HAL_Driver/Src/stm32h7xx_hal_dcmi.o
 .debug_aranges
                0x00000a48       0xa0 ./Drivers/STM32H7xx_HAL_Driver/Src/stm32h7xx_hal_dma.o
 .debug_aranges
                0x00000ae8       0x60 ./Drivers/STM32H7xx_HAL_Driver/Src/stm32h7xx_hal_dma_ex.o
 .debug_aranges
                0x00000b48       0x58 ./Drivers/STM32H7xx_HAL_Driver/Src/stm32h7xx_hal_gpio.o
 .debug_aranges
                0x00000ba0      0x2a0 ./Drivers/STM32H7xx_HAL_Driver/Src/stm32h7xx_hal_i2c.o
 .debug_aranges
                0x00000e40       0x48 ./Drivers/STM32H7xx_HAL_Driver/Src/stm32h7xx_hal_i2c_ex.o
 .debug_aranges
                0x00000e88      0x140 ./Drivers/STM32H7xx_HAL_Driver/Src/stm32h7xx_hal_pcd.o
 .debug_aranges
                0x00000fc8       0x60 ./Drivers/STM32H7xx_HAL_Driver/Src/stm32h7xx_hal_pcd_ex.o
 .debug_aranges
                0x00001028      0x188 ./Drivers/STM32H7xx_HAL_Driver/Src/stm32h7xx_hal_pwr_ex.o
 .debug_aranges
                0x000011b0       0x88 ./Drivers/STM32H7xx_HAL_Driver/Src/stm32h7xx_hal_rcc.o
 .debug_aranges
                0x00001238       0xf0 ./Drivers/STM32H7xx_HAL_Driver/Src/stm32h7xx_hal_rcc_ex.o
 .debug_aranges
                0x00001328      0x1a8 ./Drivers/STM32H7xx_HAL_Driver/Src/stm32h7xx_hal_spi.o
 .debug_aranges
                0x000014d0      0x1a0 ./Drivers/STM32H7xx_HAL_Driver/Src/stm32h7xx_ll_usb.o
 .debug_aranges
                0x00001670       0x90 ./Middlewares/ST/STM32_USB_Device_Library/Class/CDC/Src/usbd_cdc.o
 .debug_aranges
                0x00001700       0xd8 ./Middlewares/ST/STM32_USB_Device_Library/Core/Src/usbd_core.o
 .debug_aranges
                0x000017d8       0x90 ./Middlewares/ST/STM32_USB_Device_Library/Core/Src/usbd_ctlreq.o
 .debug_aranges
                0x00001868       0x50 ./Middlewares/ST/STM32_USB_Device_Library/Core/Src/usbd_ioreq.o
 .debug_aranges
                0x000018b8       0x20 ./USB_DEVICE/App/usb_device.o
 .debug_aranges
                0x000018d8       0x48 ./USB_DEVICE/App/usbd_cdc_if.o
 .debug_aranges
                0x00001920       0x68 ./USB_DEVICE/App/usbd_desc.o
 .debug_aranges
                0x00001988      0x110 ./USB_DEVICE/Target/usbd_conf.o

.debug_rnglists
                0x00000000     0x1438
 .debug_rnglists
                0x00000000       0x4b ./Core/Src/comms.o
 .debug_rnglists
                0x0000004b       0x62 ./Core/Src/main.o
 .debug_rnglists
                0x000000ad       0x20 ./Core/Src/ov7670.o
 .debug_rnglists
                0x000000cd       0x27 ./Core/Src/routines.o
 .debug_rnglists
                0x000000f4       0x48 ./Core/Src/stm32h7xx_hal_msp.o
 .debug_rnglists
                0x0000013c       0x73 ./Core/Src/stm32h7xx_it.o
 .debug_rnglists
                0x000001af       0x21 ./Core/Src/system_stm32h7xx.o
 .debug_rnglists
                0x000001d0       0x19 ./Core/Startup/startup_stm32h7a3vitx.o
 .debug_rnglists
                0x000001e9      0x137 ./Drivers/STM32H7xx_HAL_Driver/Src/stm32h7xx_hal.o
 .debug_rnglists
                0x00000320      0x1af ./Drivers/STM32H7xx_HAL_Driver/Src/stm32h7xx_hal_adc.o
 .debug_rnglists
                0x000004cf      0x175 ./Drivers/STM32H7xx_HAL_Driver/Src/stm32h7xx_hal_adc_ex.o
 .debug_rnglists
                0x00000644       0xe0 ./Drivers/STM32H7xx_HAL_Driver/Src/stm32h7xx_hal_cortex.o
 .debug_rnglists
                0x00000724       0x91 ./Drivers/STM32H7xx_HAL_Driver/Src/stm32h7xx_hal_dcmi.o
 .debug_rnglists
                0x000007b5       0x82 ./Drivers/STM32H7xx_HAL_Driver/Src/stm32h7xx_hal_dma.o
 .debug_rnglists
                0x00000837       0x4a ./Drivers/STM32H7xx_HAL_Driver/Src/stm32h7xx_hal_dma_ex.o
 .debug_rnglists
                0x00000881       0x3f ./Drivers/STM32H7xx_HAL_Driver/Src/stm32h7xx_hal_gpio.o
 .debug_rnglists
                0x000008c0      0x22a ./Drivers/STM32H7xx_HAL_Driver/Src/stm32h7xx_hal_i2c.o
 .debug_rnglists
                0x00000aea       0x35 ./Drivers/STM32H7xx_HAL_Driver/Src/stm32h7xx_hal_i2c_ex.o
 .debug_rnglists
                0x00000b1f       0xf4 ./Drivers/STM32H7xx_HAL_Driver/Src/stm32h7xx_hal_pcd.o
 .debug_rnglists
                0x00000c13       0x45 ./Drivers/STM32H7xx_HAL_Driver/Src/stm32h7xx_hal_pcd_ex.o
 .debug_rnglists
                0x00000c58      0x126 ./Drivers/STM32H7xx_HAL_Driver/Src/stm32h7xx_hal_pwr_ex.o
 .debug_rnglists
                0x00000d7e       0x68 ./Drivers/STM32H7xx_HAL_Driver/Src/stm32h7xx_hal_rcc.o
 .debug_rnglists
                0x00000de6       0xba ./Drivers/STM32H7xx_HAL_Driver/Src/stm32h7xx_hal_rcc_ex.o
 .debug_rnglists
                0x00000ea0      0x148 ./Drivers/STM32H7xx_HAL_Driver/Src/stm32h7xx_hal_spi.o
 .debug_rnglists